hmi.c:215:13:handler_oled	24	static
hmi.c:265:13:handler_btn	24	static
hmi.c:290:13:handler_uart	40	static
hmi.c:350:13:OLED_GUI_START	8	static
hmi.c:371:13:OLED_GUI_MAIN	4	static
hmi.c:382:13:OLED_GUI_MONITORING	4	static
hmi.c:393:13:OLED_GUI_STATUS	4	static
hmi.c:404:13:OLED_GUI_DATA	4	static
hmi.c:421:13:id_parser_app_phase	16	static
hmi.c:450:13:id_parser_app_window	16	static
hmi.c:472:13:id_parser_app_aeroc	16	static
hmi.c:483:13:id_parser_sens_imu_ax	16	static
hmi.c:493:13:id_parser_sens_imu_ay	16	static
hmi.c:503:13:id_parser_sens_imu_az	16	static
hmi.c:513:13:id_parser_sens_imu_gx	16	static
hmi.c:523:13:id_parser_sens_imu_gy	16	static
hmi.c:533:13:id_parser_sens_imu_gz	16	static
hmi.c:543:13:id_parser_sens_imu_temp	16	static
hmi.c:553:13:id_parser_sens_baro_press	16	static
hmi.c:563:13:id_parser_sens_baro_temp	16	static
hmi.c:573:13:id_parser_mntr_bat_seq	16	static
hmi.c:595:13:id_parser_mntr_bat_motor1	16	static
hmi.c:617:13:id_parser_mntr_bat_motor2	16	static
hmi.c:639:13:id_parser_recov_last_cmd	16	static
hmi.c:671:13:id_parser_recov_status	16	static
hmi.c:708:13:id_parser_payload_last_cmd	16	static
hmi.c:740:13:id_parser_payload_status	16	static
hmi.c:779:6:API_HMI_START	32	static,ignoring_inline_asm
hmi.c:810:6:API_HMI_BTN_CALLBACK	16	static
hmi.c:820:6:API_HMI_UART_CALLBACK	16	static
