hmi.c:138:13:handler_oled	24	static
hmi.c:160:13:OLED_GUI_BTN_UP	4	static
hmi.c:169:13:OLED_GUI_BTN_DOWN	4	static
hmi.c:178:13:OLED_GUI_BTN_OK	4	static
hmi.c:200:13:OLED_GUI_BTN_RETURN	4	static
hmi.c:211:13:OLED_GUI_START	8	static
hmi.c:240:13:OLED_GUI_MAIN	8	static
hmi.c:299:13:OLED_GUI_MONITORING	8	static
hmi.c:328:13:OLED_GUI_STATUS	8	static
hmi.c:365:13:OLED_GUI_DATA	8	static
hmi.c:383:13:OLED_GUI_SLEEP	8	static
hmi.c:405:13:OLED_GUI_RESET	8	static
hmi.c:423:6:API_HMI_START	24	static,ignoring_inline_asm
hmi.c:449:6:API_HMI_CALLBACK	16	static
