hmi.c:188:13:handler_oled	24	static
hmi.c:238:13:handler_btn	24	static
hmi.c:263:13:handler_uart	40	static
hmi.c:325:13:OLED_GUI_START	8	static
hmi.c:346:13:OLED_GUI_MAIN	4	static
hmi.c:357:13:OLED_GUI_MONITORING	4	static
hmi.c:368:13:OLED_GUI_STATUS	4	static
hmi.c:379:13:OLED_GUI_DATA	4	static
hmi.c:396:13:id_parser_app_phase	16	static
hmi.c:424:13:id_parser_app_window	16	static
hmi.c:446:13:id_parser_app_aeroc	16	static
hmi.c:457:13:id_parser_sens_imu_ax	16	static
hmi.c:467:13:id_parser_sens_imu_ay	16	static
hmi.c:477:13:id_parser_sens_imu_az	16	static
hmi.c:487:13:id_parser_sens_imu_gx	16	static
hmi.c:497:13:id_parser_sens_imu_gy	16	static
hmi.c:507:13:id_parser_sens_imu_gz	16	static
hmi.c:517:13:id_parser_sens_imu_temp	16	static
hmi.c:527:13:id_parser_sens_imu_error	16	static
hmi.c:537:13:id_parser_sens_baro_press	16	static
hmi.c:547:13:id_parser_sens_baro_temp	16	static
hmi.c:557:13:id_parser_sens_baro_error	16	static
hmi.c:567:13:id_parser_mntr_bat_seq	16	static
hmi.c:589:13:id_parser_mntr_bat_motor1	16	static
hmi.c:611:13:id_parser_mntr_bat_motor2	16	static
hmi.c:633:13:id_parser_recov_last_cmd	16	static
hmi.c:643:13:id_parser_recov_status	16	static
hmi.c:653:13:id_parser_payload_last_cmd	16	static
hmi.c:663:13:id_parser_payload_status	16	static
hmi.c:675:6:API_HMI_START	32	static,ignoring_inline_asm
hmi.c:706:6:API_HMI_BTN_CALLBACK	16	static
hmi.c:716:6:API_HMI_UART_CALLBACK	16	static
