hmi.c:138:13:handler_oled	24	static
hmi.c:160:13:OLED_GUI_BTN_UP	4	static
hmi.c:170:13:OLED_GUI_BTN_DOWN	4	static
hmi.c:180:13:OLED_GUI_BTN_OK	4	static
hmi.c:205:13:OLED_GUI_BTN_RETURN	4	static
hmi.c:216:13:OLED_GUI_START	8	static
hmi.c:245:13:OLED_GUI_MAIN	8	static
hmi.c:302:13:OLED_GUI_MONITORING	8	static
hmi.c:331:13:OLED_GUI_STATUS	8	static
hmi.c:368:13:OLED_GUI_DATA	8	static
hmi.c:386:13:OLED_GUI_SLEEP	8	static
hmi.c:408:13:OLED_GUI_RESET	8	static
hmi.c:426:6:API_HMI_START	24	static,ignoring_inline_asm
hmi.c:454:6:API_HMI_CALLBACK	16	static
