oled_driver.c:23:6:Set_Color	16	static
oled_driver.c:30:6:Set_FillColor	16	static
oled_driver.c:37:6:Write_Command	16	static
oled_driver.c:75:6:Write_Data	16	static
oled_driver.c:112:6:Write_Data_ptr	16	static
oled_driver.c:152:6:RAM_Address	8	static
oled_driver.c:164:6:Clear_Screen	24	static
oled_driver.c:179:6:Fill_Color	24	static
oled_driver.c:193:6:Set_Coordinate	16	static
oled_driver.c:207:6:Set_Address	16	static
oled_driver.c:218:6:Write_text	24	static
oled_driver.c:233:7:Invert	16	static
oled_driver.c:241:6:Draw_Pixel	16	static
oled_driver.c:255:6:Device_Init	8	static
oled_driver.c:343:6:Draw_FastHLine	24	static
oled_driver.c:371:6:Draw_FastVLine	24	static
oled_driver.c:396:6:Display_Interface	16	static
oled_driver.c:431:6:Display_bmp	16	static
