oled_driver.c:10:6:Set_Color	16	static
oled_driver.c:17:6:Set_FillColor	16	static
oled_driver.c:24:6:Write_Command	16	static
oled_driver.c:62:6:Write_Data	16	static
oled_driver.c:99:6:Write_Data_ptr	16	static
oled_driver.c:139:6:RAM_Address	8	static
oled_driver.c:151:6:Clear_Screen	24	static
oled_driver.c:166:6:Fill_Color	24	static
oled_driver.c:180:6:Set_Coordinate	16	static
oled_driver.c:194:6:Set_Address	16	static
oled_driver.c:205:6:Write_text	24	static
oled_driver.c:220:7:Invert	16	static
oled_driver.c:228:6:Draw_Pixel	16	static
oled_driver.c:242:6:Device_Init	8	static
oled_driver.c:330:6:Draw_FastHLine	24	static
oled_driver.c:358:6:Draw_FastVLine	24	static
oled_driver.c:383:6:Display_Interface	16	static
oled_driver.c:418:6:Display_bmp	16	static
