ssd1351.c:6:13:SSD1351_Select	8	static
ssd1351.c:10:6:SSD1351_Unselect	8	static
ssd1351.c:14:13:SSD1351_Reset	8	static
ssd1351.c:23:13:SSD1351_WriteCommand	16	static
ssd1351.c:28:13:SSD1351_WriteData	24	static
ssd1351.c:40:13:SSD1351_SetAddressWindow	32	static
ssd1351.c:59:6:SSD1351_Init	72	static
ssd1351.c:154:6:SSD1351_DrawPixel	24	static
ssd1351.c:167:13:SSD1351_WriteChar	48	static
ssd1351.c:186:6:SSD1351_WriteString	32	static
ssd1351.c:212:6:SSD1351_FillRectangle	32	static
ssd1351.c:232:6:SSD1351_FillScreen	24	static
ssd1351.c:236:6:SSD1351_DrawImage	24	static
ssd1351.c:247:6:SSD1351_InvertColors	16	static
