uart_parser.c:54:6:handler_uart	48	static
uart_parser.c:76:6:TF_WriteImpl	24	static
uart_parser.c:85:6:uart_init	24	static,ignoring_inline_asm
uart_parser.c:122:6:uart_parser_callback	16	static
uart_parser.c:132:18:id_parser_app_phase	16	static
uart_parser.c:162:18:id_parser_app_window	16	static
uart_parser.c:186:18:id_parser_app_aeroc	16	static
uart_parser.c:198:18:id_parser_sens_imu_ax	16	static
uart_parser.c:209:18:id_parser_sens_imu_ay	16	static
uart_parser.c:220:18:id_parser_sens_imu_az	16	static
uart_parser.c:231:18:id_parser_sens_imu_gx	16	static
uart_parser.c:242:18:id_parser_sens_imu_gy	16	static
uart_parser.c:253:18:id_parser_sens_imu_gz	16	static
uart_parser.c:264:18:id_parser_sens_imu_temp	16	static
uart_parser.c:275:18:id_parser_sens_imu_error	16	static
uart_parser.c:286:18:id_parser_sens_baro_press	16	static
uart_parser.c:297:18:id_parser_sens_baro_temp	16	static
uart_parser.c:308:18:id_parser_sens_baro_error	16	static
uart_parser.c:319:18:id_parser_mntr_bat_seq	16	static
uart_parser.c:343:18:id_parser_mntr_bat_motor1	16	static
uart_parser.c:367:18:id_parser_mntr_bat_motor2	16	static
uart_parser.c:391:18:id_parser_recov_last_cmd	16	static
uart_parser.c:402:18:id_parser_recov_status	16	static
uart_parser.c:413:18:id_parser_payload_last_cmd	16	static
uart_parser.c:424:18:id_parser_payload_status	16	static
uart_parser.c:435:6:uart_storage_attach	16	static
