uart_parser.c:54:6:handler_uart	48	static
uart_parser.c:76:6:TF_WriteImpl	24	static
uart_parser.c:85:6:uart_init	24	static,ignoring_inline_asm
uart_parser.c:124:6:uart_parser_callback	16	static
uart_parser.c:134:11:id_parser_app_phase	16	static
uart_parser.c:164:18:id_parser_app_window	16	static
uart_parser.c:188:18:id_parser_app_aeroc	16	static
uart_parser.c:200:18:id_parser_sens_imu_ax	16	static
uart_parser.c:211:18:id_parser_sens_imu_ay	16	static
uart_parser.c:222:18:id_parser_sens_imu_az	16	static
uart_parser.c:233:18:id_parser_sens_imu_gx	16	static
uart_parser.c:244:18:id_parser_sens_imu_gy	16	static
uart_parser.c:255:18:id_parser_sens_imu_gz	16	static
uart_parser.c:266:18:id_parser_sens_imu_temp	16	static
uart_parser.c:277:18:id_parser_sens_imu_error	16	static
uart_parser.c:288:18:id_parser_sens_baro_press	16	static
uart_parser.c:299:18:id_parser_sens_baro_temp	16	static
uart_parser.c:310:18:id_parser_sens_baro_error	16	static
uart_parser.c:321:18:id_parser_mntr_bat_seq	16	static
uart_parser.c:345:18:id_parser_mntr_bat_motor1	16	static
uart_parser.c:369:18:id_parser_mntr_bat_motor2	16	static
uart_parser.c:393:18:id_parser_recov_last_cmd	16	static
uart_parser.c:404:18:id_parser_recov_status	16	static
uart_parser.c:415:18:id_parser_payload_last_cmd	16	static
uart_parser.c:426:18:id_parser_payload_status	16	static
uart_parser.c:437:24:uart_storage_attach	4	static
