uart_parser.c:54:6:handler_uart	40	static
uart_parser.c:120:6:uart_init	32	static,ignoring_inline_asm
uart_parser.c:136:6:uart_parser_callback	16	static
uart_parser.c:147:13:id_parser_app_phase	16	static
uart_parser.c:175:13:id_parser_app_window	16	static
uart_parser.c:197:13:id_parser_app_aeroc	16	static
uart_parser.c:208:13:id_parser_sens_imu_ax	16	static
uart_parser.c:218:13:id_parser_sens_imu_ay	16	static
uart_parser.c:228:13:id_parser_sens_imu_az	16	static
uart_parser.c:238:13:id_parser_sens_imu_gx	16	static
uart_parser.c:248:13:id_parser_sens_imu_gy	16	static
uart_parser.c:258:13:id_parser_sens_imu_gz	16	static
uart_parser.c:268:13:id_parser_sens_imu_temp	16	static
uart_parser.c:278:13:id_parser_sens_imu_error	16	static
uart_parser.c:288:13:id_parser_sens_baro_press	16	static
uart_parser.c:298:13:id_parser_sens_baro_temp	16	static
uart_parser.c:308:13:id_parser_sens_baro_error	16	static
uart_parser.c:318:13:id_parser_mntr_bat_seq	16	static
uart_parser.c:340:13:id_parser_mntr_bat_motor1	16	static
uart_parser.c:362:13:id_parser_mntr_bat_motor2	16	static
uart_parser.c:384:13:id_parser_recov_last_cmd	16	static
uart_parser.c:394:13:id_parser_recov_status	16	static
uart_parser.c:404:13:id_parser_payload_last_cmd	16	static
uart_parser.c:414:13:id_parser_payload_status	16	static
uart_parser.c:419:24:uart_storage_attach	4	static
