Archive member included to satisfy reference by file (symbol)

c:/st/stm32cubeide_1.8.0/stm32cubeide/plugins/com.st.stm32cube.ide.mcu.externaltools.gnu-tools-for-stm32.9-2020-q2-update.win32_2.0.0.202105311346/tools/bin/../lib/gcc/arm-none-eabi/9.3.1/../../../../arm-none-eabi/lib/thumb/v7e-m+fp/hard\libc_nano.a(lib_a-errno.o)
                              ./Core/Src/syscalls.o (__errno)
c:/st/stm32cubeide_1.8.0/stm32cubeide/plugins/com.st.stm32cube.ide.mcu.externaltools.gnu-tools-for-stm32.9-2020-q2-update.win32_2.0.0.202105311346/tools/bin/../lib/gcc/arm-none-eabi/9.3.1/../../../../arm-none-eabi/lib/thumb/v7e-m+fp/hard\libc_nano.a(lib_a-exit.o)
                              c:/st/stm32cubeide_1.8.0/stm32cubeide/plugins/com.st.stm32cube.ide.mcu.externaltools.gnu-tools-for-stm32.9-2020-q2-update.win32_2.0.0.202105311346/tools/bin/../lib/gcc/arm-none-eabi/9.3.1/../../../../arm-none-eabi/lib/thumb/v7e-m+fp/hard/crt0.o (exit)
c:/st/stm32cubeide_1.8.0/stm32cubeide/plugins/com.st.stm32cube.ide.mcu.externaltools.gnu-tools-for-stm32.9-2020-q2-update.win32_2.0.0.202105311346/tools/bin/../lib/gcc/arm-none-eabi/9.3.1/../../../../arm-none-eabi/lib/thumb/v7e-m+fp/hard\libc_nano.a(lib_a-impure.o)
                              c:/st/stm32cubeide_1.8.0/stm32cubeide/plugins/com.st.stm32cube.ide.mcu.externaltools.gnu-tools-for-stm32.9-2020-q2-update.win32_2.0.0.202105311346/tools/bin/../lib/gcc/arm-none-eabi/9.3.1/../../../../arm-none-eabi/lib/thumb/v7e-m+fp/hard\libc_nano.a(lib_a-exit.o) (_global_impure_ptr)
c:/st/stm32cubeide_1.8.0/stm32cubeide/plugins/com.st.stm32cube.ide.mcu.externaltools.gnu-tools-for-stm32.9-2020-q2-update.win32_2.0.0.202105311346/tools/bin/../lib/gcc/arm-none-eabi/9.3.1/../../../../arm-none-eabi/lib/thumb/v7e-m+fp/hard\libc_nano.a(lib_a-init.o)
                              c:/st/stm32cubeide_1.8.0/stm32cubeide/plugins/com.st.stm32cube.ide.mcu.externaltools.gnu-tools-for-stm32.9-2020-q2-update.win32_2.0.0.202105311346/tools/bin/../lib/gcc/arm-none-eabi/9.3.1/../../../../arm-none-eabi/lib/thumb/v7e-m+fp/hard/crt0.o (__libc_init_array)
c:/st/stm32cubeide_1.8.0/stm32cubeide/plugins/com.st.stm32cube.ide.mcu.externaltools.gnu-tools-for-stm32.9-2020-q2-update.win32_2.0.0.202105311346/tools/bin/../lib/gcc/arm-none-eabi/9.3.1/../../../../arm-none-eabi/lib/thumb/v7e-m+fp/hard\libc_nano.a(lib_a-malloc.o)
                              ./Components/Utils/TinyFrame.o (malloc)
c:/st/stm32cubeide_1.8.0/stm32cubeide/plugins/com.st.stm32cube.ide.mcu.externaltools.gnu-tools-for-stm32.9-2020-q2-update.win32_2.0.0.202105311346/tools/bin/../lib/gcc/arm-none-eabi/9.3.1/../../../../arm-none-eabi/lib/thumb/v7e-m+fp/hard\libc_nano.a(lib_a-memcpy-stub.o)
                              ./Components/Utils/payload_builder.o (memcpy)
c:/st/stm32cubeide_1.8.0/stm32cubeide/plugins/com.st.stm32cube.ide.mcu.externaltools.gnu-tools-for-stm32.9-2020-q2-update.win32_2.0.0.202105311346/tools/bin/../lib/gcc/arm-none-eabi/9.3.1/../../../../arm-none-eabi/lib/thumb/v7e-m+fp/hard\libc_nano.a(lib_a-memset.o)
                              c:/st/stm32cubeide_1.8.0/stm32cubeide/plugins/com.st.stm32cube.ide.mcu.externaltools.gnu-tools-for-stm32.9-2020-q2-update.win32_2.0.0.202105311346/tools/bin/../lib/gcc/arm-none-eabi/9.3.1/../../../../arm-none-eabi/lib/thumb/v7e-m+fp/hard/crt0.o (memset)
c:/st/stm32cubeide_1.8.0/stm32cubeide/plugins/com.st.stm32cube.ide.mcu.externaltools.gnu-tools-for-stm32.9-2020-q2-update.win32_2.0.0.202105311346/tools/bin/../lib/gcc/arm-none-eabi/9.3.1/../../../../arm-none-eabi/lib/thumb/v7e-m+fp/hard\libc_nano.a(lib_a-nano-freer.o)
                              c:/st/stm32cubeide_1.8.0/stm32cubeide/plugins/com.st.stm32cube.ide.mcu.externaltools.gnu-tools-for-stm32.9-2020-q2-update.win32_2.0.0.202105311346/tools/bin/../lib/gcc/arm-none-eabi/9.3.1/../../../../arm-none-eabi/lib/thumb/v7e-m+fp/hard\libc_nano.a(lib_a-malloc.o) (_free_r)
c:/st/stm32cubeide_1.8.0/stm32cubeide/plugins/com.st.stm32cube.ide.mcu.externaltools.gnu-tools-for-stm32.9-2020-q2-update.win32_2.0.0.202105311346/tools/bin/../lib/gcc/arm-none-eabi/9.3.1/../../../../arm-none-eabi/lib/thumb/v7e-m+fp/hard\libc_nano.a(lib_a-nano-mallocr.o)
                              c:/st/stm32cubeide_1.8.0/stm32cubeide/plugins/com.st.stm32cube.ide.mcu.externaltools.gnu-tools-for-stm32.9-2020-q2-update.win32_2.0.0.202105311346/tools/bin/../lib/gcc/arm-none-eabi/9.3.1/../../../../arm-none-eabi/lib/thumb/v7e-m+fp/hard\libc_nano.a(lib_a-malloc.o) (_malloc_r)
c:/st/stm32cubeide_1.8.0/stm32cubeide/plugins/com.st.stm32cube.ide.mcu.externaltools.gnu-tools-for-stm32.9-2020-q2-update.win32_2.0.0.202105311346/tools/bin/../lib/gcc/arm-none-eabi/9.3.1/../../../../arm-none-eabi/lib/thumb/v7e-m+fp/hard\libc_nano.a(lib_a-printf.o)
                              ./Components/Utils/TinyFrame.o (printf)
[...]
Memory Configuration

Name             Origin             Length             Attributes
RAM              0x0000000020000000 0x0000000000020000 xrw
FLASH            0x0000000008000000 0x0000000000080000 xr
*default*        0x0000000000000000 0xffffffffffffffff

Linker script and memory map

LOAD c:/st/stm32cubeide_1.8.0/stm32cubeide/plugins/com.st.stm32cube.ide.mcu.externaltools.gnu-tools-for-stm32.9-2020-q2-update.win32_2.0.0.202105311346/tools/bin/../lib/gcc/arm-none-eabi/9.3.1/thumb/v7e-m+fp/hard/crti.o
LOAD c:/st/stm32cubeide_1.8.0/stm32cubeide/plugins/com.st.stm32cube.ide.mcu.externaltools.gnu-tools-for-stm32.9-2020-q2-update.win32_2.0.0.202105311346/tools/bin/../lib/gcc/arm-none-eabi/9.3.1/thumb/v7e-m+fp/hard/crtbegin.o
LOAD c:/st/stm32cubeide_1.8.0/stm32cubeide/plugins/com.st.stm32cube.ide.mcu.externaltools.gnu-tools-for-stm32.9-2020-q2-update.win32_2.0.0.202105311346/tools/bin/../lib/gcc/arm-none-eabi/9.3.1/../../../../arm-none-eabi/lib/thumb/v7e-m+fp/hard/crt0.o
LOAD ./Components/Drivers/oled_ascii.o
LOAD ./Components/Drivers/oled_driver.o
LOAD ./Components/Drivers/oled_gfx.o
LOAD ./Components/HMI/fonts.o
LOAD ./Components/HMI/hmi.o
LOAD ./Components/HMI/leds.o
LOAD ./Components/HMI/uart_parser.o
LOAD ./Components/Utils/TinyFrame.o
LOAD ./Components/Utils/payload_builder.o
LOAD ./Components/Utils/payload_parser.o
LOAD ./Components/Utils/utils.o
LOAD ./Core/Src/gpio.o
LOAD ./Core/Src/main.o
LOAD ./Core/Src/spi.o
LOAD ./Core/Src/stm32f4xx_hal_msp.o
LOAD ./Core/Src/stm32f4xx_hal_timebase_tim.o
LOAD ./Core/Src/stm32f4xx_it.o
LOAD ./Core/Src/syscalls.o
LOAD ./Core/Src/sysmem.o
LOAD ./Core/Src/system_stm32f4xx.o
LOAD ./Core/Src/usart.o
LOAD ./Core/Startup/startup_stm32f446retx.o
LOAD ./Drivers/STM32F4xx_HAL_Driver/Src/stm32f4xx_hal.o
LOAD ./Drivers/STM32F4xx_HAL_Driver/Src/stm32f4xx_hal_cortex.o
LOAD ./Drivers/STM32F4xx_HAL_Driver/Src/stm32f4xx_hal_dma.o
LOAD ./Drivers/STM32F4xx_HAL_Driver/Src/stm32f4xx_hal_dma_ex.o
LOAD ./Drivers/STM32F4xx_HAL_Driver/Src/stm32f4xx_hal_exti.o
LOAD ./Drivers/STM32F4xx_HAL_Driver/Src/stm32f4xx_hal_flash.o
LOAD ./Drivers/STM32F4xx_HAL_Driver/Src/stm32f4xx_hal_flash_ex.o
LOAD ./Drivers/STM32F4xx_HAL_Driver/Src/stm32f4xx_hal_flash_ramfunc.o
LOAD ./Drivers/STM32F4xx_HAL_Driver/Src/stm32f4xx_hal_gpio.o
LOAD ./Drivers/STM32F4xx_HAL_Driver/Src/stm32f4xx_hal_pwr.o
LOAD ./Drivers/STM32F4xx_HAL_Driver/Src/stm32f4xx_hal_pwr_ex.o
LOAD ./Drivers/STM32F4xx_HAL_Driver/Src/stm32f4xx_hal_rcc.o
LOAD ./Drivers/STM32F4xx_HAL_Driver/Src/stm32f4xx_hal_rcc_ex.o
LOAD ./Drivers/STM32F4xx_HAL_Driver/Src/stm32f4xx_hal_spi.o
LOAD ./Drivers/STM32F4xx_HAL_Driver/Src/stm32f4xx_hal_tim.o
LOAD ./Drivers/STM32F4xx_HAL_Driver/Src/stm32f4xx_hal_tim_ex.o
LOAD ./Drivers/STM32F4xx_HAL_Driver/Src/stm32f4xx_hal_uart.o
LOAD ./ThirdParty/FreeRTOS/croutine.o
LOAD ./ThirdParty/FreeRTOS/event_groups.o
LOAD ./ThirdParty/FreeRTOS/list.o
LOAD ./ThirdParty/FreeRTOS/queue.o
LOAD ./ThirdParty/FreeRTOS/stream_buffer.o
LOAD ./ThirdParty/FreeRTOS/tasks.o
LOAD ./ThirdParty/FreeRTOS/timers.o
LOAD ./ThirdParty/FreeRTOS/portable/GCC/ARM_CM4F/port.o
LOAD ./ThirdParty/FreeRTOS/portable/MemMang/heap_4.o
START GROUP
LOAD c:/st/stm32cubeide_1.8.0/stm32cubeide/plugins/com.st.stm32cube.ide.mcu.externaltools.gnu-tools-for-stm32.9-2020-q2-update.win32_2.0.0.202105311346/tools/bin/../lib/gcc/arm-none-eabi/9.3.1/../../../../arm-none-eabi/lib/thumb/v7e-m+fp/hard\libc_nano.a
LOAD c:/st/stm32cubeide_1.8.0/stm32cubeide/plugins/com.st.stm32cube.ide.mcu.externaltools.gnu-tools-for-stm32.9-2020-q2-update.win32_2.0.0.202105311346/tools/bin/../lib/gcc/arm-none-eabi/9.3.1/../../../../arm-none-eabi/lib/thumb/v7e-m+fp/hard\libm.a
END GROUP
START GROUP
LOAD c:/st/stm32cubeide_1.8.0/stm32cubeide/plugins/com.st.stm32cube.ide.mcu.externaltools.gnu-tools-for-stm32.9-2020-q2-update.win32_2.0.0.202105311346/tools/bin/../lib/gcc/arm-none-eabi/9.3.1/thumb/v7e-m+fp/hard\libgcc.a
LOAD c:/st/stm32cubeide_1.8.0/stm32cubeide/plugins/com.st.stm32cube.ide.mcu.externaltools.gnu-tools-for-stm32.9-2020-q2-update.win32_2.0.0.202105311346/tools/bin/../lib/gcc/arm-none-eabi/9.3.1/../../../../arm-none-eabi/lib/thumb/v7e-m+fp/hard\libc_nano.a
END GROUP
START GROUP
LOAD c:/st/stm32cubeide_1.8.0/stm32cubeide/plugins/com.st.stm32cube.ide.mcu.externaltools.gnu-tools-for-stm32.9-2020-q2-update.win32_2.0.0.202105311346/tools/bin/../lib/gcc/arm-none-eabi/9.3.1/thumb/v7e-m+fp/hard\libgcc.a
LOAD c:/st/stm32cubeide_1.8.0/stm32cubeide/plugins/com.st.stm32cube.ide.mcu.externaltools.gnu-tools-for-stm32.9-2020-q2-update.win32_2.0.0.202105311346/tools/bin/../lib/gcc/arm-none-eabi/9.3.1/../../../../arm-none-eabi/lib/thumb/v7e-m+fp/hard\libc_nano.a
LOAD c:/st/stm32cubeide_1.8.0/stm32cubeide/plugins/com.st.stm32cube.ide.mcu.externaltools.gnu-tools-for-stm32.9-2020-q2-update.win32_2.0.0.202105311346/tools/bin/../lib/gcc/arm-none-eabi/9.3.1/../../../../arm-none-eabi/lib/thumb/v7e-m+fp/hard\libnosys.a
END GROUP
START GROUP
LOAD c:/st/stm32cubeide_1.8.0/stm32cubeide/plugins/com.st.stm32cube.ide.mcu.externaltools.gnu-tools-for-stm32.9-2020-q2-update.win32_2.0.0.202105311346/tools/bin/../lib/gcc/arm-none-eabi/9.3.1/thumb/v7e-m+fp/hard\libgcc.a
LOAD c:/st/stm32cubeide_1.8.0/stm32cubeide/plugins/com.st.stm32cube.ide.mcu.externaltools.gnu-tools-for-stm32.9-2020-q2-update.win32_2.0.0.202105311346/tools/bin/../lib/gcc/arm-none-eabi/9.3.1/../../../../arm-none-eabi/lib/thumb/v7e-m+fp/hard\libc_nano.a
LOAD c:/st/stm32cubeide_1.8.0/stm32cubeide/plugins/com.st.stm32cube.ide.mcu.externaltools.gnu-tools-for-stm32.9-2020-q2-update.win32_2.0.0.202105311346/tools/bin/../lib/gcc/arm-none-eabi/9.3.1/../../../../arm-none-eabi/lib/thumb/v7e-m+fp/hard\libnosys.a
END GROUP
LOAD c:/st/stm32cubeide_1.8.0/stm32cubeide/plugins/com.st.stm32cube.ide.mcu.externaltools.gnu-tools-for-stm32.9-2020-q2-update.win32_2.0.0.202105311346/tools/bin/../lib/gcc/arm-none-eabi/9.3.1/thumb/v7e-m+fp/hard/crtend.o
LOAD c:/st/stm32cubeide_1.8.0/stm32cubeide/plugins/com.st.stm32cube.ide.mcu.externaltools.gnu-tools-for-stm32.9-2020-q2-update.win32_2.0.0.202105311346/tools/bin/../lib/gcc/arm-none-eabi/9.3.1/thumb/v7e-m+fp/hard/crtn.o
                0x0000000020020000                _estack = (ORIGIN (RAM) + LENGTH (RAM))
                0x0000000000000200                _Min_Heap_Size = 0x200
                0x0000000000000400                _Min_Stack_Size = 0x400

.isr_vector     0x0000000008000000      0x1c4
                0x0000000008000000                . = ALIGN (0x4)
 *(.isr_vector)
 .isr_vector    0x0000000008000000      0x1c4 ./Core/Startup/startup_stm32f446retx.o
                0x0000000008000000                g_pfnVectors
                0x00000000080001c4                . = ALIGN (0x4)

.text           0x00000000080001d0     0x9354
                0x00000000080001d0                . = ALIGN (0x4)
 *(.text)
 .text          0x00000000080001d0       0x40 c:/st/stm32cubeide_1.8.0/stm32cubeide/plugins/com.st.stm32cube.ide.mcu.externaltools.gnu-tools-for-stm32.9-2020-q2-update.win32_2.0.0.202105311346/tools/bin/../lib/gcc/arm-none-eabi/9.3.1/thumb/v7e-m+fp/hard/crtbegin.o
 .text          0x0000000008000210       0x14 c:/st/stm32cubeide_1.8.0/stm32cubeide/plugins/com.st.stm32cube.ide.mcu.externaltools.gnu-tools-for-stm32.9-2020-q2-update.win32_2.0.0.202105311346/tools/bin/../lib/gcc/arm-none-eabi/9.3.1/../../../../arm-none-eabi/lib/thumb/v7e-m+fp/hard\libc_nano.a(lib_a-strcmp.o)
                0x0000000008000210                strcmp
 *fill*         0x0000000008000224        0xc 
 .text          0x0000000008000230       0xa0 c:/st/stm32cubeide_1.8.0/stm32cubeide/plugins/com.st.stm32cube.ide.mcu.externaltools.gnu-tools-for-stm32.9-2020-q2-update.win32_2.0.0.202105311346/tools/bin/../lib/gcc/arm-none-eabi/9.3.1/../../../../arm-none-eabi/lib/thumb/v7e-m+fp/hard\libc_nano.a(lib_a-memchr.o)
                0x0000000008000230                memchr
 .text          0x00000000080002d0       0x30 c:/st/stm32cubeide_1.8.0/stm32cubeide/plugins/com.st.stm32cube.ide.mcu.externaltools.gnu-tools-for-stm32.9-2020-q2-update.win32_2.0.0.202105311346/tools/bin/../lib/gcc/arm-none-eabi/9.3.1/thumb/v7e-m+fp/hard\libgcc.a(_aeabi_uldivmod.o)
                0x00000000080002d0                __aeabi_uldivmod
 .text          0x0000000008000300      0x2c4 c:/st/stm32cubeide_1.8.0/stm32cubeide/plugins/com.st.stm32cube.ide.mcu.externaltools.gnu-tools-for-stm32.9-2020-q2-update.win32_2.0.0.202105311346/tools/bin/../lib/gcc/arm-none-eabi/9.3.1/thumb/v7e-m+fp/hard\libgcc.a(_udivmoddi4.o)
                0x0000000008000300                __udivmoddi4
 .text          0x00000000080005c4        0x4 c:/st/stm32cubeide_1.8.0/stm32cubeide/plugins/com.st.stm32cube.ide.mcu.externaltools.gnu-tools-for-stm32.9-2020-q2-update.win32_2.0.0.202105311346/tools/bin/../lib/gcc/arm-none-eabi/9.3.1/thumb/v7e-m+fp/hard\libgcc.a(_dvmd_tls.o)
                0x00000000080005c4                __aeabi_idiv0
                0x00000000080005c4                __aeabi_ldiv0
 *(.text*)
 .text.Set_Color
                0x00000000080005c8       0x30 ./Components/Drivers/oled_driver.o
                0x00000000080005c8                Set_Color
 .text.Write_Command
                0x00000000080005f8       0x58 ./Components/Drivers/oled_driver.o
                0x00000000080005f8                Write_Command
 .text.Write_Data
                0x0000000008000650       0x58 ./Components/Drivers/oled_driver.o
                0x0000000008000650                Write_Data
 .text.Write_Data_ptr
                0x00000000080006a8       0x58 ./Components/Drivers/oled_driver.o
                0x00000000080006a8                Write_Data_ptr
 .text.RAM_Address
                0x0000000008000700       0x2c ./Components/Drivers/oled_driver.o
                0x0000000008000700                RAM_Address
 .text.Clear_Screen
                0x000000000800072c       0x4c ./Components/Drivers/oled_driver.o
                0x000000000800072c                Clear_Screen
 .text.Set_Address
                0x0000000008000778       0x4e ./Components/Drivers/oled_driver.o
                0x0000000008000778                Set_Address
 *fill*         0x00000000080007c6        0x2 
 .text.Write_text
                0x00000000080007c8       0x50 ./Components/Drivers/oled_driver.o
                0x00000000080007c8                Write_text
 .text.Device_Init
                0x0000000008000818      0x164 ./Components/Drivers/oled_driver.o
                0x0000000008000818                Device_Init
 .text.print_String
                0x000000000800097c       0x54 ./Components/Drivers/oled_gfx.o
                0x000000000800097c                print_String
 .text.Display_String_8x16
                0x00000000080009d0       0xd0 ./Components/Drivers/oled_gfx.o
                0x00000000080009d0                Display_String_8x16
 .text.Display_String_5x8
                0x0000000008000aa0       0xc8 ./Components/Drivers/oled_gfx.o
                0x0000000008000aa0                Display_String_5x8
 .text.Fill_Rect
                0x0000000008000b68       0xd0 ./Components/Drivers/oled_gfx.o
                0x0000000008000b68                Fill_Rect
 .text.handler_oled
                0x0000000008000c38       0x40 ./Components/HMI/hmi.o
 .text.OLED_GUI_BTN_UP
                0x0000000008000c78       0x3c ./Components/HMI/hmi.o
 .text.OLED_GUI_BTN_DOWN
                0x0000000008000cb4       0x3c ./Components/HMI/hmi.o
 .text.OLED_GUI_BTN_OK
                0x0000000008000cf0       0x98 ./Components/HMI/hmi.o
 .text.OLED_GUI_BTN_RETURN
                0x0000000008000d88       0x2c ./Components/HMI/hmi.o
 .text.OLED_GUI_MAIN
                0x0000000008000db4      0x188 ./Components/HMI/hmi.o
 .text.OLED_GUI_MONITORING
                0x0000000008000f3c       0xc4 ./Components/HMI/hmi.o
 .text.OLED_GUI_STATUS
                0x0000000008001000      0x120 ./Components/HMI/hmi.o
 .text.OLED_GUI_DATA
                0x0000000008001120       0x3c ./Components/HMI/hmi.o
 .text.OLED_GUI_SLEEP
                0x000000000800115c       0x58 ./Components/HMI/hmi.o
 .text.OLED_GUI_RESET
                0x00000000080011b4       0x2c ./Components/HMI/hmi.o
 .text.API_HMI_START
                0x00000000080011e0       0x9c ./Components/HMI/hmi.o
                0x00000000080011e0                API_HMI_START
 .text.API_HMI_CALLBACK
                0x000000000800127c       0x24 ./Components/HMI/hmi.o
                0x000000000800127c                API_HMI_CALLBACK
 .text.handler_leds
                0x00000000080012a0      0x3cc ./Components/HMI/leds.o
 .text.leds_init
                0x000000000800166c      0x210 ./Components/HMI/leds.o
                0x000000000800166c                leds_init
 .text.leds_send_cmd
                0x000000000800187c       0x34 ./Components/HMI/leds.o
                0x000000000800187c                leds_send_cmd
 .text.handler_uart
                0x00000000080018b0       0x50 ./Components/HMI/uart_parser.o
 .text.uart_init
                0x0000000008001900      0x1ec ./Components/HMI/uart_parser.o
                0x0000000008001900                uart_init
 .text.uart_parser_callback
                0x0000000008001aec       0x24 ./Components/HMI/uart_parser.o
                0x0000000008001aec                uart_parser_callback
 .text.id_parser_app_phase
                0x0000000008001b10       0x84 ./Components/HMI/uart_parser.o
                0x0000000008001b10                id_parser_app_phase
 .text.id_parser_app_window
                0x0000000008001b94       0x64 ./Components/HMI/uart_parser.o
 .text.id_parser_app_aeroc
                0x0000000008001bf8       0x2c ./Components/HMI/uart_parser.o
 .text.id_parser_sens_imu_ax
                0x0000000008001c24       0x28 ./Components/HMI/uart_parser.o
 .text.id_parser_sens_imu_ay
                0x0000000008001c4c       0x28 ./Components/HMI/uart_parser.o
 .text.id_parser_sens_imu_az
                0x0000000008001c74       0x28 ./Components/HMI/uart_parser.o
 .text.id_parser_sens_imu_gx
                0x0000000008001c9c       0x28 ./Components/HMI/uart_parser.o
 .text.id_parser_sens_imu_gy
                0x0000000008001cc4       0x2c ./Components/HMI/uart_parser.o
 .text.id_parser_sens_imu_gz
                0x0000000008001cf0       0x2c ./Components/HMI/uart_parser.o
 .text.id_parser_sens_imu_temp
                0x0000000008001d1c       0x2c ./Components/HMI/uart_parser.o
 .text.id_parser_sens_imu_error
                0x0000000008001d48       0x2c ./Components/HMI/uart_parser.o
 .text.id_parser_sens_baro_press
                0x0000000008001d74       0x2c ./Components/HMI/uart_parser.o
 .text.id_parser_sens_baro_temp
                0x0000000008001da0       0x2c ./Components/HMI/uart_parser.o
 .text.id_parser_sens_baro_error
                0x0000000008001dcc       0x2c ./Components/HMI/uart_parser.o
 .text.id_parser_mntr_bat_seq
                0x0000000008001df8       0x64 ./Components/HMI/uart_parser.o
 .text.id_parser_mntr_bat_motor1
                0x0000000008001e5c       0x64 ./Components/HMI/uart_parser.o
 .text.id_parser_mntr_bat_motor2
                0x0000000008001ec0       0x64 ./Components/HMI/uart_parser.o
 .text.id_parser_recov_last_cmd
                0x0000000008001f24       0x2c ./Components/HMI/uart_parser.o
 .text.id_parser_recov_status
                0x0000000008001f50       0x2c ./Components/HMI/uart_parser.o
 .text.id_parser_payload_last_cmd
                0x0000000008001f7c       0x2c ./Components/HMI/uart_parser.o
 .text.id_parser_payload_status
                0x0000000008001fa8       0x2c ./Components/HMI/uart_parser.o
 .text.uart_storage_attach
                0x0000000008001fd4       0x14 ./Components/HMI/uart_parser.o
                0x0000000008001fd4                uart_storage_attach
 .text.TF_ClearMsg
                0x0000000008001fe8       0x1a ./Components/Utils/TinyFrame.o
 .text.TF_CksumStart
                0x0000000008002002       0x10 ./Components/Utils/TinyFrame.o
 *fill*         0x0000000008002012        0x2 
 .text.TF_CksumAdd
                0x0000000008002014       0x38 ./Components/Utils/TinyFrame.o
 .text.TF_CksumEnd
                0x000000000800204c       0x18 ./Components/Utils/TinyFrame.o
 .text.TF_InitStatic
                0x0000000008002064       0x54 ./Components/Utils/TinyFrame.o
                0x0000000008002064                TF_InitStatic
 .text.TF_Init  0x00000000080020b8       0x40 ./Components/Utils/TinyFrame.o
                0x00000000080020b8                TF_Init
 .text.renew_id_listener
                0x00000000080020f8       0x1c ./Components/Utils/TinyFrame.o
 .text.cleanup_id_listener
                0x0000000008002114       0x78 ./Components/Utils/TinyFrame.o
 .text.cleanup_type_listener
                0x000000000800218c       0x3e ./Components/Utils/TinyFrame.o
 .text.cleanup_generic_listener
                0x00000000080021ca       0x3e ./Components/Utils/TinyFrame.o
 .text.TF_AddTypeListener
                0x0000000008002208       0x70 ./Components/Utils/TinyFrame.o
                0x0000000008002208                TF_AddTypeListener
 .text.TF_HandleReceivedMessage
                0x0000000008002278      0x1ec ./Components/Utils/TinyFrame.o
 .text.TF_Accept
                0x0000000008002464       0x3a ./Components/Utils/TinyFrame.o
                0x0000000008002464                TF_Accept
 .text.TF_ResetParser
                0x000000000800249e       0x1a ./Components/Utils/TinyFrame.o
                0x000000000800249e                TF_ResetParser
 .text.pars_begin_frame
                0x00000000080024b8       0x4c ./Components/Utils/TinyFrame.o
 .text.TF_AcceptChar
                0x0000000008002504      0x374 ./Components/Utils/TinyFrame.o
                0x0000000008002504                TF_AcceptChar
 .text.MX_GPIO_Init
                0x0000000008002878      0x164 ./Core/Src/gpio.o
                0x0000000008002878                MX_GPIO_Init
 .text.main     0x00000000080029dc       0x38 ./Core/Src/main.o
                0x00000000080029dc                main
 .text.SystemClock_Config
                0x0000000008002a14       0xdc ./Core/Src/main.o
                0x0000000008002a14                SystemClock_Config
 .text.HAL_GPIO_EXTI_Callback
                0x0000000008002af0       0x50 ./Core/Src/main.o
                0x0000000008002af0                HAL_GPIO_EXTI_Callback
 .text.HAL_UART_RxCpltCallback
                0x0000000008002b40       0x28 ./Core/Src/main.o
                0x0000000008002b40                HAL_UART_RxCpltCallback
 .text.HAL_TIM_PeriodElapsedCallback
                0x0000000008002b68       0x24 ./Core/Src/main.o
                0x0000000008002b68                HAL_TIM_PeriodElapsedCallback
 .text.Error_Handler
                0x0000000008002b8c        0xa ./Core/Src/main.o
                0x0000000008002b8c                Error_Handler
 *fill*         0x0000000008002b96        0x2 
 .text.MX_SPI1_Init
                0x0000000008002b98       0x6c ./Core/Src/spi.o
                0x0000000008002b98                MX_SPI1_Init
 .text.HAL_SPI_MspInit
                0x0000000008002c04       0x90 ./Core/Src/spi.o
                0x0000000008002c04                HAL_SPI_MspInit
 .text.HAL_MspInit
                0x0000000008002c94       0x50 ./Core/Src/stm32f4xx_hal_msp.o
                0x0000000008002c94                HAL_MspInit
 .text.HAL_InitTick
                0x0000000008002ce4       0xb0 ./Core/Src/stm32f4xx_hal_timebase_tim.o
                0x0000000008002ce4                HAL_InitTick
 .text.NMI_Handler
                0x0000000008002d94        0x6 ./Core/Src/stm32f4xx_it.o
                0x0000000008002d94                NMI_Handler
 .text.HardFault_Handler
                0x0000000008002d9a        0x6 ./Core/Src/stm32f4xx_it.o
                0x0000000008002d9a                HardFault_Handler
 .text.MemManage_Handler
                0x0000000008002da0        0x6 ./Core/Src/stm32f4xx_it.o
                0x0000000008002da0                MemManage_Handler
 .text.BusFault_Handler
                0x0000000008002da6        0x6 ./Core/Src/stm32f4xx_it.o
                0x0000000008002da6                BusFault_Handler
 .text.UsageFault_Handler
                0x0000000008002dac        0x6 ./Core/Src/stm32f4xx_it.o
                0x0000000008002dac                UsageFault_Handler
 .text.DebugMon_Handler
                0x0000000008002db2        0xe ./Core/Src/stm32f4xx_it.o
                0x0000000008002db2                DebugMon_Handler
 .text.EXTI4_IRQHandler
                0x0000000008002dc0        0xe ./Core/Src/stm32f4xx_it.o
                0x0000000008002dc0                EXTI4_IRQHandler
 .text.EXTI9_5_IRQHandler
                0x0000000008002dce       0x1a ./Core/Src/stm32f4xx_it.o
                0x0000000008002dce                EXTI9_5_IRQHandler
 .text.TIM1_TRG_COM_TIM11_IRQHandler
                0x0000000008002de8       0x14 ./Core/Src/stm32f4xx_it.o
                0x0000000008002de8                TIM1_TRG_COM_TIM11_IRQHandler
 .text.USART2_IRQHandler
                0x0000000008002dfc       0x14 ./Core/Src/stm32f4xx_it.o
                0x0000000008002dfc                USART2_IRQHandler
 .text.USART3_IRQHandler
                0x0000000008002e10       0x14 ./Core/Src/stm32f4xx_it.o
                0x0000000008002e10                USART3_IRQHandler
 .text._read    0x0000000008002e24       0x3a ./Core/Src/syscalls.o
                0x0000000008002e24                _read
 .text._write   0x0000000008002e5e       0x38 ./Core/Src/syscalls.o
                0x0000000008002e5e                _write
 .text._close   0x0000000008002e96       0x18 ./Core/Src/syscalls.o
                0x0000000008002e96                _close
 .text._fstat   0x0000000008002eae       0x20 ./Core/Src/syscalls.o
                0x0000000008002eae                _fstat
 .text._isatty  0x0000000008002ece       0x16 ./Core/Src/syscalls.o
                0x0000000008002ece                _isatty
 .text._lseek   0x0000000008002ee4       0x1a ./Core/Src/syscalls.o
                0x0000000008002ee4                _lseek
 *fill*         0x0000000008002efe        0x2 
 .text._sbrk    0x0000000008002f00       0x6c ./Core/Src/sysmem.o
                0x0000000008002f00                _sbrk
 .text.SystemInit
                0x0000000008002f6c       0x24 ./Core/Src/system_stm32f4xx.o
                0x0000000008002f6c                SystemInit
 .text.MX_USART2_UART_Init
                0x0000000008002f90       0x54 ./Core/Src/usart.o
                0x0000000008002f90                MX_USART2_UART_Init
 .text.MX_USART3_UART_Init
                0x0000000008002fe4       0x54 ./Core/Src/usart.o
                0x0000000008002fe4                MX_USART3_UART_Init
 .text.HAL_UART_MspInit
                0x0000000008003038      0x15c ./Core/Src/usart.o
                0x0000000008003038                HAL_UART_MspInit
 .text.Reset_Handler
                0x0000000008003194       0x50 ./Core/Startup/startup_stm32f446retx.o
                0x0000000008003194                Reset_Handler
 .text.Default_Handler
                0x00000000080031e4        0x2 ./Core/Startup/startup_stm32f446retx.o
                0x00000000080031e4                RTC_Alarm_IRQHandler
                0x00000000080031e4                EXTI2_IRQHandler
                0x00000000080031e4                TIM8_CC_IRQHandler
                0x00000000080031e4                FMPI2C1_EV_IRQHandler
                0x00000000080031e4                SPI4_IRQHandler
                0x00000000080031e4                TIM1_CC_IRQHandler
                0x00000000080031e4                DMA2_Stream5_IRQHandler
                0x00000000080031e4                DMA1_Stream5_IRQHandler
                0x00000000080031e4                PVD_IRQHandler
                0x00000000080031e4                SDIO_IRQHandler
                0x00000000080031e4                TAMP_STAMP_IRQHandler
                0x00000000080031e4                CAN2_RX1_IRQHandler
                0x00000000080031e4                EXTI3_IRQHandler
                0x00000000080031e4                TIM8_TRG_COM_TIM14_IRQHandler
                0x00000000080031e4                TIM1_UP_TIM10_IRQHandler
                0x00000000080031e4                TIM8_UP_TIM13_IRQHandler
                0x00000000080031e4                I2C3_ER_IRQHandler
                0x00000000080031e4                EXTI0_IRQHandler
                0x00000000080031e4                I2C2_EV_IRQHandler
                0x00000000080031e4                DMA1_Stream2_IRQHandler
                0x00000000080031e4                CAN1_RX0_IRQHandler
                0x00000000080031e4                FPU_IRQHandler
                0x00000000080031e4                OTG_HS_WKUP_IRQHandler
                0x00000000080031e4                CAN2_SCE_IRQHandler
                0x00000000080031e4                DMA2_Stream2_IRQHandler
                0x00000000080031e4                SPI1_IRQHandler
                0x00000000080031e4                TIM6_DAC_IRQHandler
                0x00000000080031e4                TIM1_BRK_TIM9_IRQHandler
                0x00000000080031e4                DCMI_IRQHandler
                0x00000000080031e4                CAN2_RX0_IRQHandler
                0x00000000080031e4                DMA2_Stream3_IRQHandler
                0x00000000080031e4                SAI2_IRQHandler
                0x00000000080031e4                USART6_IRQHandler
                0x00000000080031e4                CAN1_RX1_IRQHandler
                0x00000000080031e4                UART5_IRQHandler
                0x00000000080031e4                DMA2_Stream0_IRQHandler
                0x00000000080031e4                TIM4_IRQHandler
                0x00000000080031e4                QUADSPI_IRQHandler
                0x00000000080031e4                I2C1_EV_IRQHandler
                0x00000000080031e4                DMA1_Stream6_IRQHandler
                0x00000000080031e4                DMA1_Stream1_IRQHandler
                0x00000000080031e4                UART4_IRQHandler
                0x00000000080031e4                TIM3_IRQHandler
                0x00000000080031e4                RCC_IRQHandler
                0x00000000080031e4                TIM8_BRK_TIM12_IRQHandler
                0x00000000080031e4                Default_Handler
                0x00000000080031e4                CEC_IRQHandler
                0x00000000080031e4                EXTI15_10_IRQHandler
                0x00000000080031e4                ADC_IRQHandler
                0x00000000080031e4                DMA1_Stream7_IRQHandler
                0x00000000080031e4                TIM7_IRQHandler
                0x00000000080031e4                CAN2_TX_IRQHandler
                0x00000000080031e4                TIM5_IRQHandler
                0x00000000080031e4                DMA2_Stream7_IRQHandler
                0x00000000080031e4                I2C3_EV_IRQHandler
                0x00000000080031e4                RTC_WKUP_IRQHandler
                0x00000000080031e4                SPDIF_RX_IRQHandler
                0x00000000080031e4                SPI2_IRQHandler
                0x00000000080031e4                OTG_HS_EP1_IN_IRQHandler
                0x00000000080031e4                DMA1_Stream0_IRQHandler
                0x00000000080031e4                CAN1_TX_IRQHandler
                0x00000000080031e4                FMPI2C1_ER_IRQHandler
                0x00000000080031e4                OTG_HS_EP1_OUT_IRQHandler
                0x00000000080031e4                WWDG_IRQHandler
                0x00000000080031e4                TIM2_IRQHandler
                0x00000000080031e4                OTG_FS_WKUP_IRQHandler
                0x00000000080031e4                OTG_HS_IRQHandler
                0x00000000080031e4                EXTI1_IRQHandler
                0x00000000080031e4                I2C2_ER_IRQHandler
                0x00000000080031e4                DMA2_Stream1_IRQHandler
                0x00000000080031e4                CAN1_SCE_IRQHandler
                0x00000000080031e4                FLASH_IRQHandler
                0x00000000080031e4                DMA2_Stream4_IRQHandler
                0x00000000080031e4                USART1_IRQHandler
                0x00000000080031e4                OTG_FS_IRQHandler
                0x00000000080031e4                SPI3_IRQHandler
                0x00000000080031e4                DMA1_Stream4_IRQHandler
                0x00000000080031e4                I2C1_ER_IRQHandler
                0x00000000080031e4                FMC_IRQHandler
                0x00000000080031e4                DMA2_Stream6_IRQHandler
                0x00000000080031e4                SAI1_IRQHandler
                0x00000000080031e4                DMA1_Stream3_IRQHandler
 *fill*         0x00000000080031e6        0x2 
 .text.HAL_Init
                0x00000000080031e8       0x44 ./Drivers/STM32F4xx_HAL_Driver/Src/stm32f4xx_hal.o
                0x00000000080031e8                HAL_Init
 .text.HAL_IncTick
                0x000000000800322c       0x28 ./Drivers/STM32F4xx_HAL_Driver/Src/stm32f4xx_hal.o
                0x000000000800322c                HAL_IncTick
 .text.HAL_GetTick
                0x0000000008003254       0x18 ./Drivers/STM32F4xx_HAL_Driver/Src/stm32f4xx_hal.o
                0x0000000008003254                HAL_GetTick
 .text.HAL_Delay
                0x000000000800326c       0x48 ./Drivers/STM32F4xx_HAL_Driver/Src/stm32f4xx_hal.o
                0x000000000800326c                HAL_Delay
 .text.__NVIC_SetPriorityGrouping
                0x00000000080032b4       0x48 ./Drivers/STM32F4xx_HAL_Driver/Src/stm32f4xx_hal_cortex.o
 .text.__NVIC_GetPriorityGrouping
                0x00000000080032fc       0x1c ./Drivers/STM32F4xx_HAL_Driver/Src/stm32f4xx_hal_cortex.o
 .text.__NVIC_EnableIRQ
                0x0000000008003318       0x3c ./Drivers/STM32F4xx_HAL_Driver/Src/stm32f4xx_hal_cortex.o
 .text.__NVIC_SetPriority
                0x0000000008003354       0x54 ./Drivers/STM32F4xx_HAL_Driver/Src/stm32f4xx_hal_cortex.o
 .text.NVIC_EncodePriority
                0x00000000080033a8       0x66 ./Drivers/STM32F4xx_HAL_Driver/Src/stm32f4xx_hal_cortex.o
 .text.HAL_NVIC_SetPriorityGrouping
                0x000000000800340e       0x16 ./Drivers/STM32F4xx_HAL_Driver/Src/stm32f4xx_hal_cortex.o
                0x000000000800340e                HAL_NVIC_SetPriorityGrouping
 .text.HAL_NVIC_SetPriority
                0x0000000008003424       0x38 ./Drivers/STM32F4xx_HAL_Driver/Src/stm32f4xx_hal_cortex.o
                0x0000000008003424                HAL_NVIC_SetPriority
 .text.HAL_NVIC_EnableIRQ
                0x000000000800345c       0x1c ./Drivers/STM32F4xx_HAL_Driver/Src/stm32f4xx_hal_cortex.o
                0x000000000800345c                HAL_NVIC_EnableIRQ
 .text.HAL_DMA_Abort
                0x0000000008003478       0xe0 ./Drivers/STM32F4xx_HAL_Driver/Src/stm32f4xx_hal_dma.o
                0x0000000008003478                HAL_DMA_Abort
 .text.HAL_DMA_Abort_IT
                0x0000000008003558       0x44 ./Drivers/STM32F4xx_HAL_Driver/Src/stm32f4xx_hal_dma.o
                0x0000000008003558                HAL_DMA_Abort_IT
 .text.HAL_GPIO_Init
                0x000000000800359c      0x328 ./Drivers/STM32F4xx_HAL_Driver/Src/stm32f4xx_hal_gpio.o
                0x000000000800359c                HAL_GPIO_Init
 .text.HAL_GPIO_WritePin
                0x00000000080038c4       0x32 ./Drivers/STM32F4xx_HAL_Driver/Src/stm32f4xx_hal_gpio.o
                0x00000000080038c4                HAL_GPIO_WritePin
 *fill*         0x00000000080038f6        0x2 
 .text.HAL_GPIO_EXTI_IRQHandler
                0x00000000080038f8       0x30 ./Drivers/STM32F4xx_HAL_Driver/Src/stm32f4xx_hal_gpio.o
                0x00000000080038f8                HAL_GPIO_EXTI_IRQHandler
 .text.HAL_RCC_ClockConfig
                0x0000000008003928      0x1cc ./Drivers/STM32F4xx_HAL_Driver/Src/stm32f4xx_hal_rcc.o
                0x0000000008003928                HAL_RCC_ClockConfig
 .text.HAL_RCC_GetHCLKFreq
                0x0000000008003af4       0x18 ./Drivers/STM32F4xx_HAL_Driver/Src/stm32f4xx_hal_rcc.o
                0x0000000008003af4                HAL_RCC_GetHCLKFreq
 .text.HAL_RCC_GetPCLK1Freq
                0x0000000008003b0c       0x28 ./Drivers/STM32F4xx_HAL_Driver/Src/stm32f4xx_hal_rcc.o
                0x0000000008003b0c                HAL_RCC_GetPCLK1Freq
 .text.HAL_RCC_GetPCLK2Freq
                0x0000000008003b34       0x28 ./Drivers/STM32F4xx_HAL_Driver/Src/stm32f4xx_hal_rcc.o
                0x0000000008003b34                HAL_RCC_GetPCLK2Freq
 .text.HAL_RCC_GetClockConfig
                0x0000000008003b5c       0x64 ./Drivers/STM32F4xx_HAL_Driver/Src/stm32f4xx_hal_rcc.o
                0x0000000008003b5c                HAL_RCC_GetClockConfig
 .text.HAL_RCC_GetSysClockFreq
                0x0000000008003bc0      0x364 ./Drivers/STM32F4xx_HAL_Driver/Src/stm32f4xx_hal_rcc_ex.o
                0x0000000008003bc0                HAL_RCC_GetSysClockFreq
 .text.HAL_RCC_OscConfig
                0x0000000008003f24      0x53c ./Drivers/STM32F4xx_HAL_Driver/Src/stm32f4xx_hal_rcc_ex.o
                0x0000000008003f24                HAL_RCC_OscConfig
 .text.HAL_SPI_Init
                0x0000000008004460      0x112 ./Drivers/STM32F4xx_HAL_Driver/Src/stm32f4xx_hal_spi.o
                0x0000000008004460                HAL_SPI_Init
 .text.HAL_SPI_Transmit
                0x0000000008004572      0x278 ./Drivers/STM32F4xx_HAL_Driver/Src/stm32f4xx_hal_spi.o
                0x0000000008004572                HAL_SPI_Transmit
 *fill*         0x00000000080047ea        0x2 
 .text.SPI_WaitFlagStateUntilTimeout
                0x00000000080047ec      0x110 ./Drivers/STM32F4xx_HAL_Driver/Src/stm32f4xx_hal_spi.o
 .text.SPI_EndRxTxTransaction
                0x00000000080048fc       0x84 ./Drivers/STM32F4xx_HAL_Driver/Src/stm32f4xx_hal_spi.o
 .text.HAL_TIM_Base_Init
                0x0000000008004980       0x9e ./Drivers/STM32F4xx_HAL_Driver/Src/stm32f4xx_hal_tim.o
                0x0000000008004980                HAL_TIM_Base_Init
 .text.HAL_TIM_Base_MspInit
                0x0000000008004a1e       0x14 ./Drivers/STM32F4xx_HAL_Driver/Src/stm32f4xx_hal_tim.o
                0x0000000008004a1e                HAL_TIM_Base_MspInit
 *fill*         0x0000000008004a32        0x2 
 .text.HAL_TIM_Base_Start_IT
                0x0000000008004a34       0xe0 ./Drivers/STM32F4xx_HAL_Driver/Src/stm32f4xx_hal_tim.o
                0x0000000008004a34                HAL_TIM_Base_Start_IT
 .text.HAL_TIM_IRQHandler
                0x0000000008004b14      0x210 ./Drivers/STM32F4xx_HAL_Driver/Src/stm32f4xx_hal_tim.o
                0x0000000008004b14                HAL_TIM_IRQHandler
 .text.HAL_TIM_OC_DelayElapsedCallback
                0x0000000008004d24       0x14 ./Drivers/STM32F4xx_HAL_Driver/Src/stm32f4xx_hal_tim.o
                0x0000000008004d24                HAL_TIM_OC_DelayElapsedCallback
 .text.HAL_TIM_IC_CaptureCallback
                0x0000000008004d38       0x14 ./Drivers/STM32F4xx_HAL_Driver/Src/stm32f4xx_hal_tim.o
                0x0000000008004d38                HAL_TIM_IC_CaptureCallback
 .text.HAL_TIM_PWM_PulseFinishedCallback
                0x0000000008004d4c       0x14 ./Drivers/STM32F4xx_HAL_Driver/Src/stm32f4xx_hal_tim.o
                0x0000000008004d4c                HAL_TIM_PWM_PulseFinishedCallback
 .text.HAL_TIM_TriggerCallback
                0x0000000008004d60       0x14 ./Drivers/STM32F4xx_HAL_Driver/Src/stm32f4xx_hal_tim.o
                0x0000000008004d60                HAL_TIM_TriggerCallback
 .text.TIM_Base_SetConfig
                0x0000000008004d74      0x140 ./Drivers/STM32F4xx_HAL_Driver/Src/stm32f4xx_hal_tim.o
                0x0000000008004d74                TIM_Base_SetConfig
 .text.HAL_TIMEx_CommutCallback
                0x0000000008004eb4       0x14 ./Drivers/STM32F4xx_HAL_Driver/Src/stm32f4xx_hal_tim_ex.o
                0x0000000008004eb4                HAL_TIMEx_CommutCallback
 .text.HAL_TIMEx_BreakCallback
                0x0000000008004ec8       0x14 ./Drivers/STM32F4xx_HAL_Driver/Src/stm32f4xx_hal_tim_ex.o
                0x0000000008004ec8                HAL_TIMEx_BreakCallback
 .text.HAL_UART_Init
                0x0000000008004edc       0x9a ./Drivers/STM32F4xx_HAL_Driver/Src/stm32f4xx_hal_uart.o
                0x0000000008004edc                HAL_UART_Init
 .text.HAL_UART_Receive_IT
                0x0000000008004f76       0x60 ./Drivers/STM32F4xx_HAL_Driver/Src/stm32f4xx_hal_uart.o
                0x0000000008004f76                HAL_UART_Receive_IT
 *fill*         0x0000000008004fd6        0x2 
 .text.HAL_UART_IRQHandler
                0x0000000008004fd8      0x51c ./Drivers/STM32F4xx_HAL_Driver/Src/stm32f4xx_hal_uart.o
                0x0000000008004fd8                HAL_UART_IRQHandler
 .text.HAL_UART_TxCpltCallback
                0x00000000080054f4       0x14 ./Drivers/STM32F4xx_HAL_Driver/Src/stm32f4xx_hal_uart.o
                0x00000000080054f4                HAL_UART_TxCpltCallback
 .text.HAL_UART_ErrorCallback
                0x0000000008005508       0x14 ./Drivers/STM32F4xx_HAL_Driver/Src/stm32f4xx_hal_uart.o
                0x0000000008005508                HAL_UART_ErrorCallback
 .text.HAL_UARTEx_RxEventCallback
                0x000000000800551c       0x18 ./Drivers/STM32F4xx_HAL_Driver/Src/stm32f4xx_hal_uart.o
                0x000000000800551c                HAL_UARTEx_RxEventCallback
 .text.UART_Start_Receive_IT
                0x0000000008005534       0x74 ./Drivers/STM32F4xx_HAL_Driver/Src/stm32f4xx_hal_uart.o
                0x0000000008005534                UART_Start_Receive_IT
 .text.UART_EndRxTransfer
                0x00000000080055a8       0xc6 ./Drivers/STM32F4xx_HAL_Driver/Src/stm32f4xx_hal_uart.o
 .text.UART_DMAAbortOnError
                0x000000000800566e       0x28 ./Drivers/STM32F4xx_HAL_Driver/Src/stm32f4xx_hal_uart.o
 .text.UART_Transmit_IT
                0x0000000008005696       0xa0 ./Drivers/STM32F4xx_HAL_Driver/Src/stm32f4xx_hal_uart.o
 .text.UART_EndTransmit_IT
                0x0000000008005736       0x30 ./Drivers/STM32F4xx_HAL_Driver/Src/stm32f4xx_hal_uart.o
 .text.UART_Receive_IT
                0x0000000008005766      0x176 ./Drivers/STM32F4xx_HAL_Driver/Src/stm32f4xx_hal_uart.o
 .text.UART_SetConfig
                0x00000000080058dc      0x390 ./Drivers/STM32F4xx_HAL_Driver/Src/stm32f4xx_hal_uart.o
 .text.vListInitialise
                0x0000000008005c6c       0x40 ./ThirdParty/FreeRTOS/list.o
                0x0000000008005c6c                vListInitialise
 .text.vListInitialiseItem
                0x0000000008005cac       0x1a ./ThirdParty/FreeRTOS/list.o
                0x0000000008005cac                vListInitialiseItem
 .text.vListInsertEnd
                0x0000000008005cc6       0x48 ./ThirdParty/FreeRTOS/list.o
                0x0000000008005cc6                vListInsertEnd
 .text.vListInsert
                0x0000000008005d0e       0x72 ./ThirdParty/FreeRTOS/list.o
                0x0000000008005d0e                vListInsert
 .text.uxListRemove
                0x0000000008005d80       0x54 ./ThirdParty/FreeRTOS/list.o
                0x0000000008005d80                uxListRemove
 .text.xQueueGenericReset
                0x0000000008005dd4       0xd0 ./ThirdParty/FreeRTOS/queue.o
                0x0000000008005dd4                xQueueGenericReset
 .text.xQueueGenericCreate
                0x0000000008005ea4       0xbe ./ThirdParty/FreeRTOS/queue.o
                0x0000000008005ea4                xQueueGenericCreate
 .text.prvInitialiseNewQueue
                0x0000000008005f62       0x46 ./ThirdParty/FreeRTOS/queue.o
 .text.xQueueGenericSend
                0x0000000008005fa8      0x1fc ./ThirdParty/FreeRTOS/queue.o
                0x0000000008005fa8                xQueueGenericSend
 .text.xQueueGenericSendFromISR
                0x00000000080061a4      0x154 ./ThirdParty/FreeRTOS/queue.o
                0x00000000080061a4                xQueueGenericSendFromISR
 .text.xQueueReceive
                0x00000000080062f8      0x1c0 ./ThirdParty/FreeRTOS/queue.o
                0x00000000080062f8                xQueueReceive
 .text.prvCopyDataToQueue
                0x00000000080064b8       0xd4 ./ThirdParty/FreeRTOS/queue.o
 .text.prvCopyDataFromQueue
                0x000000000800658c       0x4c ./ThirdParty/FreeRTOS/queue.o
 .text.prvUnlockQueue
                0x00000000080065d8       0xa4 ./ThirdParty/FreeRTOS/queue.o
 .text.prvIsQueueEmpty
                0x000000000800667c       0x2c ./ThirdParty/FreeRTOS/queue.o
 .text.prvIsQueueFull
                0x00000000080066a8       0x30 ./ThirdParty/FreeRTOS/queue.o
 .text.vQueueAddToRegistry
                0x00000000080066d8       0x54 ./ThirdParty/FreeRTOS/queue.o
                0x00000000080066d8                vQueueAddToRegistry
 .text.vQueueWaitForMessageRestricted
                0x000000000800672c       0x68 ./ThirdParty/FreeRTOS/queue.o
                0x000000000800672c                vQueueWaitForMessageRestricted
 .text.xTaskCreate
                0x0000000008006794       0x82 ./ThirdParty/FreeRTOS/tasks.o
                0x0000000008006794                xTaskCreate
 .text.prvInitialiseNewTask
                0x0000000008006816      0x12c ./ThirdParty/FreeRTOS/tasks.o
 *fill*         0x0000000008006942        0x2 
 .text.prvAddNewTaskToReadyList
                0x0000000008006944       0xdc ./ThirdParty/FreeRTOS/tasks.o
 .text.xTaskDelayUntil
                0x0000000008006a20       0xfc ./ThirdParty/FreeRTOS/tasks.o
                0x0000000008006a20                xTaskDelayUntil
 .text.vTaskDelay
                0x0000000008006b1c       0x68 ./ThirdParty/FreeRTOS/tasks.o
                0x0000000008006b1c                vTaskDelay
 .text.vTaskStartScheduler
                0x0000000008006b84       0xa4 ./ThirdParty/FreeRTOS/tasks.o
                0x0000000008006b84                vTaskStartScheduler
 .text.vTaskSuspendAll
                0x0000000008006c28       0x1c ./ThirdParty/FreeRTOS/tasks.o
                0x0000000008006c28                vTaskSuspendAll
 .text.xTaskResumeAll
                0x0000000008006c44      0x138 ./ThirdParty/FreeRTOS/tasks.o
                0x0000000008006c44                xTaskResumeAll
 .text.xTaskGetTickCount
                0x0000000008006d7c       0x20 ./ThirdParty/FreeRTOS/tasks.o
                0x0000000008006d7c                xTaskGetTickCount
 .text.xTaskIncrementTick
                0x0000000008006d9c      0x170 ./ThirdParty/FreeRTOS/tasks.o
                0x0000000008006d9c                xTaskIncrementTick
 .text.vTaskSwitchContext
                0x0000000008006f0c       0xb8 ./ThirdParty/FreeRTOS/tasks.o
                0x0000000008006f0c                vTaskSwitchContext
 .text.vTaskPlaceOnEventList
                0x0000000008006fc4       0x48 ./ThirdParty/FreeRTOS/tasks.o
                0x0000000008006fc4                vTaskPlaceOnEventList
 .text.vTaskPlaceOnEventListRestricted
                0x000000000800700c       0x58 ./ThirdParty/FreeRTOS/tasks.o
                0x000000000800700c                vTaskPlaceOnEventListRestricted
 .text.xTaskRemoveFromEventList
                0x0000000008007064       0xc4 ./ThirdParty/FreeRTOS/tasks.o
                0x0000000008007064                xTaskRemoveFromEventList
 .text.vTaskInternalSetTimeOutState
                0x0000000008007128       0x2c ./ThirdParty/FreeRTOS/tasks.o
                0x0000000008007128                vTaskInternalSetTimeOutState
 .text.xTaskCheckForTimeOut
                0x0000000008007154       0xcc ./ThirdParty/FreeRTOS/tasks.o
                0x0000000008007154                xTaskCheckForTimeOut
 .text.vTaskMissedYield
                0x0000000008007220       0x18 ./ThirdParty/FreeRTOS/tasks.o
                0x0000000008007220                vTaskMissedYield
 .text.prvIdleTask
                0x0000000008007238       0x30 ./ThirdParty/FreeRTOS/tasks.o
 .text.prvInitialiseTaskLists
                0x0000000008007268       0x80 ./ThirdParty/FreeRTOS/tasks.o
 .text.prvCheckTasksWaitingTermination
                0x00000000080072e8       0x5c ./ThirdParty/FreeRTOS/tasks.o
 .text.prvDeleteTCB
                0x0000000008007344       0x20 ./ThirdParty/FreeRTOS/tasks.o
 .text.prvResetNextTaskUnblockTime
                0x0000000008007364       0x38 ./ThirdParty/FreeRTOS/tasks.o
 .text.xTaskGetSchedulerState
                0x000000000800739c       0x3c ./ThirdParty/FreeRTOS/tasks.o
                0x000000000800739c                xTaskGetSchedulerState
 .text.xTaskPriorityDisinherit
                0x00000000080073d8       0xf4 ./ThirdParty/FreeRTOS/tasks.o
                0x00000000080073d8                xTaskPriorityDisinherit
 .text.prvAddCurrentTaskToDelayedList
                0x00000000080074cc       0xcc ./ThirdParty/FreeRTOS/tasks.o
 .text.xTimerCreateTimerTask
                0x0000000008007598       0x64 ./ThirdParty/FreeRTOS/timers.o
                0x0000000008007598                xTimerCreateTimerTask
 .text.xTimerGenericCommand
                0x00000000080075fc       0x9c ./ThirdParty/FreeRTOS/timers.o
                0x00000000080075fc                xTimerGenericCommand
 .text.prvProcessExpiredTimer
                0x0000000008007698       0x98 ./ThirdParty/FreeRTOS/timers.o
 .text.prvTimerTask
                0x0000000008007730       0x24 ./ThirdParty/FreeRTOS/timers.o
 .text.prvProcessTimerOrBlockTask
                0x0000000008007754       0x9c ./ThirdParty/FreeRTOS/timers.o
 .text.prvGetNextExpireTime
                0x00000000080077f0       0x48 ./ThirdParty/FreeRTOS/timers.o
 .text.prvSampleTimeNow
                0x0000000008007838       0x40 ./ThirdParty/FreeRTOS/timers.o
 .text.prvInsertTimerInActiveList
                0x0000000008007878       0x84 ./ThirdParty/FreeRTOS/timers.o
 .text.prvProcessReceivedCommands
                0x00000000080078fc      0x18c ./ThirdParty/FreeRTOS/timers.o
 .text.prvSwitchTimerLists
                0x0000000008007a88       0xc8 ./ThirdParty/FreeRTOS/timers.o
 .text.prvCheckForValidListAndQueue
                0x0000000008007b50       0x6c ./ThirdParty/FreeRTOS/timers.o
 .text.pxPortInitialiseStack
                0x0000000008007bbc       0x68 ./ThirdParty/FreeRTOS/portable/GCC/ARM_CM4F/port.o
                0x0000000008007bbc                pxPortInitialiseStack
 .text.prvTaskExitError
                0x0000000008007c24       0x58 ./ThirdParty/FreeRTOS/portable/GCC/ARM_CM4F/port.o
 *fill*         0x0000000008007c7c        0x4 
 .text.SVC_Handler
                0x0000000008007c80       0x28 ./ThirdParty/FreeRTOS/portable/GCC/ARM_CM4F/port.o
                0x0000000008007c80                SVC_Handler
 .text.prvPortStartFirstTask
                0x0000000008007ca8       0x2c ./ThirdParty/FreeRTOS/portable/GCC/ARM_CM4F/port.o
 .text.xPortStartScheduler
                0x0000000008007cd4      0x144 ./ThirdParty/FreeRTOS/portable/GCC/ARM_CM4F/port.o
                0x0000000008007cd4                xPortStartScheduler
 .text.vPortEnterCritical
                0x0000000008007e18       0x60 ./ThirdParty/FreeRTOS/portable/GCC/ARM_CM4F/port.o
                0x0000000008007e18                vPortEnterCritical
 .text.vPortExitCritical
                0x0000000008007e78       0x54 ./ThirdParty/FreeRTOS/portable/GCC/ARM_CM4F/port.o
                0x0000000008007e78                vPortExitCritical
 *fill*         0x0000000008007ecc        0x4 
 .text.PendSV_Handler
                0x0000000008007ed0       0x68 ./ThirdParty/FreeRTOS/portable/GCC/ARM_CM4F/port.o
                0x0000000008007ed0                PendSV_Handler
 .text.SysTick_Handler
                0x0000000008007f38       0x44 ./ThirdParty/FreeRTOS/portable/GCC/ARM_CM4F/port.o
                0x0000000008007f38                SysTick_Handler
 .text.vPortSetupTimerInterrupt
                0x0000000008007f7c       0x48 ./ThirdParty/FreeRTOS/portable/GCC/ARM_CM4F/port.o
                0x0000000008007f7c                vPortSetupTimerInterrupt
 .text.vPortEnableVFP
                0x0000000008007fc4       0x18 ./ThirdParty/FreeRTOS/portable/GCC/ARM_CM4F/port.o
 .text.vPortValidateInterruptPriority
                0x0000000008007fdc       0x80 ./ThirdParty/FreeRTOS/portable/GCC/ARM_CM4F/port.o
                0x0000000008007fdc                vPortValidateInterruptPriority
 .text.vSetVarulMaxPRIGROUPValue
                0x000000000800805c       0x8c ./ThirdParty/FreeRTOS/portable/GCC/ARM_CM4F/port.o
                0x000000000800805c                vSetVarulMaxPRIGROUPValue
 .text.pvPortMalloc
                0x00000000080080e8      0x1c0 ./ThirdParty/FreeRTOS/portable/MemMang/heap_4.o
                0x00000000080080e8                pvPortMalloc
 .text.vPortFree
                0x00000000080082a8       0xc4 ./ThirdParty/FreeRTOS/portable/MemMang/heap_4.o
                0x00000000080082a8                vPortFree
 .text.prvHeapInit
                0x000000000800836c       0xc4 ./ThirdParty/FreeRTOS/portable/MemMang/heap_4.o
 .text.prvInsertBlockIntoFreeList
                0x0000000008008430       0xb4 ./ThirdParty/FreeRTOS/portable/MemMang/heap_4.o
 .text.__errno  0x00000000080084e4        0xc c:/st/stm32cubeide_1.8.0/stm32cubeide/plugins/com.st.stm32cube.ide.mcu.externaltools.gnu-tools-for-stm32.9-2020-q2-update.win32_2.0.0.202105311346/tools/bin/../lib/gcc/arm-none-eabi/9.3.1/../../../../arm-none-eabi/lib/thumb/v7e-m+fp/hard\libc_nano.a(lib_a-errno.o)
                0x00000000080084e4                __errno
 .text.__libc_init_array
                0x00000000080084f0       0x48 c:/st/stm32cubeide_1.8.0/stm32cubeide/plugins/com.st.stm32cube.ide.mcu.externaltools.gnu-tools-for-stm32.9-2020-q2-update.win32_2.0.0.202105311346/tools/bin/../lib/gcc/arm-none-eabi/9.3.1/../../../../arm-none-eabi/lib/thumb/v7e-m+fp/hard\libc_nano.a(lib_a-init.o)
                0x00000000080084f0                __libc_init_array
 .text.malloc   0x0000000008008538       0x10 c:/st/stm32cubeide_1.8.0/stm32cubeide/plugins/com.st.stm32cube.ide.mcu.externaltools.gnu-tools-for-stm32.9-2020-q2-update.win32_2.0.0.202105311346/tools/bin/../lib/gcc/arm-none-eabi/9.3.1/../../../../arm-none-eabi/lib/thumb/v7e-m+fp/hard\libc_nano.a(lib_a-malloc.o)
                0x0000000008008538                malloc
 .text.memcpy   0x0000000008008548       0x1c c:/st/stm32cubeide_1.8.0/stm32cubeide/plugins/com.st.stm32cube.ide.mcu.externaltools.gnu-tools-for-stm32.9-2020-q2-update.win32_2.0.0.202105311346/tools/bin/../lib/gcc/arm-none-eabi/9.3.1/../../../../arm-none-eabi/lib/thumb/v7e-m+fp/hard\libc_nano.a(lib_a-memcpy-stub.o)
                0x0000000008008548                memcpy
 .text.memset   0x0000000008008564       0x10 c:/st/stm32cubeide_1.8.0/stm32cubeide/plugins/com.st.stm32cube.ide.mcu.externaltools.gnu-tools-for-stm32.9-2020-q2-update.win32_2.0.0.202105311346/tools/bin/../lib/gcc/arm-none-eabi/9.3.1/../../../../arm-none-eabi/lib/thumb/v7e-m+fp/hard\libc_nano.a(lib_a-memset.o)
                0x0000000008008564                memset
 .text._free_r  0x0000000008008574       0xa0 c:/st/stm32cubeide_1.8.0/stm32cubeide/plugins/com.st.stm32cube.ide.mcu.externaltools.gnu-tools-for-stm32.9-2020-q2-update.win32_2.0.0.202105311346/tools/bin/../lib/gcc/arm-none-eabi/9.3.1/../../../../arm-none-eabi/lib/thumb/v7e-m+fp/hard\libc_nano.a(lib_a-nano-freer.o)
                0x0000000008008574                _free_r
 .text._malloc_r
                0x0000000008008614       0xb4 c:/st/stm32cubeide_1.8.0/stm32cubeide/plugins/com.st.stm32cube.ide.mcu.externaltools.gnu-tools-for-stm32.9-2020-q2-update.win32_2.0.0.202105311346/tools/bin/../lib/gcc/arm-none-eabi/9.3.1/../../../../arm-none-eabi/lib/thumb/v7e-m+fp/hard\libc_nano.a(lib_a-nano-mallocr.o)
                0x0000000008008614                _malloc_r
 .text.printf   0x00000000080086c8       0x30 c:/st/stm32cubeide_1.8.0/stm32cubeide/plugins/com.st.stm32cube.ide.mcu.externaltools.gnu-tools-for-stm32.9-2020-q2-update.win32_2.0.0.202105311346/tools/bin/../lib/gcc/arm-none-eabi/9.3.1/../../../../arm-none-eabi/lib/thumb/v7e-m+fp/hard\libc_nano.a(lib_a-printf.o)
                0x00000000080086c8                iprintf
                0x00000000080086c8                printf
 .text._puts_r  0x00000000080086f8       0xdc c:/st/stm32cubeide_1.8.0/stm32cubeide/plugins/com.st.stm32cube.ide.mcu.externaltools.gnu-tools-for-stm32.9-2020-q2-update.win32_2.0.0.202105311346/tools/bin/../lib/gcc/arm-none-eabi/9.3.1/../../../../arm-none-eabi/lib/thumb/v7e-m+fp/hard\libc_nano.a(lib_a-puts.o)
                0x00000000080086f8                _puts_r
 .text.puts     0x00000000080087d4       0x10 c:/st/stm32cubeide_1.8.0/stm32cubeide/plugins/com.st.stm32cube.ide.mcu.externaltools.gnu-tools-for-stm32.9-2020-q2-update.win32_2.0.0.202105311346/tools/bin/../lib/gcc/arm-none-eabi/9.3.1/../../../../arm-none-eabi/lib/thumb/v7e-m+fp/hard\libc_nano.a(lib_a-puts.o)
                0x00000000080087d4                puts
 .text._sbrk_r  0x00000000080087e4       0x20 c:/st/stm32cubeide_1.8.0/stm32cubeide/plugins/com.st.stm32cube.ide.mcu.externaltools.gnu-tools-for-stm32.9-2020-q2-update.win32_2.0.0.202105311346/tools/bin/../lib/gcc/arm-none-eabi/9.3.1/../../../../arm-none-eabi/lib/thumb/v7e-m+fp/hard\libc_nano.a(lib_a-sbrkr.o)
                0x00000000080087e4                _sbrk_r
 .text.__swbuf_r
                0x0000000008008804       0xa4 c:/st/stm32cubeide_1.8.0/stm32cubeide/plugins/com.st.stm32cube.ide.mcu.externaltools.gnu-tools-for-stm32.9-2020-q2-update.win32_2.0.0.202105311346/tools/bin/../lib/gcc/arm-none-eabi/9.3.1/../../../../arm-none-eabi/lib/thumb/v7e-m+fp/hard\libc_nano.a(lib_a-wbuf.o)
                0x0000000008008804                __swbuf_r
 .text.__swsetup_r
                0x00000000080088a8       0xdc c:/st/stm32cubeide_1.8.0/stm32cubeide/plugins/com.st.stm32cube.ide.mcu.externaltools.gnu-tools-for-stm32.9-2020-q2-update.win32_2.0.0.202105311346/tools/bin/../lib/gcc/arm-none-eabi/9.3.1/../../../../arm-none-eabi/lib/thumb/v7e-m+fp/hard\libc_nano.a(lib_a-wsetup.o)
                0x00000000080088a8                __swsetup_r
 .text.__sflush_r
                0x0000000008008984      0x10c c:/st/stm32cubeide_1.8.0/stm32cubeide/plugins/com.st.stm32cube.ide.mcu.externaltools.gnu-tools-for-stm32.9-2020-q2-update.win32_2.0.0.202105311346/tools/bin/../lib/gcc/arm-none-eabi/9.3.1/../../../../arm-none-eabi/lib/thumb/v7e-m+fp/hard\libc_nano.a(lib_a-fflush.o)
                0x0000000008008984                __sflush_r
 .text._fflush_r
                0x0000000008008a90       0x78 c:/st/stm32cubeide_1.8.0/stm32cubeide/plugins/com.st.stm32cube.ide.mcu.externaltools.gnu-tools-for-stm32.9-2020-q2-update.win32_2.0.0.202105311346/tools/bin/../lib/gcc/arm-none-eabi/9.3.1/../../../../arm-none-eabi/lib/thumb/v7e-m+fp/hard\libc_nano.a(lib_a-fflush.o)
                0x0000000008008a90                _fflush_r
 .text.std      0x0000000008008b08       0x48 c:/st/stm32cubeide_1.8.0/stm32cubeide/plugins/com.st.stm32cube.ide.mcu.externaltools.gnu-tools-for-stm32.9-2020-q2-update.win32_2.0.0.202105311346/tools/bin/../lib/gcc/arm-none-eabi/9.3.1/../../../../arm-none-eabi/lib/thumb/v7e-m+fp/hard\libc_nano.a(lib_a-findfp.o)
 .text._cleanup_r
                0x0000000008008b50        0xc c:/st/stm32cubeide_1.8.0/stm32cubeide/plugins/com.st.stm32cube.ide.mcu.externaltools.gnu-tools-for-stm32.9-2020-q2-update.win32_2.0.0.202105311346/tools/bin/../lib/gcc/arm-none-eabi/9.3.1/../../../../arm-none-eabi/lib/thumb/v7e-m+fp/hard\libc_nano.a(lib_a-findfp.o)
                0x0000000008008b50                _cleanup_r
 .text.__sfmoreglue
                0x0000000008008b5c       0x2c c:/st/stm32cubeide_1.8.0/stm32cubeide/plugins/com.st.stm32cube.ide.mcu.externaltools.gnu-tools-for-stm32.9-2020-q2-update.win32_2.0.0.202105311346/tools/bin/../lib/gcc/arm-none-eabi/9.3.1/../../../../arm-none-eabi/lib/thumb/v7e-m+fp/hard\libc_nano.a(lib_a-findfp.o)
                0x0000000008008b5c                __sfmoreglue
 .text.__sfp_lock_acquire
                0x0000000008008b88        0xc c:/st/stm32cubeide_1.8.0/stm32cubeide/plugins/com.st.stm32cube.ide.mcu.externaltools.gnu-tools-for-stm32.9-2020-q2-update.win32_2.0.0.202105311346/tools/bin/../lib/gcc/arm-none-eabi/9.3.1/../../../../arm-none-eabi/lib/thumb/v7e-m+fp/hard\libc_nano.a(lib_a-findfp.o)
                0x0000000008008b88                __sfp_lock_acquire
 .text.__sfp_lock_release
                0x0000000008008b94        0xc c:/st/stm32cubeide_1.8.0/stm32cubeide/plugins/com.st.stm32cube.ide.mcu.externaltools.gnu-tools-for-stm32.9-2020-q2-update.win32_2.0.0.202105311346/tools/bin/../lib/gcc/arm-none-eabi/9.3.1/../../../../arm-none-eabi/lib/thumb/v7e-m+fp/hard\libc_nano.a(lib_a-findfp.o)
                0x0000000008008b94                __sfp_lock_release
 .text.__sinit_lock_acquire
                0x0000000008008ba0        0xc c:/st/stm32cubeide_1.8.0/stm32cubeide/plugins/com.st.stm32cube.ide.mcu.externaltools.gnu-tools-for-stm32.9-2020-q2-update.win32_2.0.0.202105311346/tools/bin/../lib/gcc/arm-none-eabi/9.3.1/../../../../arm-none-eabi/lib/thumb/v7e-m+fp/hard\libc_nano.a(lib_a-findfp.o)
                0x0000000008008ba0                __sinit_lock_acquire
 .text.__sinit_lock_release
                0x0000000008008bac        0xc c:/st/stm32cubeide_1.8.0/stm32cubeide/plugins/com.st.stm32cube.ide.mcu.externaltools.gnu-tools-for-stm32.9-2020-q2-update.win32_2.0.0.202105311346/tools/bin/../lib/gcc/arm-none-eabi/9.3.1/../../../../arm-none-eabi/lib/thumb/v7e-m+fp/hard\libc_nano.a(lib_a-findfp.o)
                0x0000000008008bac                __sinit_lock_release
 .text.__sinit  0x0000000008008bb8       0x70 c:/st/stm32cubeide_1.8.0/stm32cubeide/plugins/com.st.stm32cube.ide.mcu.externaltools.gnu-tools-for-stm32.9-2020-q2-update.win32_2.0.0.202105311346/tools/bin/../lib/gcc/arm-none-eabi/9.3.1/../../../../arm-none-eabi/lib/thumb/v7e-m+fp/hard\libc_nano.a(lib_a-findfp.o)
                0x0000000008008bb8                __sinit
 .text.__sfp    0x0000000008008c28       0x8c c:/st/stm32cubeide_1.8.0/stm32cubeide/plugins/com.st.stm32cube.ide.mcu.externaltools.gnu-tools-for-stm32.9-2020-q2-update.win32_2.0.0.202105311346/tools/bin/../lib/gcc/arm-none-eabi/9.3.1/../../../../arm-none-eabi/lib/thumb/v7e-m+fp/hard\libc_nano.a(lib_a-findfp.o)
                0x0000000008008c28                __sfp
 .text._fwalk_reent
                0x0000000008008cb4       0x3e c:/st/stm32cubeide_1.8.0/stm32cubeide/plugins/com.st.stm32cube.ide.mcu.externaltools.gnu-tools-for-stm32.9-2020-q2-update.win32_2.0.0.202105311346/tools/bin/../lib/gcc/arm-none-eabi/9.3.1/../../../../arm-none-eabi/lib/thumb/v7e-m+fp/hard\libc_nano.a(lib_a-fwalk.o)
                0x0000000008008cb4                _fwalk_reent
 .text.__retarget_lock_init_recursive
                0x0000000008008cf2        0x2 c:/st/stm32cubeide_1.8.0/stm32cubeide/plugins/com.st.stm32cube.ide.mcu.externaltools.gnu-tools-for-stm32.9-2020-q2-update.win32_2.0.0.202105311346/tools/bin/../lib/gcc/arm-none-eabi/9.3.1/../../../../arm-none-eabi/lib/thumb/v7e-m+fp/hard\libc_nano.a(lib_a-lock.o)
                0x0000000008008cf2                __retarget_lock_init_recursive
 .text.__retarget_lock_acquire_recursive
                0x0000000008008cf4        0x2 c:/st/stm32cubeide_1.8.0/stm32cubeide/plugins/com.st.stm32cube.ide.mcu.externaltools.gnu-tools-for-stm32.9-2020-q2-update.win32_2.0.0.202105311346/tools/bin/../lib/gcc/arm-none-eabi/9.3.1/../../../../arm-none-eabi/lib/thumb/v7e-m+fp/hard\libc_nano.a(lib_a-lock.o)
                0x0000000008008cf4                __retarget_lock_acquire_recursive
 .text.__retarget_lock_release_recursive
                0x0000000008008cf6        0x2 c:/st/stm32cubeide_1.8.0/stm32cubeide/plugins/com.st.stm32cube.ide.mcu.externaltools.gnu-tools-for-stm32.9-2020-q2-update.win32_2.0.0.202105311346/tools/bin/../lib/gcc/arm-none-eabi/9.3.1/../../../../arm-none-eabi/lib/thumb/v7e-m+fp/hard\libc_nano.a(lib_a-lock.o)
                0x0000000008008cf6                __retarget_lock_release_recursive
 .text.__swhatbuf_r
                0x0000000008008cf8       0x48 c:/st/stm32cubeide_1.8.0/stm32cubeide/plugins/com.st.stm32cube.ide.mcu.externaltools.gnu-tools-for-stm32.9-2020-q2-update.win32_2.0.0.202105311346/tools/bin/../lib/gcc/arm-none-eabi/9.3.1/../../../../arm-none-eabi/lib/thumb/v7e-m+fp/hard\libc_nano.a(lib_a-makebuf.o)
                0x0000000008008cf8                __swhatbuf_r
 .text.__smakebuf_r
                0x0000000008008d40       0x80 c:/st/stm32cubeide_1.8.0/stm32cubeide/plugins/com.st.stm32cube.ide.mcu.externaltools.gnu-tools-for-stm32.9-2020-q2-update.win32_2.0.0.202105311346/tools/bin/../lib/gcc/arm-none-eabi/9.3.1/../../../../arm-none-eabi/lib/thumb/v7e-m+fp/hard\libc_nano.a(lib_a-makebuf.o)
                0x0000000008008d40                __smakebuf_r
 .text.__malloc_lock
                0x0000000008008dc0        0xc c:/st/stm32cubeide_1.8.0/stm32cubeide/plugins/com.st.stm32cube.ide.mcu.externaltools.gnu-tools-for-stm32.9-2020-q2-update.win32_2.0.0.202105311346/tools/bin/../lib/gcc/arm-none-eabi/9.3.1/../../../../arm-none-eabi/lib/thumb/v7e-m+fp/hard\libc_nano.a(lib_a-mlock.o)
                0x0000000008008dc0                __malloc_lock
 .text.__malloc_unlock
                0x0000000008008dcc        0xc c:/st/stm32cubeide_1.8.0/stm32cubeide/plugins/com.st.stm32cube.ide.mcu.externaltools.gnu-tools-for-stm32.9-2020-q2-update.win32_2.0.0.202105311346/tools/bin/../lib/gcc/arm-none-eabi/9.3.1/../../../../arm-none-eabi/lib/thumb/v7e-m+fp/hard\libc_nano.a(lib_a-mlock.o)
                0x0000000008008dcc                __malloc_unlock
 .text.__sfputc_r
                0x0000000008008dd8       0x2e c:/st/stm32cubeide_1.8.0/stm32cubeide/plugins/com.st.stm32cube.ide.mcu.externaltools.gnu-tools-for-stm32.9-2020-q2-update.win32_2.0.0.202105311346/tools/bin/../lib/gcc/arm-none-eabi/9.3.1/../../../../arm-none-eabi/lib/thumb/v7e-m+fp/hard\libc_nano.a(lib_a-nano-vfprintf.o)
 .text.__sfputs_r
                0x0000000008008e06       0x24 c:/st/stm32cubeide_1.8.0/stm32cubeide/plugins/com.st.stm32cube.ide.mcu.externaltools.gnu-tools-for-stm32.9-2020-q2-update.win32_2.0.0.202105311346/tools/bin/../lib/gcc/arm-none-eabi/9.3.1/../../../../arm-none-eabi/lib/thumb/v7e-m+fp/hard\libc_nano.a(lib_a-nano-vfprintf.o)
                0x0000000008008e06                __sfputs_r
 *fill*         0x0000000008008e2a        0x2 
 .text._vfprintf_r
                0x0000000008008e2c      0x260 c:/st/stm32cubeide_1.8.0/stm32cubeide/plugins/com.st.stm32cube.ide.mcu.externaltools.gnu-tools-for-stm32.9-2020-q2-update.win32_2.0.0.202105311346/tools/bin/../lib/gcc/arm-none-eabi/9.3.1/../../../../arm-none-eabi/lib/thumb/v7e-m+fp/hard\libc_nano.a(lib_a-nano-vfprintf.o)
                0x0000000008008e2c                _vfprintf_r
                0x0000000008008e2c                _vfiprintf_r
 .text._printf_common
                0x000000000800908c       0xda c:/st/stm32cubeide_1.8.0/stm32cubeide/plugins/com.st.stm32cube.ide.mcu.externaltools.gnu-tools-for-stm32.9-2020-q2-update.win32_2.0.0.202105311346/tools/bin/../lib/gcc/arm-none-eabi/9.3.1/../../../../arm-none-eabi/lib/thumb/v7e-m+fp/hard\libc_nano.a(lib_a-nano-vfprintf_i.o)
                0x000000000800908c                _printf_common
 *fill*         0x0000000008009166        0x2 
 .text._printf_i
                0x0000000008009168      0x24c c:/st/stm32cubeide_1.8.0/stm32cubeide/plugins/com.st.stm32cube.ide.mcu.externaltools.gnu-tools-for-stm32.9-2020-q2-update.win32_2.0.0.202105311346/tools/bin/../lib/gcc/arm-none-eabi/9.3.1/../../../../arm-none-eabi/lib/thumb/v7e-m+fp/hard\libc_nano.a(lib_a-nano-vfprintf_i.o)
                0x0000000008009168                _printf_i
 .text.__sread  0x00000000080093b4       0x22 c:/st/stm32cubeide_1.8.0/stm32cubeide/plugins/com.st.stm32cube.ide.mcu.externaltools.gnu-tools-for-stm32.9-2020-q2-update.win32_2.0.0.202105311346/tools/bin/../lib/gcc/arm-none-eabi/9.3.1/../../../../arm-none-eabi/lib/thumb/v7e-m+fp/hard\libc_nano.a(lib_a-stdio.o)
                0x00000000080093b4                __sread
 .text.__swrite
                0x00000000080093d6       0x38 c:/st/stm32cubeide_1.8.0/stm32cubeide/plugins/com.st.stm32cube.ide.mcu.externaltools.gnu-tools-for-stm32.9-2020-q2-update.win32_2.0.0.202105311346/tools/bin/../lib/gcc/arm-none-eabi/9.3.1/../../../../arm-none-eabi/lib/thumb/v7e-m+fp/hard\libc_nano.a(lib_a-stdio.o)
                0x00000000080093d6                __swrite
 .text.__sseek  0x000000000800940e       0x24 c:/st/stm32cubeide_1.8.0/stm32cubeide/plugins/com.st.stm32cube.ide.mcu.externaltools.gnu-tools-for-stm32.9-2020-q2-update.win32_2.0.0.202105311346/tools/bin/../lib/gcc/arm-none-eabi/9.3.1/../../../../arm-none-eabi/lib/thumb/v7e-m+fp/hard\libc_nano.a(lib_a-stdio.o)
                0x000000000800940e                __sseek
 .text.__sclose
                0x0000000008009432        0x8 c:/st/stm32cubeide_1.8.0/stm32cubeide/plugins/com.st.stm32cube.ide.mcu.externaltools.gnu-tools-for-stm32.9-2020-q2-update.win32_2.0.0.202105311346/tools/bin/../lib/gcc/arm-none-eabi/9.3.1/../../../../arm-none-eabi/lib/thumb/v7e-m+fp/hard\libc_nano.a(lib_a-stdio.o)
                0x0000000008009432                __sclose
 *fill*         0x000000000800943a        0x2 
 .text._write_r
                0x000000000800943c       0x24 c:/st/stm32cubeide_1.8.0/stm32cubeide/plugins/com.st.stm32cube.ide.mcu.externaltools.gnu-tools-for-stm32.9-2020-q2-update.win32_2.0.0.202105311346/tools/bin/../lib/gcc/arm-none-eabi/9.3.1/../../../../arm-none-eabi/lib/thumb/v7e-m+fp/hard\libc_nano.a(lib_a-writer.o)
                0x000000000800943c                _write_r
 .text._close_r
                0x0000000008009460       0x20 c:/st/stm32cubeide_1.8.0/stm32cubeide/plugins/com.st.stm32cube.ide.mcu.externaltools.gnu-tools-for-stm32.9-2020-q2-update.win32_2.0.0.202105311346/tools/bin/../lib/gcc/arm-none-eabi/9.3.1/../../../../arm-none-eabi/lib/thumb/v7e-m+fp/hard\libc_nano.a(lib_a-closer.o)
                0x0000000008009460                _close_r
 .text._fstat_r
                0x0000000008009480       0x24 c:/st/stm32cubeide_1.8.0/stm32cubeide/plugins/com.st.stm32cube.ide.mcu.externaltools.gnu-tools-for-stm32.9-2020-q2-update.win32_2.0.0.202105311346/tools/bin/../lib/gcc/arm-none-eabi/9.3.1/../../../../arm-none-eabi/lib/thumb/v7e-m+fp/hard\libc_nano.a(lib_a-fstatr.o)
                0x0000000008009480                _fstat_r
 .text._isatty_r
                0x00000000080094a4       0x20 c:/st/stm32cubeide_1.8.0/stm32cubeide/plugins/com.st.stm32cube.ide.mcu.externaltools.gnu-tools-for-stm32.9-2020-q2-update.win32_2.0.0.202105311346/tools/bin/../lib/gcc/arm-none-eabi/9.3.1/../../../../arm-none-eabi/lib/thumb/v7e-m+fp/hard\libc_nano.a(lib_a-isattyr.o)
                0x00000000080094a4                _isatty_r
 .text._lseek_r
                0x00000000080094c4       0x24 c:/st/stm32cubeide_1.8.0/stm32cubeide/plugins/com.st.stm32cube.ide.mcu.externaltools.gnu-tools-for-stm32.9-2020-q2-update.win32_2.0.0.202105311346/tools/bin/../lib/gcc/arm-none-eabi/9.3.1/../../../../arm-none-eabi/lib/thumb/v7e-m+fp/hard\libc_nano.a(lib_a-lseekr.o)
                0x00000000080094c4                _lseek_r
 .text._read_r  0x00000000080094e8       0x24 c:/st/stm32cubeide_1.8.0/stm32cubeide/plugins/com.st.stm32cube.ide.mcu.externaltools.gnu-tools-for-stm32.9-2020-q2-update.win32_2.0.0.202105311346/tools/bin/../lib/gcc/arm-none-eabi/9.3.1/../../../../arm-none-eabi/lib/thumb/v7e-m+fp/hard\libc_nano.a(lib_a-readr.o)
                0x00000000080094e8                _read_r
 *(.glue_7)
 .glue_7        0x000000000800950c        0x0 linker stubs
 *(.glue_7t)
 .glue_7t       0x000000000800950c        0x0 linker stubs
 *(.eh_frame)
 .eh_frame      0x000000000800950c        0x0 c:/st/stm32cubeide_1.8.0/stm32cubeide/plugins/com.st.stm32cube.ide.mcu.externaltools.gnu-tools-for-stm32.9-2020-q2-update.win32_2.0.0.202105311346/tools/bin/../lib/gcc/arm-none-eabi/9.3.1/thumb/v7e-m+fp/hard/crtbegin.o
 *(.init)
 .init          0x000000000800950c        0x4 c:/st/stm32cubeide_1.8.0/stm32cubeide/plugins/com.st.stm32cube.ide.mcu.externaltools.gnu-tools-for-stm32.9-2020-q2-update.win32_2.0.0.202105311346/tools/bin/../lib/gcc/arm-none-eabi/9.3.1/thumb/v7e-m+fp/hard/crti.o
                0x000000000800950c                _init
 .init          0x0000000008009510        0x8 c:/st/stm32cubeide_1.8.0/stm32cubeide/plugins/com.st.stm32cube.ide.mcu.externaltools.gnu-tools-for-stm32.9-2020-q2-update.win32_2.0.0.202105311346/tools/bin/../lib/gcc/arm-none-eabi/9.3.1/thumb/v7e-m+fp/hard/crtn.o
 *(.fini)
 .fini          0x0000000008009518        0x4 c:/st/stm32cubeide_1.8.0/stm32cubeide/plugins/com.st.stm32cube.ide.mcu.externaltools.gnu-tools-for-stm32.9-2020-q2-update.win32_2.0.0.202105311346/tools/bin/../lib/gcc/arm-none-eabi/9.3.1/thumb/v7e-m+fp/hard/crti.o
                0x0000000008009518                _fini
 .fini          0x000000000800951c        0x8 c:/st/stm32cubeide_1.8.0/stm32cubeide/plugins/com.st.stm32cube.ide.mcu.externaltools.gnu-tools-for-stm32.9-2020-q2-update.win32_2.0.0.202105311346/tools/bin/../lib/gcc/arm-none-eabi/9.3.1/thumb/v7e-m+fp/hard/crtn.o
                0x0000000008009524                . = ALIGN (0x4)
                0x0000000008009524                _etext = .

.vfp11_veneer   0x0000000008009524        0x0
 .vfp11_veneer  0x0000000008009524        0x0 linker stubs

.v4_bx          0x0000000008009524        0x0
 .v4_bx         0x0000000008009524        0x0 linker stubs

.iplt           0x0000000008009524        0x0
 .iplt          0x0000000008009524        0x0 c:/st/stm32cubeide_1.8.0/stm32cubeide/plugins/com.st.stm32cube.ide.mcu.externaltools.gnu-tools-for-stm32.9-2020-q2-update.win32_2.0.0.202105311346/tools/bin/../lib/gcc/arm-none-eabi/9.3.1/thumb/v7e-m+fp/hard/crtbegin.o

.rodata         0x0000000008009524      0xe44
                0x0000000008009524                . = ALIGN (0x4)
 *(.rodata)
 .rodata        0x0000000008009524      0x132 ./Components/HMI/hmi.o
 *fill*         0x0000000008009656        0x2 
 .rodata        0x0000000008009658        0xa ./Components/HMI/leds.o
 *fill*         0x0000000008009662        0x2 
 .rodata        0x0000000008009664       0x33 ./Components/HMI/uart_parser.o
 *fill*         0x0000000008009697        0x1 
 .rodata        0x0000000008009698      0x239 ./Components/Utils/TinyFrame.o
 *fill*         0x00000000080098d1        0x3 
 .rodata        0x00000000080098d4        0x5 ./ThirdParty/FreeRTOS/tasks.o
 *fill*         0x00000000080098d9        0x3 
 .rodata        0x00000000080098dc        0xd ./ThirdParty/FreeRTOS/timers.o
 *(.rodata*)
 *fill*         0x00000000080098e9        0x3 
 .rodata.ascii_table_8x16
                0x00000000080098ec      0x5f0 ./Components/Drivers/oled_ascii.o
                0x00000000080098ec                ascii_table_8x16
 .rodata.ascii_table_5x8
                0x0000000008009edc      0x1db ./Components/Drivers/oled_ascii.o
                0x0000000008009edc                ascii_table_5x8
 *fill*         0x000000000800a0b7        0x1 
 .rodata.crc16_table
                0x000000000800a0b8      0x200 ./Components/Utils/TinyFrame.o
 .rodata.AHBPrescTable
                0x000000000800a2b8       0x10 ./Core/Src/system_stm32f4xx.o
                0x000000000800a2b8                AHBPrescTable
 .rodata.APBPrescTable
                0x000000000800a2c8        0x8 ./Core/Src/system_stm32f4xx.o
                0x000000000800a2c8                APBPrescTable
 .rodata._global_impure_ptr
                0x000000000800a2d0        0x4 c:/st/stm32cubeide_1.8.0/stm32cubeide/plugins/com.st.stm32cube.ide.mcu.externaltools.gnu-tools-for-stm32.9-2020-q2-update.win32_2.0.0.202105311346/tools/bin/../lib/gcc/arm-none-eabi/9.3.1/../../../../arm-none-eabi/lib/thumb/v7e-m+fp/hard\libc_nano.a(lib_a-impure.o)
                0x000000000800a2d0                _global_impure_ptr
 .rodata.__sf_fake_stderr
                0x000000000800a2d4       0x20 c:/st/stm32cubeide_1.8.0/stm32cubeide/plugins/com.st.stm32cube.ide.mcu.externaltools.gnu-tools-for-stm32.9-2020-q2-update.win32_2.0.0.202105311346/tools/bin/../lib/gcc/arm-none-eabi/9.3.1/../../../../arm-none-eabi/lib/thumb/v7e-m+fp/hard\libc_nano.a(lib_a-findfp.o)
                0x000000000800a2d4                __sf_fake_stderr
 .rodata.__sf_fake_stdin
                0x000000000800a2f4       0x20 c:/st/stm32cubeide_1.8.0/stm32cubeide/plugins/com.st.stm32cube.ide.mcu.externaltools.gnu-tools-for-stm32.9-2020-q2-update.win32_2.0.0.202105311346/tools/bin/../lib/gcc/arm-none-eabi/9.3.1/../../../../arm-none-eabi/lib/thumb/v7e-m+fp/hard\libc_nano.a(lib_a-findfp.o)
                0x000000000800a2f4                __sf_fake_stdin
 .rodata.__sf_fake_stdout
                0x000000000800a314       0x20 c:/st/stm32cubeide_1.8.0/stm32cubeide/plugins/com.st.stm32cube.ide.mcu.externaltools.gnu-tools-for-stm32.9-2020-q2-update.win32_2.0.0.202105311346/tools/bin/../lib/gcc/arm-none-eabi/9.3.1/../../../../arm-none-eabi/lib/thumb/v7e-m+fp/hard\libc_nano.a(lib_a-findfp.o)
                0x000000000800a314                __sf_fake_stdout
 .rodata._vfprintf_r.str1.1
                0x000000000800a334       0x11 c:/st/stm32cubeide_1.8.0/stm32cubeide/plugins/com.st.stm32cube.ide.mcu.externaltools.gnu-tools-for-stm32.9-2020-q2-update.win32_2.0.0.202105311346/tools/bin/../lib/gcc/arm-none-eabi/9.3.1/../../../../arm-none-eabi/lib/thumb/v7e-m+fp/hard\libc_nano.a(lib_a-nano-vfprintf.o)
 .rodata._printf_i.str1.1
                0x000000000800a345       0x22 c:/st/stm32cubeide_1.8.0/stm32cubeide/plugins/com.st.stm32cube.ide.mcu.externaltools.gnu-tools-for-stm32.9-2020-q2-update.win32_2.0.0.202105311346/tools/bin/../lib/gcc/arm-none-eabi/9.3.1/../../../../arm-none-eabi/lib/thumb/v7e-m+fp/hard\libc_nano.a(lib_a-nano-vfprintf_i.o)
                0x000000000800a368                . = ALIGN (0x4)
 *fill*         0x000000000800a367        0x1 

.ARM.extab      0x000000000800a368        0x0
                0x000000000800a368                . = ALIGN (0x4)
 *(.ARM.extab* .gnu.linkonce.armextab.*)
                0x000000000800a368                . = ALIGN (0x4)

.ARM            0x000000000800a368        0x8
                0x000000000800a368                . = ALIGN (0x4)
                0x000000000800a368                __exidx_start = .
 *(.ARM.exidx*)
 .ARM.exidx     0x000000000800a368        0x8 c:/st/stm32cubeide_1.8.0/stm32cubeide/plugins/com.st.stm32cube.ide.mcu.externaltools.gnu-tools-for-stm32.9-2020-q2-update.win32_2.0.0.202105311346/tools/bin/../lib/gcc/arm-none-eabi/9.3.1/thumb/v7e-m+fp/hard\libgcc.a(_udivmoddi4.o)
                0x000000000800a370                __exidx_end = .
                0x000000000800a370                . = ALIGN (0x4)

.rel.dyn        0x000000000800a370        0x0
 .rel.iplt      0x000000000800a370        0x0 c:/st/stm32cubeide_1.8.0/stm32cubeide/plugins/com.st.stm32cube.ide.mcu.externaltools.gnu-tools-for-stm32.9-2020-q2-update.win32_2.0.0.202105311346/tools/bin/../lib/gcc/arm-none-eabi/9.3.1/thumb/v7e-m+fp/hard/crtbegin.o

.preinit_array  0x000000000800a370        0x0
                0x000000000800a370                . = ALIGN (0x4)
                0x000000000800a370                PROVIDE (__preinit_array_start = .)
 *(.preinit_array*)
                0x000000000800a370                PROVIDE (__preinit_array_end = .)
                0x000000000800a370                . = ALIGN (0x4)

.init_array     0x000000000800a370        0x4
                0x000000000800a370                . = ALIGN (0x4)
                0x000000000800a370                PROVIDE (__init_array_start = .)
 *(SORT_BY_NAME(.init_array.*))
 *(.init_array*)
 .init_array    0x000000000800a370        0x4 c:/st/stm32cubeide_1.8.0/stm32cubeide/plugins/com.st.stm32cube.ide.mcu.externaltools.gnu-tools-for-stm32.9-2020-q2-update.win32_2.0.0.202105311346/tools/bin/../lib/gcc/arm-none-eabi/9.3.1/thumb/v7e-m+fp/hard/crtbegin.o
                0x000000000800a374                PROVIDE (__init_array_end = .)
                0x000000000800a374                . = ALIGN (0x4)

.fini_array     0x000000000800a374        0x4
                0x000000000800a374                . = ALIGN (0x4)
                [!provide]                        PROVIDE (__fini_array_start = .)
 *(SORT_BY_NAME(.fini_array.*))
 *(.fini_array*)
 .fini_array    0x000000000800a374        0x4 c:/st/stm32cubeide_1.8.0/stm32cubeide/plugins/com.st.stm32cube.ide.mcu.externaltools.gnu-tools-for-stm32.9-2020-q2-update.win32_2.0.0.202105311346/tools/bin/../lib/gcc/arm-none-eabi/9.3.1/thumb/v7e-m+fp/hard/crtbegin.o
                [!provide]                        PROVIDE (__fini_array_end = .)
                0x000000000800a378                . = ALIGN (0x4)
                0x000000000800a378                _sidata = LOADADDR (.data)

.data           0x0000000020000000       0x7c load address 0x000000000800a378
                0x0000000020000000                . = ALIGN (0x4)
                0x0000000020000000                _sdata = .
 *(.data)
 *(.data*)
 .data.last_pointer.9585
                0x0000000020000000        0x1 ./Components/HMI/hmi.o
 *fill*         0x0000000020000001        0x3 
 .data.SystemCoreClock
                0x0000000020000004        0x4 ./Core/Src/system_stm32f4xx.o
                0x0000000020000004                SystemCoreClock
 .data.uwTickPrio
                0x0000000020000008        0x4 ./Drivers/STM32F4xx_HAL_Driver/Src/stm32f4xx_hal.o
                0x0000000020000008                uwTickPrio
 .data.uwTickFreq
                0x000000002000000c        0x1 ./Drivers/STM32F4xx_HAL_Driver/Src/stm32f4xx_hal.o
                0x000000002000000c                uwTickFreq
 *fill*         0x000000002000000d        0x3 
 .data.uxTopUsedPriority
                0x0000000020000010        0x4 ./ThirdParty/FreeRTOS/tasks.o
                0x0000000020000010                uxTopUsedPriority
 .data.uxCriticalNesting
                0x0000000020000014        0x4 ./ThirdParty/FreeRTOS/portable/GCC/ARM_CM4F/port.o
 .data._impure_ptr
                0x0000000020000018        0x4 c:/st/stm32cubeide_1.8.0/stm32cubeide/plugins/com.st.stm32cube.ide.mcu.externaltools.gnu-tools-for-stm32.9-2020-q2-update.win32_2.0.0.202105311346/tools/bin/../lib/gcc/arm-none-eabi/9.3.1/../../../../arm-none-eabi/lib/thumb/v7e-m+fp/hard\libc_nano.a(lib_a-impure.o)
                0x0000000020000018                _impure_ptr
 .data.impure_data
                0x000000002000001c       0x60 c:/st/stm32cubeide_1.8.0/stm32cubeide/plugins/com.st.stm32cube.ide.mcu.externaltools.gnu-tools-for-stm32.9-2020-q2-update.win32_2.0.0.202105311346/tools/bin/../lib/gcc/arm-none-eabi/9.3.1/../../../../arm-none-eabi/lib/thumb/v7e-m+fp/hard\libc_nano.a(lib_a-impure.o)
 *(.RamFunc)
 *(.RamFunc*)
                0x000000002000007c                . = ALIGN (0x4)
                0x000000002000007c                _edata = .

.igot.plt       0x000000002000007c        0x0 load address 0x000000000800a3f4
 .igot.plt      0x000000002000007c        0x0 c:/st/stm32cubeide_1.8.0/stm32cubeide/plugins/com.st.stm32cube.ide.mcu.externaltools.gnu-tools-for-stm32.9-2020-q2-update.win32_2.0.0.202105311346/tools/bin/../lib/gcc/arm-none-eabi/9.3.1/thumb/v7e-m+fp/hard/crtbegin.o
                0x000000002000007c                . = ALIGN (0x4)

.bss            0x000000002000007c     0x40bc load address 0x000000000800a3f4
                0x000000002000007c                _sbss = .
                0x000000002000007c                __bss_start__ = _sbss
 *(.bss)
 .bss           0x000000002000007c       0x1c c:/st/stm32cubeide_1.8.0/stm32cubeide/plugins/com.st.stm32cube.ide.mcu.externaltools.gnu-tools-for-stm32.9-2020-q2-update.win32_2.0.0.202105311346/tools/bin/../lib/gcc/arm-none-eabi/9.3.1/thumb/v7e-m+fp/hard/crtbegin.o
 *(.bss*)
 .bss.Font_Size
                0x0000000020000098        0x1 ./Components/Drivers/oled_gfx.o
                0x0000000020000098                Font_Size
 .bss.button    0x0000000020000099        0x1 ./Components/HMI/hmi.o
                0x0000000020000099                button
 *fill*         0x000000002000009a        0x2 
 .bss.uart_data
                0x000000002000009c        0x4 ./Components/HMI/hmi.o
                0x000000002000009c                uart_data
 .bss.oled      0x00000000200000a0        0x8 ./Components/HMI/hmi.o
                0x00000000200000a0                oled
 .bss.uart_storage
                0x00000000200000a8      0x160 ./Components/HMI/uart_parser.o
                0x00000000200000a8                uart_storage
 .bss.RxBuffer  0x0000000020000208       0x19 ./Core/Src/main.o
                0x0000000020000208                RxBuffer
 *fill*         0x0000000020000221        0x3 
 .bss.__sbrk_heap_end
                0x0000000020000224        0x4 ./Core/Src/sysmem.o
 .bss.pxCurrentTCB
                0x0000000020000228        0x4 ./ThirdParty/FreeRTOS/tasks.o
                0x0000000020000228                pxCurrentTCB
 .bss.pxReadyTasksLists
                0x000000002000022c       0x64 ./ThirdParty/FreeRTOS/tasks.o
 .bss.xDelayedTaskList1
                0x0000000020000290       0x14 ./ThirdParty/FreeRTOS/tasks.o
 .bss.xDelayedTaskList2
                0x00000000200002a4       0x14 ./ThirdParty/FreeRTOS/tasks.o
 .bss.pxDelayedTaskList
                0x00000000200002b8        0x4 ./ThirdParty/FreeRTOS/tasks.o
 .bss.pxOverflowDelayedTaskList
                0x00000000200002bc        0x4 ./ThirdParty/FreeRTOS/tasks.o
 .bss.xPendingReadyList
                0x00000000200002c0       0x14 ./ThirdParty/FreeRTOS/tasks.o
 .bss.xTasksWaitingTermination
                0x00000000200002d4       0x14 ./ThirdParty/FreeRTOS/tasks.o
 .bss.uxDeletedTasksWaitingCleanUp
                0x00000000200002e8        0x4 ./ThirdParty/FreeRTOS/tasks.o
 .bss.xSuspendedTaskList
                0x00000000200002ec       0x14 ./ThirdParty/FreeRTOS/tasks.o
 .bss.uxCurrentNumberOfTasks
                0x0000000020000300        0x4 ./ThirdParty/FreeRTOS/tasks.o
 .bss.xTickCount
                0x0000000020000304        0x4 ./ThirdParty/FreeRTOS/tasks.o
 .bss.uxTopReadyPriority
                0x0000000020000308        0x4 ./ThirdParty/FreeRTOS/tasks.o
 .bss.xSchedulerRunning
                0x000000002000030c        0x4 ./ThirdParty/FreeRTOS/tasks.o
 .bss.xPendedTicks
                0x0000000020000310        0x4 ./ThirdParty/FreeRTOS/tasks.o
 .bss.xYieldPending
                0x0000000020000314        0x4 ./ThirdParty/FreeRTOS/tasks.o
 .bss.xNumOfOverflows
                0x0000000020000318        0x4 ./ThirdParty/FreeRTOS/tasks.o
 .bss.uxTaskNumber
                0x000000002000031c        0x4 ./ThirdParty/FreeRTOS/tasks.o
 .bss.xNextTaskUnblockTime
                0x0000000020000320        0x4 ./ThirdParty/FreeRTOS/tasks.o
 .bss.xIdleTaskHandle
                0x0000000020000324        0x4 ./ThirdParty/FreeRTOS/tasks.o
 .bss.uxSchedulerSuspended
                0x0000000020000328        0x4 ./ThirdParty/FreeRTOS/tasks.o
 .bss.xActiveTimerList1
                0x000000002000032c       0x14 ./ThirdParty/FreeRTOS/timers.o
 .bss.xActiveTimerList2
                0x0000000020000340       0x14 ./ThirdParty/FreeRTOS/timers.o
 .bss.pxCurrentTimerList
                0x0000000020000354        0x4 ./ThirdParty/FreeRTOS/timers.o
 .bss.pxOverflowTimerList
                0x0000000020000358        0x4 ./ThirdParty/FreeRTOS/timers.o
 .bss.xTimerQueue
                0x000000002000035c        0x4 ./ThirdParty/FreeRTOS/timers.o
 .bss.xTimerTaskHandle
                0x0000000020000360        0x4 ./ThirdParty/FreeRTOS/timers.o
 .bss.xLastTime.6900
                0x0000000020000364        0x4 ./ThirdParty/FreeRTOS/timers.o
 .bss.ucMaxSysCallPriority
                0x0000000020000368        0x1 ./ThirdParty/FreeRTOS/portable/GCC/ARM_CM4F/port.o
 *fill*         0x0000000020000369        0x3 
 .bss.ulMaxPRIGROUPValue
                0x000000002000036c        0x4 ./ThirdParty/FreeRTOS/portable/GCC/ARM_CM4F/port.o
 .bss.ucHeap    0x0000000020000370     0x3c00 ./ThirdParty/FreeRTOS/portable/MemMang/heap_4.o
 .bss.xStart    0x0000000020003f70        0x8 ./ThirdParty/FreeRTOS/portable/MemMang/heap_4.o
 .bss.pxEnd     0x0000000020003f78        0x4 ./ThirdParty/FreeRTOS/portable/MemMang/heap_4.o
 .bss.xFreeBytesRemaining
                0x0000000020003f7c        0x4 ./ThirdParty/FreeRTOS/portable/MemMang/heap_4.o
 .bss.xMinimumEverFreeBytesRemaining
                0x0000000020003f80        0x4 ./ThirdParty/FreeRTOS/portable/MemMang/heap_4.o
 .bss.xNumberOfSuccessfulAllocations
                0x0000000020003f84        0x4 ./ThirdParty/FreeRTOS/portable/MemMang/heap_4.o
 .bss.xNumberOfSuccessfulFrees
                0x0000000020003f88        0x4 ./ThirdParty/FreeRTOS/portable/MemMang/heap_4.o
 .bss.xBlockAllocatedBit
                0x0000000020003f8c        0x4 ./ThirdParty/FreeRTOS/portable/MemMang/heap_4.o
 .bss.__malloc_free_list
                0x0000000020003f90        0x4 c:/st/stm32cubeide_1.8.0/stm32cubeide/plugins/com.st.stm32cube.ide.mcu.externaltools.gnu-tools-for-stm32.9-2020-q2-update.win32_2.0.0.202105311346/tools/bin/../lib/gcc/arm-none-eabi/9.3.1/../../../../arm-none-eabi/lib/thumb/v7e-m+fp/hard\libc_nano.a(lib_a-nano-mallocr.o)
                0x0000000020003f90                __malloc_free_list
 .bss.__malloc_sbrk_start
                0x0000000020003f94        0x4 c:/st/stm32cubeide_1.8.0/stm32cubeide/plugins/com.st.stm32cube.ide.mcu.externaltools.gnu-tools-for-stm32.9-2020-q2-update.win32_2.0.0.202105311346/tools/bin/../lib/gcc/arm-none-eabi/9.3.1/../../../../arm-none-eabi/lib/thumb/v7e-m+fp/hard\libc_nano.a(lib_a-nano-mallocr.o)
                0x0000000020003f94                __malloc_sbrk_start
 *(COMMON)
 COMMON         0x0000000020003f98        0x6 ./Components/Drivers/oled_driver.o
                0x0000000020003f98                color_fill_byte
                0x0000000020003f9c                color_byte
 *fill*         0x0000000020003f9e        0x2 
 COMMON         0x0000000020003fa0        0x8 ./Components/HMI/hmi.o
                0x0000000020003fa0                QueueHandle_btn
                0x0000000020003fa4                TaskHandle_oled
 COMMON         0x0000000020003fa8        0x8 ./Components/HMI/leds.o
                0x0000000020003fa8                QueueHandle_leds_cmd
                0x0000000020003fac                TaskHandle_leds
 COMMON         0x0000000020003fb0        0xc ./Components/HMI/uart_parser.o
                0x0000000020003fb0                TinyFrame_RX
                0x0000000020003fb4                TaskHandle_uart
                0x0000000020003fb8                QueueHandle_uart
 COMMON         0x0000000020003fbc       0x58 ./Core/Src/spi.o
                0x0000000020003fbc                hspi1
 COMMON         0x0000000020004014       0x48 ./Core/Src/stm32f4xx_hal_timebase_tim.o
                0x0000000020004014                htim11
 COMMON         0x000000002000405c       0x88 ./Core/Src/usart.o
                0x000000002000405c                huart3
                0x00000000200040a0                huart2
 COMMON         0x00000000200040e4        0x4 ./Drivers/STM32F4xx_HAL_Driver/Src/stm32f4xx_hal.o
                0x00000000200040e4                uwTick
 COMMON         0x00000000200040e8       0x40 ./ThirdParty/FreeRTOS/queue.o
                0x00000000200040e8                xQueueRegistry
 COMMON         0x0000000020004128        0x9 c:/st/stm32cubeide_1.8.0/stm32cubeide/plugins/com.st.stm32cube.ide.mcu.externaltools.gnu-tools-for-stm32.9-2020-q2-update.win32_2.0.0.202105311346/tools/bin/../lib/gcc/arm-none-eabi/9.3.1/../../../../arm-none-eabi/lib/thumb/v7e-m+fp/hard\libc_nano.a(lib_a-lock.o)
                0x0000000020004128                __lock___atexit_recursive_mutex
                0x0000000020004129                __lock___arc4random_mutex
                0x000000002000412a                __lock___env_recursive_mutex
                0x000000002000412b                __lock___sinit_recursive_mutex
                0x000000002000412c                __lock___malloc_recursive_mutex
                0x000000002000412d                __lock___at_quick_exit_mutex
                0x000000002000412e                __lock___dd_hash_mutex
                0x000000002000412f                __lock___tz_mutex
                0x0000000020004130                __lock___sfp_recursive_mutex
 *fill*         0x0000000020004131        0x3 
 COMMON         0x0000000020004134        0x4 c:/st/stm32cubeide_1.8.0/stm32cubeide/plugins/com.st.stm32cube.ide.mcu.externaltools.gnu-tools-for-stm32.9-2020-q2-update.win32_2.0.0.202105311346/tools/bin/../lib/gcc/arm-none-eabi/9.3.1/../../../../arm-none-eabi/lib/thumb/v7e-m+fp/hard\libc_nano.a(lib_a-reent.o)
                0x0000000020004134                errno
                0x0000000020004138                . = ALIGN (0x4)
                0x0000000020004138                _ebss = .
                0x0000000020004138                __bss_end__ = _ebss

._user_heap_stack
                0x0000000020004138      0x600 load address 0x000000000800a3f4
                0x0000000020004138                . = ALIGN (0x8)
                [!provide]                        PROVIDE (end = .)
                0x0000000020004138                PROVIDE (_end = .)
                0x0000000020004338                . = (. + _Min_Heap_Size)
 *fill*         0x0000000020004138      0x200 
                0x0000000020004738                . = (. + _Min_Stack_Size)
 *fill*         0x0000000020004338      0x400 
                0x0000000020004738                . = ALIGN (0x8)

/DISCARD/
 libc.a(*)
 libm.a(*)
 libgcc.a(*)

.ARM.attributes
                0x0000000000000000       0x30
 *(.ARM.attributes)
 .ARM.attributes
                0x0000000000000000       0x1e c:/st/stm32cubeide_1.8.0/stm32cubeide/plugins/com.st.stm32cube.ide.mcu.externaltools.gnu-tools-for-stm32.9-2020-q2-update.win32_2.0.0.202105311346/tools/bin/../lib/gcc/arm-none-eabi/9.3.1/thumb/v7e-m+fp/hard/crti.o
 .ARM.attributes
                0x000000000000001e       0x34 c:/st/stm32cubeide_1.8.0/stm32cubeide/plugins/com.st.stm32cube.ide.mcu.externaltools.gnu-tools-for-stm32.9-2020-q2-update.win32_2.0.0.202105311346/tools/bin/../lib/gcc/arm-none-eabi/9.3.1/thumb/v7e-m+fp/hard/crtbegin.o
 .ARM.attributes
                0x0000000000000052       0x39 ./Components/Drivers/oled_ascii.o
 .ARM.attributes
                0x000000000000008b       0x34 ./Components/Drivers/oled_driver.o
 .ARM.attributes
                0x00000000000000bf       0x34 ./Components/Drivers/oled_gfx.o
 .ARM.attributes
                0x00000000000000f3       0x34 ./Components/HMI/hmi.o
 .ARM.attributes
                0x0000000000000127       0x34 ./Components/HMI/leds.o
 .ARM.attributes
                0x000000000000015b       0x34 ./Components/HMI/uart_parser.o
 .ARM.attributes
                0x000000000000018f       0x34 ./Components/Utils/TinyFrame.o
 .ARM.attributes
                0x00000000000001c3       0x34 ./Core/Src/gpio.o
 .ARM.attributes
                0x00000000000001f7       0x34 ./Core/Src/main.o
 .ARM.attributes
                0x000000000000022b       0x34 ./Core/Src/spi.o
 .ARM.attributes
                0x000000000000025f       0x34 ./Core/Src/stm32f4xx_hal_msp.o
 .ARM.attributes
                0x0000000000000293       0x34 ./Core/Src/stm32f4xx_hal_timebase_tim.o
 .ARM.attributes
                0x00000000000002c7       0x34 ./Core/Src/stm32f4xx_it.o
 .ARM.attributes
                0x00000000000002fb       0x34 ./Core/Src/syscalls.o
 .ARM.attributes
                0x000000000000032f       0x34 ./Core/Src/sysmem.o
 .ARM.attributes
                0x0000000000000363       0x34 ./Core/Src/system_stm32f4xx.o
 .ARM.attributes
                0x0000000000000397       0x34 ./Core/Src/usart.o
 .ARM.attributes
                0x00000000000003cb       0x21 ./Core/Startup/startup_stm32f446retx.o
 .ARM.attributes
                0x00000000000003ec       0x34 ./Drivers/STM32F4xx_HAL_Driver/Src/stm32f4xx_hal.o
 .ARM.attributes
                0x0000000000000420       0x34 ./Drivers/STM32F4xx_HAL_Driver/Src/stm32f4xx_hal_cortex.o
 .ARM.attributes
                0x0000000000000454       0x34 ./Drivers/STM32F4xx_HAL_Driver/Src/stm32f4xx_hal_dma.o
 .ARM.attributes
                0x0000000000000488       0x34 ./Drivers/STM32F4xx_HAL_Driver/Src/stm32f4xx_hal_gpio.o
 .ARM.attributes
                0x00000000000004bc       0x34 ./Drivers/STM32F4xx_HAL_Driver/Src/stm32f4xx_hal_rcc.o
 .ARM.attributes
                0x00000000000004f0       0x34 ./Drivers/STM32F4xx_HAL_Driver/Src/stm32f4xx_hal_rcc_ex.o
 .ARM.attributes
                0x0000000000000524       0x34 ./Drivers/STM32F4xx_HAL_Driver/Src/stm32f4xx_hal_spi.o
 .ARM.attributes
                0x0000000000000558       0x34 ./Drivers/STM32F4xx_HAL_Driver/Src/stm32f4xx_hal_tim.o
 .ARM.attributes
                0x000000000000058c       0x34 ./Drivers/STM32F4xx_HAL_Driver/Src/stm32f4xx_hal_tim_ex.o
 .ARM.attributes
                0x00000000000005c0       0x34 ./Drivers/STM32F4xx_HAL_Driver/Src/stm32f4xx_hal_uart.o
 .ARM.attributes
                0x00000000000005f4       0x34 ./ThirdParty/FreeRTOS/list.o
 .ARM.attributes
                0x0000000000000628       0x34 ./ThirdParty/FreeRTOS/queue.o
 .ARM.attributes
                0x000000000000065c       0x34 ./ThirdParty/FreeRTOS/tasks.o
 .ARM.attributes
                0x0000000000000690       0x34 ./ThirdParty/FreeRTOS/timers.o
 .ARM.attributes
                0x00000000000006c4       0x34 ./ThirdParty/FreeRTOS/portable/GCC/ARM_CM4F/port.o
 .ARM.attributes
                0x00000000000006f8       0x34 ./ThirdParty/FreeRTOS/portable/MemMang/heap_4.o
 .ARM.attributes
                0x000000000000072c       0x34 c:/st/stm32cubeide_1.8.0/stm32cubeide/plugins/com.st.stm32cube.ide.mcu.externaltools.gnu-tools-for-stm32.9-2020-q2-update.win32_2.0.0.202105311346/tools/bin/../lib/gcc/arm-none-eabi/9.3.1/../../../../arm-none-eabi/lib/thumb/v7e-m+fp/hard\libc_nano.a(lib_a-errno.o)
 .ARM.attributes
                0x0000000000000760       0x32 c:/st/stm32cubeide_1.8.0/stm32cubeide/plugins/com.st.stm32cube.ide.mcu.externaltools.gnu-tools-for-stm32.9-2020-q2-update.win32_2.0.0.202105311346/tools/bin/../lib/gcc/arm-none-eabi/9.3.1/../../../../arm-none-eabi/lib/thumb/v7e-m+fp/hard\libc_nano.a(lib_a-impure.o)
 .ARM.attributes