Archive member included to satisfy reference by file (symbol)

c:/st/stm32cubeide_1.8.0/stm32cubeide/plugins/com.st.stm32cube.ide.mcu.externaltools.gnu-tools-for-stm32.9-2020-q2-update.win32_2.0.0.202105311346/tools/bin/../lib/gcc/arm-none-eabi/9.3.1/../../../../arm-none-eabi/lib/thumb/v7e-m+fp/hard\libc_nano.a(lib_a-atoi.o)
                              ./Components/HMI/hmi.o (atoi)
c:/st/stm32cubeide_1.8.0/stm32cubeide/plugins/com.st.stm32cube.ide.mcu.externaltools.gnu-tools-for-stm32.9-2020-q2-update.win32_2.0.0.202105311346/tools/bin/../lib/gcc/arm-none-eabi/9.3.1/../../../../arm-none-eabi/lib/thumb/v7e-m+fp/hard\libc_nano.a(lib_a-errno.o)
                              ./Core/Src/syscalls.o (__errno)
c:/st/stm32cubeide_1.8.0/stm32cubeide/plugins/com.st.stm32cube.ide.mcu.externaltools.gnu-tools-for-stm32.9-2020-q2-update.win32_2.0.0.202105311346/tools/bin/../lib/gcc/arm-none-eabi/9.3.1/../../../../arm-none-eabi/lib/thumb/v7e-m+fp/hard\libc_nano.a(lib_a-exit.o)
                              c:/st/stm32cubeide_1.8.0/stm32cubeide/plugins/com.st.stm32cube.ide.mcu.externaltools.gnu-tools-for-stm32.9-2020-q2-update.win32_2.0.0.202105311346/tools/bin/../lib/gcc/arm-none-eabi/9.3.1/../../../../arm-none-eabi/lib/thumb/v7e-m+fp/hard/crt0.o (exit)
c:/st/stm32cubeide_1.8.0/stm32cubeide/plugins/com.st.stm32cube.ide.mcu.externaltools.gnu-tools-for-stm32.9-2020-q2-update.win32_2.0.0.202105311346/tools/bin/../lib/gcc/arm-none-eabi/9.3.1/../../../../arm-none-eabi/lib/thumb/v7e-m+fp/hard\libc_nano.a(lib_a-impure.o)
                              c:/st/stm32cubeide_1.8.0/stm32cubeide/plugins/com.st.stm32cube.ide.mcu.externaltools.gnu-tools-for-stm32.9-2020-q2-update.win32_2.0.0.202105311346/tools/bin/../lib/gcc/arm-none-eabi/9.3.1/../../../../arm-none-eabi/lib/thumb/v7e-m+fp/hard\libc_nano.a(lib_a-exit.o) (_global_impure_ptr)
c:/st/stm32cubeide_1.8.0/stm32cubeide/plugins/com.st.stm32cube.ide.mcu.externaltools.gnu-tools-for-stm32.9-2020-q2-update.win32_2.0.0.202105311346/tools/bin/../lib/gcc/arm-none-eabi/9.3.1/../../../../arm-none-eabi/lib/thumb/v7e-m+fp/hard\libc_nano.a(lib_a-init.o)
                              c:/st/stm32cubeide_1.8.0/stm32cubeide/plugins/com.st.stm32cube.ide.mcu.externaltools.gnu-tools-for-stm32.9-2020-q2-update.win32_2.0.0.202105311346/tools/bin/../lib/gcc/arm-none-eabi/9.3.1/../../../../arm-none-eabi/lib/thumb/v7e-m+fp/hard/crt0.o (__libc_init_array)
c:/st/stm32cubeide_1.8.0/stm32cubeide/plugins/com.st.stm32cube.ide.mcu.externaltools.gnu-tools-for-stm32.9-2020-q2-update.win32_2.0.0.202105311346/tools/bin/../lib/gcc/arm-none-eabi/9.3.1/../../../../arm-none-eabi/lib/thumb/v7e-m+fp/hard\libc_nano.a(lib_a-memcpy-stub.o)
                              ./Components/HMI/hmi.o (memcpy)
c:/st/stm32cubeide_1.8.0/stm32cubeide/plugins/com.st.stm32cube.ide.mcu.externaltools.gnu-tools-for-stm32.9-2020-q2-update.win32_2.0.0.202105311346/tools/bin/../lib/gcc/arm-none-eabi/9.3.1/../../../../arm-none-eabi/lib/thumb/v7e-m+fp/hard\libc_nano.a(lib_a-memset.o)
                              c:/st/stm32cubeide_1.8.0/stm32cubeide/plugins/com.st.stm32cube.ide.mcu.externaltools.gnu-tools-for-stm32.9-2020-q2-update.win32_2.0.0.202105311346/tools/bin/../lib/gcc/arm-none-eabi/9.3.1/../../../../arm-none-eabi/lib/thumb/v7e-m+fp/hard/crt0.o (memset)
c:/st/stm32cubeide_1.8.0/stm32cubeide/plugins/com.st.stm32cube.ide.mcu.externaltools.gnu-tools-for-stm32.9-2020-q2-update.win32_2.0.0.202105311346/tools/bin/../lib/gcc/arm-none-eabi/9.3.1/../../../../arm-none-eabi/lib/thumb/v7e-m+fp/hard\libc_nano.a(lib_a-strcmp.o)
                              ./Components/HMI/hmi.o (strcmp)
c:/st/stm32cubeide_1.8.0/stm32cubeide/plugins/com.st.stm32cube.ide.mcu.externaltools.gnu-tools-for-stm32.9-2020-q2-update.win32_2.0.0.202105311346/tools/bin/../lib/gcc/arm-none-eabi/9.3.1/../../../../arm-none-eabi/lib/thumb/v7e-m+fp/hard\libc_nano.a(lib_a-strtol.o)
                              c:/st/stm32cubeide_1.8.0/stm32cubeide/plugins/com.st.stm32cube.ide.mcu.externaltools.gnu-tools-for-stm32.9-2020-q2-update.win32_2.0.0.202105311346/tools/bin/../lib/gcc/arm-none-eabi/9.3.1/../../../../arm-none-eabi/lib/thumb/v7e-m+fp/hard\libc_nano.a(lib_a-atoi.o) (_strtol_r)
c:/st/stm32cubeide_1.8.0/stm32cubeide/plugins/com.st.stm32cube.ide.mcu.externaltools.gnu-tools-for-stm32.9-2020-q2-update.win32_2.0.0.202105311346/tools/bin/../lib/gcc/arm-none-eabi/9.3.1/../../../../arm-none-eabi/lib/thumb/v7e-m+fp/hard\libc_nano.a(lib_a-ctype_.o)
                              c:/st/stm32cubeide_1.8.0/stm32cubeide/plugins/com.st.stm32cube.ide.mcu.externaltools.gnu-tools-for-stm32.9-2020-q2-update.win32_2.0.0.202105311346/tools/bin/../lib/gcc/arm-none-eabi/9.3.1/../../../../arm-none-eabi/lib/thumb/v7e-m+fp/hard\libc_nano.a(lib_a-strtol.o) (_ctype_)
c:/st/stm32cubeide_1.8.0/stm32cubeide/plugins/com.st.stm32cube.ide.mcu.externaltools.gnu-tools-for-stm32.9-2020-q2-update.win32_2.0.0.202105311346/tools/bin/../lib/gcc/arm-none-eabi/9.3.1/thumb/v7e-m+fp/hard\libgcc.a(_aeabi_uldivmod.o)
[...]
Memory Configuration

Name             Origin             Length             Attributes
RAM              0x0000000020000000 0x0000000000020000 xrw
FLASH            0x0000000008000000 0x0000000000080000 xr
*default*        0x0000000000000000 0xffffffffffffffff

Linker script and memory map

LOAD c:/st/stm32cubeide_1.8.0/stm32cubeide/plugins/com.st.stm32cube.ide.mcu.externaltools.gnu-tools-for-stm32.9-2020-q2-update.win32_2.0.0.202105311346/tools/bin/../lib/gcc/arm-none-eabi/9.3.1/thumb/v7e-m+fp/hard/crti.o
LOAD c:/st/stm32cubeide_1.8.0/stm32cubeide/plugins/com.st.stm32cube.ide.mcu.externaltools.gnu-tools-for-stm32.9-2020-q2-update.win32_2.0.0.202105311346/tools/bin/../lib/gcc/arm-none-eabi/9.3.1/thumb/v7e-m+fp/hard/crtbegin.o
LOAD c:/st/stm32cubeide_1.8.0/stm32cubeide/plugins/com.st.stm32cube.ide.mcu.externaltools.gnu-tools-for-stm32.9-2020-q2-update.win32_2.0.0.202105311346/tools/bin/../lib/gcc/arm-none-eabi/9.3.1/../../../../arm-none-eabi/lib/thumb/v7e-m+fp/hard/crt0.o
LOAD ./Components/HMI/fonts.o
LOAD ./Components/HMI/hmi.o
LOAD ./Components/HMI/leds.o
LOAD ./Components/HMI/oled_ascii.o
LOAD ./Components/HMI/oled_driver.o
LOAD ./Components/HMI/oled_gfx.o
LOAD ./Core/Src/dma.o
LOAD ./Core/Src/gpio.o
LOAD ./Core/Src/main.o
LOAD ./Core/Src/spi.o
LOAD ./Core/Src/stm32f4xx_hal_msp.o
LOAD ./Core/Src/stm32f4xx_hal_timebase_tim.o
LOAD ./Core/Src/stm32f4xx_it.o
LOAD ./Core/Src/syscalls.o
LOAD ./Core/Src/sysmem.o
LOAD ./Core/Src/system_stm32f4xx.o
LOAD ./Core/Src/usart.o
LOAD ./Core/Startup/startup_stm32f446retx.o
LOAD ./Drivers/STM32F4xx_HAL_Driver/Src/stm32f4xx_hal.o
LOAD ./Drivers/STM32F4xx_HAL_Driver/Src/stm32f4xx_hal_cortex.o
LOAD ./Drivers/STM32F4xx_HAL_Driver/Src/stm32f4xx_hal_dma.o
LOAD ./Drivers/STM32F4xx_HAL_Driver/Src/stm32f4xx_hal_dma_ex.o
LOAD ./Drivers/STM32F4xx_HAL_Driver/Src/stm32f4xx_hal_exti.o
LOAD ./Drivers/STM32F4xx_HAL_Driver/Src/stm32f4xx_hal_flash.o
LOAD ./Drivers/STM32F4xx_HAL_Driver/Src/stm32f4xx_hal_flash_ex.o
LOAD ./Drivers/STM32F4xx_HAL_Driver/Src/stm32f4xx_hal_flash_ramfunc.o
LOAD ./Drivers/STM32F4xx_HAL_Driver/Src/stm32f4xx_hal_gpio.o
LOAD ./Drivers/STM32F4xx_HAL_Driver/Src/stm32f4xx_hal_pwr.o
LOAD ./Drivers/STM32F4xx_HAL_Driver/Src/stm32f4xx_hal_pwr_ex.o
LOAD ./Drivers/STM32F4xx_HAL_Driver/Src/stm32f4xx_hal_rcc.o
LOAD ./Drivers/STM32F4xx_HAL_Driver/Src/stm32f4xx_hal_rcc_ex.o
LOAD ./Drivers/STM32F4xx_HAL_Driver/Src/stm32f4xx_hal_spi.o
LOAD ./Drivers/STM32F4xx_HAL_Driver/Src/stm32f4xx_hal_tim.o
LOAD ./Drivers/STM32F4xx_HAL_Driver/Src/stm32f4xx_hal_tim_ex.o
LOAD ./Drivers/STM32F4xx_HAL_Driver/Src/stm32f4xx_hal_uart.o
LOAD ./ThirdParty/FreeRTOS/croutine.o
LOAD ./ThirdParty/FreeRTOS/event_groups.o
LOAD ./ThirdParty/FreeRTOS/list.o
LOAD ./ThirdParty/FreeRTOS/queue.o
LOAD ./ThirdParty/FreeRTOS/stream_buffer.o
LOAD ./ThirdParty/FreeRTOS/tasks.o
LOAD ./ThirdParty/FreeRTOS/timers.o
LOAD ./ThirdParty/FreeRTOS/portable/GCC/ARM_CM4F/port.o
LOAD ./ThirdParty/FreeRTOS/portable/MemMang/heap_4.o
START GROUP
LOAD c:/st/stm32cubeide_1.8.0/stm32cubeide/plugins/com.st.stm32cube.ide.mcu.externaltools.gnu-tools-for-stm32.9-2020-q2-update.win32_2.0.0.202105311346/tools/bin/../lib/gcc/arm-none-eabi/9.3.1/../../../../arm-none-eabi/lib/thumb/v7e-m+fp/hard\libc_nano.a
LOAD c:/st/stm32cubeide_1.8.0/stm32cubeide/plugins/com.st.stm32cube.ide.mcu.externaltools.gnu-tools-for-stm32.9-2020-q2-update.win32_2.0.0.202105311346/tools/bin/../lib/gcc/arm-none-eabi/9.3.1/../../../../arm-none-eabi/lib/thumb/v7e-m+fp/hard\libm.a
END GROUP
START GROUP
LOAD c:/st/stm32cubeide_1.8.0/stm32cubeide/plugins/com.st.stm32cube.ide.mcu.externaltools.gnu-tools-for-stm32.9-2020-q2-update.win32_2.0.0.202105311346/tools/bin/../lib/gcc/arm-none-eabi/9.3.1/thumb/v7e-m+fp/hard\libgcc.a
LOAD c:/st/stm32cubeide_1.8.0/stm32cubeide/plugins/com.st.stm32cube.ide.mcu.externaltools.gnu-tools-for-stm32.9-2020-q2-update.win32_2.0.0.202105311346/tools/bin/../lib/gcc/arm-none-eabi/9.3.1/../../../../arm-none-eabi/lib/thumb/v7e-m+fp/hard\libc_nano.a
END GROUP
START GROUP
LOAD c:/st/stm32cubeide_1.8.0/stm32cubeide/plugins/com.st.stm32cube.ide.mcu.externaltools.gnu-tools-for-stm32.9-2020-q2-update.win32_2.0.0.202105311346/tools/bin/../lib/gcc/arm-none-eabi/9.3.1/thumb/v7e-m+fp/hard\libgcc.a
LOAD c:/st/stm32cubeide_1.8.0/stm32cubeide/plugins/com.st.stm32cube.ide.mcu.externaltools.gnu-tools-for-stm32.9-2020-q2-update.win32_2.0.0.202105311346/tools/bin/../lib/gcc/arm-none-eabi/9.3.1/../../../../arm-none-eabi/lib/thumb/v7e-m+fp/hard\libc_nano.a
LOAD c:/st/stm32cubeide_1.8.0/stm32cubeide/plugins/com.st.stm32cube.ide.mcu.externaltools.gnu-tools-for-stm32.9-2020-q2-update.win32_2.0.0.202105311346/tools/bin/../lib/gcc/arm-none-eabi/9.3.1/../../../../arm-none-eabi/lib/thumb/v7e-m+fp/hard\libnosys.a
END GROUP
START GROUP
LOAD c:/st/stm32cubeide_1.8.0/stm32cubeide/plugins/com.st.stm32cube.ide.mcu.externaltools.gnu-tools-for-stm32.9-2020-q2-update.win32_2.0.0.202105311346/tools/bin/../lib/gcc/arm-none-eabi/9.3.1/thumb/v7e-m+fp/hard\libgcc.a
LOAD c:/st/stm32cubeide_1.8.0/stm32cubeide/plugins/com.st.stm32cube.ide.mcu.externaltools.gnu-tools-for-stm32.9-2020-q2-update.win32_2.0.0.202105311346/tools/bin/../lib/gcc/arm-none-eabi/9.3.1/../../../../arm-none-eabi/lib/thumb/v7e-m+fp/hard\libc_nano.a
LOAD c:/st/stm32cubeide_1.8.0/stm32cubeide/plugins/com.st.stm32cube.ide.mcu.externaltools.gnu-tools-for-stm32.9-2020-q2-update.win32_2.0.0.202105311346/tools/bin/../lib/gcc/arm-none-eabi/9.3.1/../../../../arm-none-eabi/lib/thumb/v7e-m+fp/hard\libnosys.a
END GROUP
LOAD c:/st/stm32cubeide_1.8.0/stm32cubeide/plugins/com.st.stm32cube.ide.mcu.externaltools.gnu-tools-for-stm32.9-2020-q2-update.win32_2.0.0.202105311346/tools/bin/../lib/gcc/arm-none-eabi/9.3.1/thumb/v7e-m+fp/hard/crtend.o
LOAD c:/st/stm32cubeide_1.8.0/stm32cubeide/plugins/com.st.stm32cube.ide.mcu.externaltools.gnu-tools-for-stm32.9-2020-q2-update.win32_2.0.0.202105311346/tools/bin/../lib/gcc/arm-none-eabi/9.3.1/thumb/v7e-m+fp/hard/crtn.o
                0x0000000020020000                _estack = (ORIGIN (RAM) + LENGTH (RAM))
                0x0000000000000200                _Min_Heap_Size = 0x200
                0x0000000000000400                _Min_Stack_Size = 0x400

.isr_vector     0x0000000008000000      0x1c4
                0x0000000008000000                . = ALIGN (0x4)
 *(.isr_vector)
 .isr_vector    0x0000000008000000      0x1c4 ./Core/Startup/startup_stm32f446retx.o
                0x0000000008000000                g_pfnVectors
                0x00000000080001c4                . = ALIGN (0x4)

.text           0x00000000080001d0     0x5880
                0x00000000080001d0                . = ALIGN (0x4)
 *(.text)
 .text          0x00000000080001d0       0x40 c:/st/stm32cubeide_1.8.0/stm32cubeide/plugins/com.st.stm32cube.ide.mcu.externaltools.gnu-tools-for-stm32.9-2020-q2-update.win32_2.0.0.202105311346/tools/bin/../lib/gcc/arm-none-eabi/9.3.1/thumb/v7e-m+fp/hard/crtbegin.o
 .text          0x0000000008000210       0x30 c:/st/stm32cubeide_1.8.0/stm32cubeide/plugins/com.st.stm32cube.ide.mcu.externaltools.gnu-tools-for-stm32.9-2020-q2-update.win32_2.0.0.202105311346/tools/bin/../lib/gcc/arm-none-eabi/9.3.1/thumb/v7e-m+fp/hard\libgcc.a(_aeabi_uldivmod.o)
                0x0000000008000210                __aeabi_uldivmod
 .text          0x0000000008000240      0x2c4 c:/st/stm32cubeide_1.8.0/stm32cubeide/plugins/com.st.stm32cube.ide.mcu.externaltools.gnu-tools-for-stm32.9-2020-q2-update.win32_2.0.0.202105311346/tools/bin/../lib/gcc/arm-none-eabi/9.3.1/thumb/v7e-m+fp/hard\libgcc.a(_udivmoddi4.o)
                0x0000000008000240                __udivmoddi4
 .text          0x0000000008000504        0x4 c:/st/stm32cubeide_1.8.0/stm32cubeide/plugins/com.st.stm32cube.ide.mcu.externaltools.gnu-tools-for-stm32.9-2020-q2-update.win32_2.0.0.202105311346/tools/bin/../lib/gcc/arm-none-eabi/9.3.1/thumb/v7e-m+fp/hard\libgcc.a(_dvmd_tls.o)
                0x0000000008000504                __aeabi_idiv0
                0x0000000008000504                __aeabi_ldiv0
 *(.text*)
 .text.handler_leds
                0x0000000008000508      0x3cc ./Components/HMI/leds.o
 .text.API_LEDS_START
                0x00000000080008d4      0x190 ./Components/HMI/leds.o
                0x00000000080008d4                API_LEDS_START
 .text.MX_DMA_Init
                0x0000000008000a64       0x40 ./Core/Src/dma.o
                0x0000000008000a64                MX_DMA_Init
 .text.MX_GPIO_Init
                0x0000000008000aa4      0x134 ./Core/Src/gpio.o
                0x0000000008000aa4                MX_GPIO_Init
 .text.main     0x0000000008000bd8       0x26 ./Core/Src/main.o
                0x0000000008000bd8                main
 *fill*         0x0000000008000bfe        0x2 
 .text.SystemClock_Config
                0x0000000008000c00       0xdc ./Core/Src/main.o
                0x0000000008000c00                SystemClock_Config
 .text.HAL_TIM_PeriodElapsedCallback
                0x0000000008000cdc       0x24 ./Core/Src/main.o
                0x0000000008000cdc                HAL_TIM_PeriodElapsedCallback
 .text.Error_Handler
                0x0000000008000d00        0xa ./Core/Src/main.o
                0x0000000008000d00                Error_Handler
 *fill*         0x0000000008000d0a        0x2 
 .text.MX_SPI1_Init
                0x0000000008000d0c       0x6c ./Core/Src/spi.o
                0x0000000008000d0c                MX_SPI1_Init
 .text.HAL_SPI_MspInit
                0x0000000008000d78       0x90 ./Core/Src/spi.o
                0x0000000008000d78                HAL_SPI_MspInit
 .text.HAL_MspInit
                0x0000000008000e08       0x50 ./Core/Src/stm32f4xx_hal_msp.o
                0x0000000008000e08                HAL_MspInit
 .text.HAL_InitTick
                0x0000000008000e58       0xb0 ./Core/Src/stm32f4xx_hal_timebase_tim.o
                0x0000000008000e58                HAL_InitTick
 .text.NMI_Handler
                0x0000000008000f08        0x6 ./Core/Src/stm32f4xx_it.o
                0x0000000008000f08                NMI_Handler
 .text.HardFault_Handler
                0x0000000008000f0e        0x6 ./Core/Src/stm32f4xx_it.o
                0x0000000008000f0e                HardFault_Handler
 .text.MemManage_Handler
                0x0000000008000f14        0x6 ./Core/Src/stm32f4xx_it.o
                0x0000000008000f14                MemManage_Handler
 .text.BusFault_Handler
                0x0000000008000f1a        0x6 ./Core/Src/stm32f4xx_it.o
                0x0000000008000f1a                BusFault_Handler
 .text.UsageFault_Handler
                0x0000000008000f20        0x6 ./Core/Src/stm32f4xx_it.o
                0x0000000008000f20                UsageFault_Handler
 .text.DebugMon_Handler
                0x0000000008000f26        0xe ./Core/Src/stm32f4xx_it.o
                0x0000000008000f26                DebugMon_Handler
 .text.DMA1_Stream5_IRQHandler
                0x0000000008000f34       0x14 ./Core/Src/stm32f4xx_it.o
                0x0000000008000f34                DMA1_Stream5_IRQHandler
 .text.TIM1_TRG_COM_TIM11_IRQHandler
                0x0000000008000f48       0x14 ./Core/Src/stm32f4xx_it.o
                0x0000000008000f48                TIM1_TRG_COM_TIM11_IRQHandler
 .text.SystemInit
                0x0000000008000f5c       0x24 ./Core/Src/system_stm32f4xx.o
                0x0000000008000f5c                SystemInit
 .text.MX_USART2_UART_Init
                0x0000000008000f80       0x54 ./Core/Src/usart.o
                0x0000000008000f80                MX_USART2_UART_Init
 .text.HAL_UART_MspInit
                0x0000000008000fd4       0xf4 ./Core/Src/usart.o
                0x0000000008000fd4                HAL_UART_MspInit
 .text.Reset_Handler
                0x00000000080010c8       0x50 ./Core/Startup/startup_stm32f446retx.o
                0x00000000080010c8                Reset_Handler
 .text.Default_Handler
                0x0000000008001118        0x2 ./Core/Startup/startup_stm32f446retx.o
                0x0000000008001118                RTC_Alarm_IRQHandler
                0x0000000008001118                EXTI2_IRQHandler
                0x0000000008001118                TIM8_CC_IRQHandler
                0x0000000008001118                FMPI2C1_EV_IRQHandler
                0x0000000008001118                SPI4_IRQHandler
                0x0000000008001118                TIM1_CC_IRQHandler
                0x0000000008001118                DMA2_Stream5_IRQHandler
                0x0000000008001118                PVD_IRQHandler
                0x0000000008001118                SDIO_IRQHandler
                0x0000000008001118                TAMP_STAMP_IRQHandler
                0x0000000008001118                CAN2_RX1_IRQHandler
                0x0000000008001118                EXTI3_IRQHandler
                0x0000000008001118                TIM8_TRG_COM_TIM14_IRQHandler
                0x0000000008001118                TIM1_UP_TIM10_IRQHandler
                0x0000000008001118                TIM8_UP_TIM13_IRQHandler
                0x0000000008001118                I2C3_ER_IRQHandler
                0x0000000008001118                EXTI0_IRQHandler
                0x0000000008001118                I2C2_EV_IRQHandler
                0x0000000008001118                DMA1_Stream2_IRQHandler
                0x0000000008001118                CAN1_RX0_IRQHandler
                0x0000000008001118                FPU_IRQHandler
                0x0000000008001118                OTG_HS_WKUP_IRQHandler
                0x0000000008001118                CAN2_SCE_IRQHandler
                0x0000000008001118                DMA2_Stream2_IRQHandler
                0x0000000008001118                SPI1_IRQHandler
                0x0000000008001118                TIM6_DAC_IRQHandler
                0x0000000008001118                TIM1_BRK_TIM9_IRQHandler
                0x0000000008001118                DCMI_IRQHandler
                0x0000000008001118                CAN2_RX0_IRQHandler
                0x0000000008001118                DMA2_Stream3_IRQHandler
                0x0000000008001118                SAI2_IRQHandler
                0x0000000008001118                USART6_IRQHandler
                0x0000000008001118                USART3_IRQHandler
                0x0000000008001118                CAN1_RX1_IRQHandler
                0x0000000008001118                UART5_IRQHandler
                0x0000000008001118                DMA2_Stream0_IRQHandler
                0x0000000008001118                TIM4_IRQHandler
                0x0000000008001118                QUADSPI_IRQHandler
                0x0000000008001118                I2C1_EV_IRQHandler
                0x0000000008001118                DMA1_Stream6_IRQHandler
                0x0000000008001118                DMA1_Stream1_IRQHandler
                0x0000000008001118                UART4_IRQHandler
                0x0000000008001118                TIM3_IRQHandler
                0x0000000008001118                RCC_IRQHandler
                0x0000000008001118                TIM8_BRK_TIM12_IRQHandler
                0x0000000008001118                Default_Handler
                0x0000000008001118                CEC_IRQHandler
                0x0000000008001118                EXTI15_10_IRQHandler
                0x0000000008001118                ADC_IRQHandler
                0x0000000008001118                DMA1_Stream7_IRQHandler
                0x0000000008001118                TIM7_IRQHandler
                0x0000000008001118                CAN2_TX_IRQHandler
                0x0000000008001118                TIM5_IRQHandler
                0x0000000008001118                DMA2_Stream7_IRQHandler
                0x0000000008001118                I2C3_EV_IRQHandler
                0x0000000008001118                EXTI9_5_IRQHandler
                0x0000000008001118                RTC_WKUP_IRQHandler
                0x0000000008001118                SPDIF_RX_IRQHandler
                0x0000000008001118                SPI2_IRQHandler
                0x0000000008001118                OTG_HS_EP1_IN_IRQHandler
                0x0000000008001118                DMA1_Stream0_IRQHandler
                0x0000000008001118                CAN1_TX_IRQHandler
                0x0000000008001118                FMPI2C1_ER_IRQHandler
                0x0000000008001118                EXTI4_IRQHandler
                0x0000000008001118                OTG_HS_EP1_OUT_IRQHandler
                0x0000000008001118                WWDG_IRQHandler
                0x0000000008001118                TIM2_IRQHandler
                0x0000000008001118                OTG_FS_WKUP_IRQHandler
                0x0000000008001118                OTG_HS_IRQHandler
                0x0000000008001118                EXTI1_IRQHandler
                0x0000000008001118                USART2_IRQHandler
                0x0000000008001118                I2C2_ER_IRQHandler
                0x0000000008001118                DMA2_Stream1_IRQHandler
                0x0000000008001118                CAN1_SCE_IRQHandler
                0x0000000008001118                FLASH_IRQHandler
                0x0000000008001118                DMA2_Stream4_IRQHandler
                0x0000000008001118                USART1_IRQHandler
                0x0000000008001118                OTG_FS_IRQHandler
                0x0000000008001118                SPI3_IRQHandler
                0x0000000008001118                DMA1_Stream4_IRQHandler
                0x0000000008001118                I2C1_ER_IRQHandler
                0x0000000008001118                FMC_IRQHandler
                0x0000000008001118                DMA2_Stream6_IRQHandler
                0x0000000008001118                SAI1_IRQHandler
                0x0000000008001118                DMA1_Stream3_IRQHandler
 *fill*         0x000000000800111a        0x2 
 .text.HAL_Init
                0x000000000800111c       0x44 ./Drivers/STM32F4xx_HAL_Driver/Src/stm32f4xx_hal.o
                0x000000000800111c                HAL_Init
 .text.HAL_IncTick
                0x0000000008001160       0x28 ./Drivers/STM32F4xx_HAL_Driver/Src/stm32f4xx_hal.o
                0x0000000008001160                HAL_IncTick
 .text.HAL_GetTick
                0x0000000008001188       0x18 ./Drivers/STM32F4xx_HAL_Driver/Src/stm32f4xx_hal.o
                0x0000000008001188                HAL_GetTick
 .text.HAL_Delay
                0x00000000080011a0       0x48 ./Drivers/STM32F4xx_HAL_Driver/Src/stm32f4xx_hal.o
                0x00000000080011a0                HAL_Delay
 .text.__NVIC_SetPriorityGrouping
                0x00000000080011e8       0x48 ./Drivers/STM32F4xx_HAL_Driver/Src/stm32f4xx_hal_cortex.o
 .text.__NVIC_GetPriorityGrouping
                0x0000000008001230       0x1c ./Drivers/STM32F4xx_HAL_Driver/Src/stm32f4xx_hal_cortex.o
 .text.__NVIC_EnableIRQ
                0x000000000800124c       0x3c ./Drivers/STM32F4xx_HAL_Driver/Src/stm32f4xx_hal_cortex.o
 .text.__NVIC_SetPriority
                0x0000000008001288       0x54 ./Drivers/STM32F4xx_HAL_Driver/Src/stm32f4xx_hal_cortex.o
 .text.NVIC_EncodePriority
                0x00000000080012dc       0x66 ./Drivers/STM32F4xx_HAL_Driver/Src/stm32f4xx_hal_cortex.o
 .text.HAL_NVIC_SetPriorityGrouping
                0x0000000008001342       0x16 ./Drivers/STM32F4xx_HAL_Driver/Src/stm32f4xx_hal_cortex.o
                0x0000000008001342                HAL_NVIC_SetPriorityGrouping
 .text.HAL_NVIC_SetPriority
                0x0000000008001358       0x38 ./Drivers/STM32F4xx_HAL_Driver/Src/stm32f4xx_hal_cortex.o
                0x0000000008001358                HAL_NVIC_SetPriority
 .text.HAL_NVIC_EnableIRQ
                0x0000000008001390       0x1c ./Drivers/STM32F4xx_HAL_Driver/Src/stm32f4xx_hal_cortex.o
                0x0000000008001390                HAL_NVIC_EnableIRQ
 .text.HAL_DMA_Init
                0x00000000080013ac      0x15c ./Drivers/STM32F4xx_HAL_Driver/Src/stm32f4xx_hal_dma.o
                0x00000000080013ac                HAL_DMA_Init
 .text.HAL_DMA_IRQHandler
                0x0000000008001508      0x314 ./Drivers/STM32F4xx_HAL_Driver/Src/stm32f4xx_hal_dma.o
                0x0000000008001508                HAL_DMA_IRQHandler
 .text.DMA_CalcBaseAndBitshift
                0x000000000800181c       0x6c ./Drivers/STM32F4xx_HAL_Driver/Src/stm32f4xx_hal_dma.o
 .text.DMA_CheckFifoParam
                0x0000000008001888       0xf8 ./Drivers/STM32F4xx_HAL_Driver/Src/stm32f4xx_hal_dma.o
 .text.HAL_GPIO_Init
                0x0000000008001980      0x328 ./Drivers/STM32F4xx_HAL_Driver/Src/stm32f4xx_hal_gpio.o
                0x0000000008001980                HAL_GPIO_Init
 .text.HAL_GPIO_WritePin
                0x0000000008001ca8       0x32 ./Drivers/STM32F4xx_HAL_Driver/Src/stm32f4xx_hal_gpio.o
                0x0000000008001ca8                HAL_GPIO_WritePin
 *fill*         0x0000000008001cda        0x2 
 .text.HAL_RCC_ClockConfig
                0x0000000008001cdc      0x1cc ./Drivers/STM32F4xx_HAL_Driver/Src/stm32f4xx_hal_rcc.o
                0x0000000008001cdc                HAL_RCC_ClockConfig
 .text.HAL_RCC_GetHCLKFreq
                0x0000000008001ea8       0x18 ./Drivers/STM32F4xx_HAL_Driver/Src/stm32f4xx_hal_rcc.o
                0x0000000008001ea8                HAL_RCC_GetHCLKFreq
 .text.HAL_RCC_GetPCLK1Freq
                0x0000000008001ec0       0x28 ./Drivers/STM32F4xx_HAL_Driver/Src/stm32f4xx_hal_rcc.o
                0x0000000008001ec0                HAL_RCC_GetPCLK1Freq
 .text.HAL_RCC_GetPCLK2Freq
                0x0000000008001ee8       0x28 ./Drivers/STM32F4xx_HAL_Driver/Src/stm32f4xx_hal_rcc.o
                0x0000000008001ee8                HAL_RCC_GetPCLK2Freq
 .text.HAL_RCC_GetClockConfig
                0x0000000008001f10       0x64 ./Drivers/STM32F4xx_HAL_Driver/Src/stm32f4xx_hal_rcc.o
                0x0000000008001f10                HAL_RCC_GetClockConfig
 .text.HAL_RCC_GetSysClockFreq
                0x0000000008001f74      0x364 ./Drivers/STM32F4xx_HAL_Driver/Src/stm32f4xx_hal_rcc_ex.o
                0x0000000008001f74                HAL_RCC_GetSysClockFreq
 .text.HAL_RCC_OscConfig
                0x00000000080022d8      0x53c ./Drivers/STM32F4xx_HAL_Driver/Src/stm32f4xx_hal_rcc_ex.o
                0x00000000080022d8                HAL_RCC_OscConfig
 .text.HAL_SPI_Init
                0x0000000008002814      0x112 ./Drivers/STM32F4xx_HAL_Driver/Src/stm32f4xx_hal_spi.o
                0x0000000008002814                HAL_SPI_Init
 .text.HAL_TIM_Base_Init
                0x0000000008002926       0x9e ./Drivers/STM32F4xx_HAL_Driver/Src/stm32f4xx_hal_tim.o
                0x0000000008002926                HAL_TIM_Base_Init
 .text.HAL_TIM_Base_MspInit
                0x00000000080029c4       0x14 ./Drivers/STM32F4xx_HAL_Driver/Src/stm32f4xx_hal_tim.o
                0x00000000080029c4                HAL_TIM_Base_MspInit
 .text.HAL_TIM_Base_Start_IT
                0x00000000080029d8       0xe0 ./Drivers/STM32F4xx_HAL_Driver/Src/stm32f4xx_hal_tim.o
                0x00000000080029d8                HAL_TIM_Base_Start_IT
 .text.HAL_TIM_IRQHandler
                0x0000000008002ab8      0x210 ./Drivers/STM32F4xx_HAL_Driver/Src/stm32f4xx_hal_tim.o
                0x0000000008002ab8                HAL_TIM_IRQHandler
 .text.HAL_TIM_OC_DelayElapsedCallback
                0x0000000008002cc8       0x14 ./Drivers/STM32F4xx_HAL_Driver/Src/stm32f4xx_hal_tim.o
                0x0000000008002cc8                HAL_TIM_OC_DelayElapsedCallback
 .text.HAL_TIM_IC_CaptureCallback
                0x0000000008002cdc       0x14 ./Drivers/STM32F4xx_HAL_Driver/Src/stm32f4xx_hal_tim.o
                0x0000000008002cdc                HAL_TIM_IC_CaptureCallback
 .text.HAL_TIM_PWM_PulseFinishedCallback
                0x0000000008002cf0       0x14 ./Drivers/STM32F4xx_HAL_Driver/Src/stm32f4xx_hal_tim.o
                0x0000000008002cf0                HAL_TIM_PWM_PulseFinishedCallback
 .text.HAL_TIM_TriggerCallback
                0x0000000008002d04       0x14 ./Drivers/STM32F4xx_HAL_Driver/Src/stm32f4xx_hal_tim.o
                0x0000000008002d04                HAL_TIM_TriggerCallback
 .text.TIM_Base_SetConfig
                0x0000000008002d18      0x140 ./Drivers/STM32F4xx_HAL_Driver/Src/stm32f4xx_hal_tim.o
                0x0000000008002d18                TIM_Base_SetConfig
 .text.HAL_TIMEx_CommutCallback
                0x0000000008002e58       0x14 ./Drivers/STM32F4xx_HAL_Driver/Src/stm32f4xx_hal_tim_ex.o
                0x0000000008002e58                HAL_TIMEx_CommutCallback
 .text.HAL_TIMEx_BreakCallback
                0x0000000008002e6c       0x14 ./Drivers/STM32F4xx_HAL_Driver/Src/stm32f4xx_hal_tim_ex.o
                0x0000000008002e6c                HAL_TIMEx_BreakCallback
 .text.HAL_UART_Init
                0x0000000008002e80       0x9a ./Drivers/STM32F4xx_HAL_Driver/Src/stm32f4xx_hal_uart.o
                0x0000000008002e80                HAL_UART_Init
 *fill*         0x0000000008002f1a        0x2 
 .text.UART_SetConfig
                0x0000000008002f1c      0x390 ./Drivers/STM32F4xx_HAL_Driver/Src/stm32f4xx_hal_uart.o
 .text.vListInitialise
                0x00000000080032ac       0x40 ./ThirdParty/FreeRTOS/list.o
                0x00000000080032ac                vListInitialise
 .text.vListInitialiseItem
                0x00000000080032ec       0x1a ./ThirdParty/FreeRTOS/list.o
                0x00000000080032ec                vListInitialiseItem
 .text.vListInsertEnd
                0x0000000008003306       0x48 ./ThirdParty/FreeRTOS/list.o
                0x0000000008003306                vListInsertEnd
 .text.vListInsert
                0x000000000800334e       0x72 ./ThirdParty/FreeRTOS/list.o
                0x000000000800334e                vListInsert
 .text.uxListRemove
                0x00000000080033c0       0x54 ./ThirdParty/FreeRTOS/list.o
                0x00000000080033c0                uxListRemove
 .text.xQueueGenericReset
                0x0000000008003414       0xd0 ./ThirdParty/FreeRTOS/queue.o
                0x0000000008003414                xQueueGenericReset
 .text.xQueueGenericCreate
                0x00000000080034e4       0xbe ./ThirdParty/FreeRTOS/queue.o
                0x00000000080034e4                xQueueGenericCreate
 .text.prvInitialiseNewQueue
                0x00000000080035a2       0x46 ./ThirdParty/FreeRTOS/queue.o
 .text.xQueueGenericSend
                0x00000000080035e8      0x1fc ./ThirdParty/FreeRTOS/queue.o
                0x00000000080035e8                xQueueGenericSend
 .text.xQueueGenericSendFromISR
                0x00000000080037e4      0x154 ./ThirdParty/FreeRTOS/queue.o
                0x00000000080037e4                xQueueGenericSendFromISR
 .text.xQueueReceive
                0x0000000008003938      0x1c0 ./ThirdParty/FreeRTOS/queue.o
                0x0000000008003938                xQueueReceive
 .text.prvCopyDataToQueue
                0x0000000008003af8       0xd4 ./ThirdParty/FreeRTOS/queue.o
 .text.prvCopyDataFromQueue
                0x0000000008003bcc       0x4c ./ThirdParty/FreeRTOS/queue.o
 .text.prvUnlockQueue
                0x0000000008003c18       0xa4 ./ThirdParty/FreeRTOS/queue.o
 .text.prvIsQueueEmpty
                0x0000000008003cbc       0x2c ./ThirdParty/FreeRTOS/queue.o
 .text.prvIsQueueFull
                0x0000000008003ce8       0x30 ./ThirdParty/FreeRTOS/queue.o
 .text.vQueueAddToRegistry
                0x0000000008003d18       0x54 ./ThirdParty/FreeRTOS/queue.o
                0x0000000008003d18                vQueueAddToRegistry
 .text.vQueueWaitForMessageRestricted
                0x0000000008003d6c       0x68 ./ThirdParty/FreeRTOS/queue.o
                0x0000000008003d6c                vQueueWaitForMessageRestricted
 .text.xTaskCreate
                0x0000000008003dd4       0x82 ./ThirdParty/FreeRTOS/tasks.o
                0x0000000008003dd4                xTaskCreate
 .text.prvInitialiseNewTask
                0x0000000008003e56      0x12c ./ThirdParty/FreeRTOS/tasks.o
 *fill*         0x0000000008003f82        0x2 
 .text.prvAddNewTaskToReadyList
                0x0000000008003f84       0xdc ./ThirdParty/FreeRTOS/tasks.o
 .text.vTaskStartScheduler
                0x0000000008004060       0xa4 ./ThirdParty/FreeRTOS/tasks.o
                0x0000000008004060                vTaskStartScheduler
 .text.vTaskSuspendAll
                0x0000000008004104       0x1c ./ThirdParty/FreeRTOS/tasks.o
                0x0000000008004104                vTaskSuspendAll
 .text.xTaskResumeAll
                0x0000000008004120      0x138 ./ThirdParty/FreeRTOS/tasks.o
                0x0000000008004120                xTaskResumeAll
 .text.xTaskGetTickCount
                0x0000000008004258       0x20 ./ThirdParty/FreeRTOS/tasks.o
                0x0000000008004258                xTaskGetTickCount
 .text.xTaskIncrementTick
                0x0000000008004278      0x170 ./ThirdParty/FreeRTOS/tasks.o
                0x0000000008004278                xTaskIncrementTick
 .text.vTaskSwitchContext
                0x00000000080043e8       0xb8 ./ThirdParty/FreeRTOS/tasks.o
                0x00000000080043e8                vTaskSwitchContext
 .text.vTaskPlaceOnEventList
                0x00000000080044a0       0x48 ./ThirdParty/FreeRTOS/tasks.o
                0x00000000080044a0                vTaskPlaceOnEventList
 .text.vTaskPlaceOnEventListRestricted
                0x00000000080044e8       0x58 ./ThirdParty/FreeRTOS/tasks.o
                0x00000000080044e8                vTaskPlaceOnEventListRestricted
 .text.xTaskRemoveFromEventList
                0x0000000008004540       0xc4 ./ThirdParty/FreeRTOS/tasks.o
                0x0000000008004540                xTaskRemoveFromEventList
 .text.vTaskInternalSetTimeOutState
                0x0000000008004604       0x2c ./ThirdParty/FreeRTOS/tasks.o
                0x0000000008004604                vTaskInternalSetTimeOutState
 .text.xTaskCheckForTimeOut
                0x0000000008004630       0xcc ./ThirdParty/FreeRTOS/tasks.o
                0x0000000008004630                xTaskCheckForTimeOut
 .text.vTaskMissedYield
                0x00000000080046fc       0x18 ./ThirdParty/FreeRTOS/tasks.o
                0x00000000080046fc                vTaskMissedYield
 .text.prvIdleTask
                0x0000000008004714       0x30 ./ThirdParty/FreeRTOS/tasks.o
 .text.prvInitialiseTaskLists
                0x0000000008004744       0x80 ./ThirdParty/FreeRTOS/tasks.o
 .text.prvCheckTasksWaitingTermination
                0x00000000080047c4       0x5c ./ThirdParty/FreeRTOS/tasks.o
 .text.prvDeleteTCB
                0x0000000008004820       0x20 ./ThirdParty/FreeRTOS/tasks.o
 .text.prvResetNextTaskUnblockTime
                0x0000000008004840       0x38 ./ThirdParty/FreeRTOS/tasks.o
 .text.xTaskGetSchedulerState
                0x0000000008004878       0x3c ./ThirdParty/FreeRTOS/tasks.o
                0x0000000008004878                xTaskGetSchedulerState
 .text.xTaskPriorityDisinherit
                0x00000000080048b4       0xf4 ./ThirdParty/FreeRTOS/tasks.o
                0x00000000080048b4                xTaskPriorityDisinherit
 .text.prvAddCurrentTaskToDelayedList
                0x00000000080049a8       0xcc ./ThirdParty/FreeRTOS/tasks.o
 .text.xTimerCreateTimerTask
                0x0000000008004a74       0x64 ./ThirdParty/FreeRTOS/timers.o
                0x0000000008004a74                xTimerCreateTimerTask
 .text.xTimerGenericCommand
                0x0000000008004ad8       0x9c ./ThirdParty/FreeRTOS/timers.o
                0x0000000008004ad8                xTimerGenericCommand
 .text.prvProcessExpiredTimer
                0x0000000008004b74       0x98 ./ThirdParty/FreeRTOS/timers.o
 .text.prvTimerTask
                0x0000000008004c0c       0x24 ./ThirdParty/FreeRTOS/timers.o
 .text.prvProcessTimerOrBlockTask
                0x0000000008004c30       0x9c ./ThirdParty/FreeRTOS/timers.o
 .text.prvGetNextExpireTime
                0x0000000008004ccc       0x48 ./ThirdParty/FreeRTOS/timers.o
 .text.prvSampleTimeNow
                0x0000000008004d14       0x40 ./ThirdParty/FreeRTOS/timers.o
 .text.prvInsertTimerInActiveList
                0x0000000008004d54       0x84 ./ThirdParty/FreeRTOS/timers.o
 .text.prvProcessReceivedCommands
                0x0000000008004dd8      0x18c ./ThirdParty/FreeRTOS/timers.o
 .text.prvSwitchTimerLists
                0x0000000008004f64       0xc8 ./ThirdParty/FreeRTOS/timers.o
 .text.prvCheckForValidListAndQueue
                0x000000000800502c       0x6c ./ThirdParty/FreeRTOS/timers.o
 .text.pxPortInitialiseStack
                0x0000000008005098       0x68 ./ThirdParty/FreeRTOS/portable/GCC/ARM_CM4F/port.o
                0x0000000008005098                pxPortInitialiseStack
 .text.prvTaskExitError
                0x0000000008005100       0x58 ./ThirdParty/FreeRTOS/portable/GCC/ARM_CM4F/port.o
 *fill*         0x0000000008005158        0x8 
 .text.SVC_Handler
                0x0000000008005160       0x28 ./ThirdParty/FreeRTOS/portable/GCC/ARM_CM4F/port.o
                0x0000000008005160                SVC_Handler
 .text.prvPortStartFirstTask
                0x0000000008005188       0x2c ./ThirdParty/FreeRTOS/portable/GCC/ARM_CM4F/port.o
 .text.xPortStartScheduler
                0x00000000080051b4      0x144 ./ThirdParty/FreeRTOS/portable/GCC/ARM_CM4F/port.o
                0x00000000080051b4                xPortStartScheduler
 .text.vPortEnterCritical
                0x00000000080052f8       0x60 ./ThirdParty/FreeRTOS/portable/GCC/ARM_CM4F/port.o
                0x00000000080052f8                vPortEnterCritical
 .text.vPortExitCritical
                0x0000000008005358       0x54 ./ThirdParty/FreeRTOS/portable/GCC/ARM_CM4F/port.o
                0x0000000008005358                vPortExitCritical
 *fill*         0x00000000080053ac        0x4 
 .text.PendSV_Handler
                0x00000000080053b0       0x68 ./ThirdParty/FreeRTOS/portable/GCC/ARM_CM4F/port.o
                0x00000000080053b0                PendSV_Handler
 .text.SysTick_Handler
                0x0000000008005418       0x44 ./ThirdParty/FreeRTOS/portable/GCC/ARM_CM4F/port.o
                0x0000000008005418                SysTick_Handler
 .text.vPortSetupTimerInterrupt
                0x000000000800545c       0x48 ./ThirdParty/FreeRTOS/portable/GCC/ARM_CM4F/port.o
                0x000000000800545c                vPortSetupTimerInterrupt
 .text.vPortEnableVFP
                0x00000000080054a4       0x18 ./ThirdParty/FreeRTOS/portable/GCC/ARM_CM4F/port.o
 .text.vPortValidateInterruptPriority
                0x00000000080054bc       0x80 ./ThirdParty/FreeRTOS/portable/GCC/ARM_CM4F/port.o
                0x00000000080054bc                vPortValidateInterruptPriority
 .text.vSetVarulMaxPRIGROUPValue
                0x000000000800553c       0x8c ./ThirdParty/FreeRTOS/portable/GCC/ARM_CM4F/port.o
                0x000000000800553c                vSetVarulMaxPRIGROUPValue
 .text.pvPortMalloc
                0x00000000080055c8      0x1c0 ./ThirdParty/FreeRTOS/portable/MemMang/heap_4.o
                0x00000000080055c8                pvPortMalloc
 .text.vPortFree
                0x0000000008005788       0xc4 ./ThirdParty/FreeRTOS/portable/MemMang/heap_4.o
                0x0000000008005788                vPortFree
 .text.prvHeapInit
                0x000000000800584c       0xc4 ./ThirdParty/FreeRTOS/portable/MemMang/heap_4.o
 .text.prvInsertBlockIntoFreeList
                0x0000000008005910       0xb4 ./ThirdParty/FreeRTOS/portable/MemMang/heap_4.o
 .text.__libc_init_array
                0x00000000080059c4       0x48 c:/st/stm32cubeide_1.8.0/stm32cubeide/plugins/com.st.stm32cube.ide.mcu.externaltools.gnu-tools-for-stm32.9-2020-q2-update.win32_2.0.0.202105311346/tools/bin/../lib/gcc/arm-none-eabi/9.3.1/../../../../arm-none-eabi/lib/thumb/v7e-m+fp/hard\libc_nano.a(lib_a-init.o)
                0x00000000080059c4                __libc_init_array
 .text.memcpy   0x0000000008005a0c       0x1c c:/st/stm32cubeide_1.8.0/stm32cubeide/plugins/com.st.stm32cube.ide.mcu.externaltools.gnu-tools-for-stm32.9-2020-q2-update.win32_2.0.0.202105311346/tools/bin/../lib/gcc/arm-none-eabi/9.3.1/../../../../arm-none-eabi/lib/thumb/v7e-m+fp/hard\libc_nano.a(lib_a-memcpy-stub.o)
                0x0000000008005a0c                memcpy
 .text.memset   0x0000000008005a28       0x10 c:/st/stm32cubeide_1.8.0/stm32cubeide/plugins/com.st.stm32cube.ide.mcu.externaltools.gnu-tools-for-stm32.9-2020-q2-update.win32_2.0.0.202105311346/tools/bin/../lib/gcc/arm-none-eabi/9.3.1/../../../../arm-none-eabi/lib/thumb/v7e-m+fp/hard\libc_nano.a(lib_a-memset.o)
                0x0000000008005a28                memset
 *(.glue_7)
 .glue_7        0x0000000008005a38        0x0 linker stubs
 *(.glue_7t)
 .glue_7t       0x0000000008005a38        0x0 linker stubs
 *(.eh_frame)
 .eh_frame      0x0000000008005a38        0x0 c:/st/stm32cubeide_1.8.0/stm32cubeide/plugins/com.st.stm32cube.ide.mcu.externaltools.gnu-tools-for-stm32.9-2020-q2-update.win32_2.0.0.202105311346/tools/bin/../lib/gcc/arm-none-eabi/9.3.1/thumb/v7e-m+fp/hard/crtbegin.o
 *(.init)
 .init          0x0000000008005a38        0x4 c:/st/stm32cubeide_1.8.0/stm32cubeide/plugins/com.st.stm32cube.ide.mcu.externaltools.gnu-tools-for-stm32.9-2020-q2-update.win32_2.0.0.202105311346/tools/bin/../lib/gcc/arm-none-eabi/9.3.1/thumb/v7e-m+fp/hard/crti.o
                0x0000000008005a38                _init
 .init          0x0000000008005a3c        0x8 c:/st/stm32cubeide_1.8.0/stm32cubeide/plugins/com.st.stm32cube.ide.mcu.externaltools.gnu-tools-for-stm32.9-2020-q2-update.win32_2.0.0.202105311346/tools/bin/../lib/gcc/arm-none-eabi/9.3.1/thumb/v7e-m+fp/hard/crtn.o
 *(.fini)
 .fini          0x0000000008005a44        0x4 c:/st/stm32cubeide_1.8.0/stm32cubeide/plugins/com.st.stm32cube.ide.mcu.externaltools.gnu-tools-for-stm32.9-2020-q2-update.win32_2.0.0.202105311346/tools/bin/../lib/gcc/arm-none-eabi/9.3.1/thumb/v7e-m+fp/hard/crti.o
                0x0000000008005a44                _fini
 .fini          0x0000000008005a48        0x8 c:/st/stm32cubeide_1.8.0/stm32cubeide/plugins/com.st.stm32cube.ide.mcu.externaltools.gnu-tools-for-stm32.9-2020-q2-update.win32_2.0.0.202105311346/tools/bin/../lib/gcc/arm-none-eabi/9.3.1/thumb/v7e-m+fp/hard/crtn.o
                0x0000000008005a50                . = ALIGN (0x4)
                0x0000000008005a50                _etext = .

.vfp11_veneer   0x0000000008005a50        0x0
 .vfp11_veneer  0x0000000008005a50        0x0 linker stubs

.v4_bx          0x0000000008005a50        0x0
 .v4_bx         0x0000000008005a50        0x0 linker stubs

.iplt           0x0000000008005a50        0x0
 .iplt          0x0000000008005a50        0x0 c:/st/stm32cubeide_1.8.0/stm32cubeide/plugins/com.st.stm32cube.ide.mcu.externaltools.gnu-tools-for-stm32.9-2020-q2-update.win32_2.0.0.202105311346/tools/bin/../lib/gcc/arm-none-eabi/9.3.1/thumb/v7e-m+fp/hard/crtbegin.o

.rodata         0x0000000008005a50       0x44
                0x0000000008005a50                . = ALIGN (0x4)
 *(.rodata)
 .rodata        0x0000000008005a50        0xa ./Components/HMI/leds.o
 *fill*         0x0000000008005a5a        0x2 
 .rodata        0x0000000008005a5c        0x5 ./ThirdParty/FreeRTOS/tasks.o
 *fill*         0x0000000008005a61        0x3 
 .rodata        0x0000000008005a64        0xd ./ThirdParty/FreeRTOS/timers.o
 *(.rodata*)
 *fill*         0x0000000008005a71        0x3 
 .rodata.AHBPrescTable
                0x0000000008005a74       0x10 ./Core/Src/system_stm32f4xx.o
                0x0000000008005a74                AHBPrescTable
 .rodata.APBPrescTable
                0x0000000008005a84        0x8 ./Core/Src/system_stm32f4xx.o
                0x0000000008005a84                APBPrescTable
 .rodata.flagBitshiftOffset.8489
                0x0000000008005a8c        0x8 ./Drivers/STM32F4xx_HAL_Driver/Src/stm32f4xx_hal_dma.o
                0x0000000008005a94                . = ALIGN (0x4)

.ARM.extab      0x0000000008005a94        0x0
                0x0000000008005a94                . = ALIGN (0x4)
 *(.ARM.extab* .gnu.linkonce.armextab.*)
                0x0000000008005a94                . = ALIGN (0x4)

.ARM            0x0000000008005a94        0x8
                0x0000000008005a94                . = ALIGN (0x4)
                0x0000000008005a94                __exidx_start = .
 *(.ARM.exidx*)
 .ARM.exidx     0x0000000008005a94        0x8 c:/st/stm32cubeide_1.8.0/stm32cubeide/plugins/com.st.stm32cube.ide.mcu.externaltools.gnu-tools-for-stm32.9-2020-q2-update.win32_2.0.0.202105311346/tools/bin/../lib/gcc/arm-none-eabi/9.3.1/thumb/v7e-m+fp/hard\libgcc.a(_udivmoddi4.o)
                0x0000000008005a9c                __exidx_end = .
                0x0000000008005a9c                . = ALIGN (0x4)

.rel.dyn        0x0000000008005a9c        0x0
 .rel.iplt      0x0000000008005a9c        0x0 c:/st/stm32cubeide_1.8.0/stm32cubeide/plugins/com.st.stm32cube.ide.mcu.externaltools.gnu-tools-for-stm32.9-2020-q2-update.win32_2.0.0.202105311346/tools/bin/../lib/gcc/arm-none-eabi/9.3.1/thumb/v7e-m+fp/hard/crtbegin.o

.preinit_array  0x0000000008005a9c        0x0
                0x0000000008005a9c                . = ALIGN (0x4)
                0x0000000008005a9c                PROVIDE (__preinit_array_start = .)
 *(.preinit_array*)
                0x0000000008005a9c                PROVIDE (__preinit_array_end = .)
                0x0000000008005a9c                . = ALIGN (0x4)

.init_array     0x0000000008005a9c        0x4
                0x0000000008005a9c                . = ALIGN (0x4)
                0x0000000008005a9c                PROVIDE (__init_array_start = .)
 *(SORT_BY_NAME(.init_array.*))
 *(.init_array*)
 .init_array    0x0000000008005a9c        0x4 c:/st/stm32cubeide_1.8.0/stm32cubeide/plugins/com.st.stm32cube.ide.mcu.externaltools.gnu-tools-for-stm32.9-2020-q2-update.win32_2.0.0.202105311346/tools/bin/../lib/gcc/arm-none-eabi/9.3.1/thumb/v7e-m+fp/hard/crtbegin.o
                0x0000000008005aa0                PROVIDE (__init_array_end = .)
                0x0000000008005aa0                . = ALIGN (0x4)

.fini_array     0x0000000008005aa0        0x4
                0x0000000008005aa0                . = ALIGN (0x4)
                [!provide]                        PROVIDE (__fini_array_start = .)
 *(SORT_BY_NAME(.fini_array.*))
 *(.fini_array*)
 .fini_array    0x0000000008005aa0        0x4 c:/st/stm32cubeide_1.8.0/stm32cubeide/plugins/com.st.stm32cube.ide.mcu.externaltools.gnu-tools-for-stm32.9-2020-q2-update.win32_2.0.0.202105311346/tools/bin/../lib/gcc/arm-none-eabi/9.3.1/thumb/v7e-m+fp/hard/crtbegin.o
                [!provide]                        PROVIDE (__fini_array_end = .)
                0x0000000008005aa4                . = ALIGN (0x4)
                0x0000000008005aa4                _sidata = LOADADDR (.data)

.data           0x0000000020000000       0x14 load address 0x0000000008005aa4
                0x0000000020000000                . = ALIGN (0x4)
                0x0000000020000000                _sdata = .
 *(.data)
 *(.data*)
 .data.SystemCoreClock
                0x0000000020000000        0x4 ./Core/Src/system_stm32f4xx.o
                0x0000000020000000                SystemCoreClock
 .data.uwTickPrio
                0x0000000020000004        0x4 ./Drivers/STM32F4xx_HAL_Driver/Src/stm32f4xx_hal.o
                0x0000000020000004                uwTickPrio
 .data.uwTickFreq
                0x0000000020000008        0x1 ./Drivers/STM32F4xx_HAL_Driver/Src/stm32f4xx_hal.o
                0x0000000020000008                uwTickFreq
 *fill*         0x0000000020000009        0x3 
 .data.uxTopUsedPriority
                0x000000002000000c        0x4 ./ThirdParty/FreeRTOS/tasks.o
                0x000000002000000c                uxTopUsedPriority
 .data.uxCriticalNesting
                0x0000000020000010        0x4 ./ThirdParty/FreeRTOS/portable/GCC/ARM_CM4F/port.o
 *(.RamFunc)
 *(.RamFunc*)
                0x0000000020000014                . = ALIGN (0x4)
                0x0000000020000014                _edata = .

.igot.plt       0x0000000020000014        0x0 load address 0x0000000008005ab8
 .igot.plt      0x0000000020000014        0x0 c:/st/stm32cubeide_1.8.0/stm32cubeide/plugins/com.st.stm32cube.ide.mcu.externaltools.gnu-tools-for-stm32.9-2020-q2-update.win32_2.0.0.202105311346/tools/bin/../lib/gcc/arm-none-eabi/9.3.1/thumb/v7e-m+fp/hard/crtbegin.o
                0x0000000020000014                . = ALIGN (0x4)

.bss            0x0000000020000014     0x3f18 load address 0x0000000008005ab8
                0x0000000020000014                _sbss = .
                0x0000000020000014                __bss_start__ = _sbss
 *(.bss)
 .bss           0x0000000020000014       0x1c c:/st/stm32cubeide_1.8.0/stm32cubeide/plugins/com.st.stm32cube.ide.mcu.externaltools.gnu-tools-for-stm32.9-2020-q2-update.win32_2.0.0.202105311346/tools/bin/../lib/gcc/arm-none-eabi/9.3.1/thumb/v7e-m+fp/hard/crtbegin.o
 *(.bss*)
 .bss.pxCurrentTCB
                0x0000000020000030        0x4 ./ThirdParty/FreeRTOS/tasks.o
                0x0000000020000030                pxCurrentTCB
 .bss.pxReadyTasksLists
                0x0000000020000034       0x64 ./ThirdParty/FreeRTOS/tasks.o
 .bss.xDelayedTaskList1
                0x0000000020000098       0x14 ./ThirdParty/FreeRTOS/tasks.o
 .bss.xDelayedTaskList2
                0x00000000200000ac       0x14 ./ThirdParty/FreeRTOS/tasks.o
 .bss.pxDelayedTaskList
                0x00000000200000c0        0x4 ./ThirdParty/FreeRTOS/tasks.o
 .bss.pxOverflowDelayedTaskList
                0x00000000200000c4        0x4 ./ThirdParty/FreeRTOS/tasks.o
 .bss.xPendingReadyList
                0x00000000200000c8       0x14 ./ThirdParty/FreeRTOS/tasks.o
 .bss.xTasksWaitingTermination
                0x00000000200000dc       0x14 ./ThirdParty/FreeRTOS/tasks.o
 .bss.uxDeletedTasksWaitingCleanUp
                0x00000000200000f0        0x4 ./ThirdParty/FreeRTOS/tasks.o
 .bss.xSuspendedTaskList
                0x00000000200000f4       0x14 ./ThirdParty/FreeRTOS/tasks.o
 .bss.uxCurrentNumberOfTasks
                0x0000000020000108        0x4 ./ThirdParty/FreeRTOS/tasks.o
 .bss.xTickCount
                0x000000002000010c        0x4 ./ThirdParty/FreeRTOS/tasks.o
 .bss.uxTopReadyPriority
                0x0000000020000110        0x4 ./ThirdParty/FreeRTOS/tasks.o
 .bss.xSchedulerRunning
                0x0000000020000114        0x4 ./ThirdParty/FreeRTOS/tasks.o
 .bss.xPendedTicks
                0x0000000020000118        0x4 ./ThirdParty/FreeRTOS/tasks.o
 .bss.xYieldPending
                0x000000002000011c        0x4 ./ThirdParty/FreeRTOS/tasks.o
 .bss.xNumOfOverflows
                0x0000000020000120        0x4 ./ThirdParty/FreeRTOS/tasks.o
 .bss.uxTaskNumber
                0x0000000020000124        0x4 ./ThirdParty/FreeRTOS/tasks.o
 .bss.xNextTaskUnblockTime
                0x0000000020000128        0x4 ./ThirdParty/FreeRTOS/tasks.o
 .bss.xIdleTaskHandle
                0x000000002000012c        0x4 ./ThirdParty/FreeRTOS/tasks.o
 .bss.uxSchedulerSuspended
                0x0000000020000130        0x4 ./ThirdParty/FreeRTOS/tasks.o
 .bss.xActiveTimerList1
                0x0000000020000134       0x14 ./ThirdParty/FreeRTOS/timers.o
 .bss.xActiveTimerList2
                0x0000000020000148       0x14 ./ThirdParty/FreeRTOS/timers.o
 .bss.pxCurrentTimerList
                0x000000002000015c        0x4 ./ThirdParty/FreeRTOS/timers.o
 .bss.pxOverflowTimerList
                0x0000000020000160        0x4 ./ThirdParty/FreeRTOS/timers.o
 .bss.xTimerQueue
                0x0000000020000164        0x4 ./ThirdParty/FreeRTOS/timers.o
 .bss.xTimerTaskHandle
                0x0000000020000168        0x4 ./ThirdParty/FreeRTOS/timers.o
 .bss.xLastTime.6900
                0x000000002000016c        0x4 ./ThirdParty/FreeRTOS/timers.o
 .bss.ucMaxSysCallPriority
                0x0000000020000170        0x1 ./ThirdParty/FreeRTOS/portable/GCC/ARM_CM4F/port.o
 *fill*         0x0000000020000171        0x3 
 .bss.ulMaxPRIGROUPValue
                0x0000000020000174        0x4 ./ThirdParty/FreeRTOS/portable/GCC/ARM_CM4F/port.o
 .bss.ucHeap    0x0000000020000178     0x3c00 ./ThirdParty/FreeRTOS/portable/MemMang/heap_4.o
 .bss.xStart    0x0000000020003d78        0x8 ./ThirdParty/FreeRTOS/portable/MemMang/heap_4.o
 .bss.pxEnd     0x0000000020003d80        0x4 ./ThirdParty/FreeRTOS/portable/MemMang/heap_4.o
 .bss.xFreeBytesRemaining
                0x0000000020003d84        0x4 ./ThirdParty/FreeRTOS/portable/MemMang/heap_4.o
 .bss.xMinimumEverFreeBytesRemaining
                0x0000000020003d88        0x4 ./ThirdParty/FreeRTOS/portable/MemMang/heap_4.o
 .bss.xNumberOfSuccessfulAllocations
                0x0000000020003d8c        0x4 ./ThirdParty/FreeRTOS/portable/MemMang/heap_4.o
 .bss.xNumberOfSuccessfulFrees
                0x0000000020003d90        0x4 ./ThirdParty/FreeRTOS/portable/MemMang/heap_4.o
 .bss.xBlockAllocatedBit
                0x0000000020003d94        0x4 ./ThirdParty/FreeRTOS/portable/MemMang/heap_4.o
 *(COMMON)
 COMMON         0x0000000020003d98        0xc ./Components/HMI/leds.o
                0x0000000020003d98                QueueHandle_leds_mntr
                0x0000000020003d9c                QueueHandle_leds_cmd
                0x0000000020003da0                TaskHandle_leds
 COMMON         0x0000000020003da4       0x58 ./Core/Src/spi.o
                0x0000000020003da4                hspi1
 COMMON         0x0000000020003dfc       0x48 ./Core/Src/stm32f4xx_hal_timebase_tim.o
                0x0000000020003dfc                htim11
 COMMON         0x0000000020003e44       0xa4 ./Core/Src/usart.o
                0x0000000020003e44                hdma_usart2_rx
                0x0000000020003ea4                huart2
 COMMON         0x0000000020003ee8        0x4 ./Drivers/STM32F4xx_HAL_Driver/Src/stm32f4xx_hal.o
                0x0000000020003ee8                uwTick
 COMMON         0x0000000020003eec       0x40 ./ThirdParty/FreeRTOS/queue.o
                0x0000000020003eec                xQueueRegistry
                0x0000000020003f2c                . = ALIGN (0x4)
                0x0000000020003f2c                _ebss = .
                0x0000000020003f2c                __bss_end__ = _ebss

._user_heap_stack
                0x0000000020003f2c      0x604 load address 0x0000000008005ab8
                0x0000000020003f30                . = ALIGN (0x8)
 *fill*         0x0000000020003f2c        0x4 
                [!provide]                        PROVIDE (end = .)
                0x0000000020003f30                PROVIDE (_end = .)
                0x0000000020004130                . = (. + _Min_Heap_Size)
 *fill*         0x0000000020003f30      0x200 
                0x0000000020004530                . = (. + _Min_Stack_Size)
 *fill*         0x0000000020004130      0x400 
                0x0000000020004530                . = ALIGN (0x8)

/DISCARD/
 libc.a(*)
 libm.a(*)
 libgcc.a(*)

.ARM.attributes
                0x0000000000000000       0x30
 *(.ARM.attributes)
 .ARM.attributes
                0x0000000000000000       0x1e c:/st/stm32cubeide_1.8.0/stm32cubeide/plugins/com.st.stm32cube.ide.mcu.externaltools.gnu-tools-for-stm32.9-2020-q2-update.win32_2.0.0.202105311346/tools/bin/../lib/gcc/arm-none-eabi/9.3.1/thumb/v7e-m+fp/hard/crti.o
 .ARM.attributes
                0x000000000000001e       0x34 c:/st/stm32cubeide_1.8.0/stm32cubeide/plugins/com.st.stm32cube.ide.mcu.externaltools.gnu-tools-for-stm32.9-2020-q2-update.win32_2.0.0.202105311346/tools/bin/../lib/gcc/arm-none-eabi/9.3.1/thumb/v7e-m+fp/hard/crtbegin.o
 .ARM.attributes
                0x0000000000000052       0x34 ./Components/HMI/leds.o
 .ARM.attributes
                0x0000000000000086       0x34 ./Core/Src/dma.o
 .ARM.attributes
                0x00000000000000ba       0x34 ./Core/Src/gpio.o
 .ARM.attributes
                0x00000000000000ee       0x34 ./Core/Src/main.o
 .ARM.attributes
                0x0000000000000122       0x34 ./Core/Src/spi.o
 .ARM.attributes
                0x0000000000000156       0x34 ./Core/Src/stm32f4xx_hal_msp.o
 .ARM.attributes
                0x000000000000018a       0x34 ./Core/Src/stm32f4xx_hal_timebase_tim.o
 .ARM.attributes
                0x00000000000001be       0x34 ./Core/Src/stm32f4xx_it.o
 .ARM.attributes
                0x00000000000001f2       0x34 ./Core/Src/system_stm32f4xx.o
 .ARM.attributes
                0x0000000000000226       0x34 ./Core/Src/usart.o
 .ARM.attributes
                0x000000000000025a       0x21 ./Core/Startup/startup_stm32f446retx.o
 .ARM.attributes
                0x000000000000027b       0x34 ./Drivers/STM32F4xx_HAL_Driver/Src/stm32f4xx_hal.o
 .ARM.attributes
                0x00000000000002af       0x34 ./Drivers/STM32F4xx_HAL_Driver/Src/stm32f4xx_hal_cortex.o
 .ARM.attributes
                0x00000000000002e3       0x34 ./Drivers/STM32F4xx_HAL_Driver/Src/stm32f4xx_hal_dma.o
 .ARM.attributes
                0x0000000000000317       0x34 ./Drivers/STM32F4xx_HAL_Driver/Src/stm32f4xx_hal_gpio.o
 .ARM.attributes
                0x000000000000034b       0x34 ./Drivers/STM32F4xx_HAL_Driver/Src/stm32f4xx_hal_rcc.o
 .ARM.attributes
                0x000000000000037f       0x34 ./Drivers/STM32F4xx_HAL_Driver/Src/stm32f4xx_hal_rcc_ex.o
 .ARM.attributes
                0x00000000000003b3       0x34 ./Drivers/STM32F4xx_HAL_Driver/Src/stm32f4xx_hal_spi.o
 .ARM.attributes
                0x00000000000003e7       0x34 ./Drivers/STM32F4xx_HAL_Driver/Src/stm32f4xx_hal_tim.o
 .ARM.attributes
                0x000000000000041b       0x34 ./Drivers/STM32F4xx_HAL_Driver/Src/stm32f4xx_hal_tim_ex.o
 .ARM.attributes
                0x000000000000044f       0x34 ./Drivers/STM32F4xx_HAL_Driver/Src/stm32f4xx_hal_uart.o
 .ARM.attributes
                0x0000000000000483       0x34 ./ThirdParty/FreeRTOS/list.o
 .ARM.attributes
                0x00000000000004b7       0x34 ./ThirdParty/FreeRTOS/queue.o
 .ARM.attributes
                0x00000000000004eb       0x34 ./ThirdParty/FreeRTOS/tasks.o
 .ARM.attributes
                0x000000000000051f       0x34 ./ThirdParty/FreeRTOS/timers.o
 .ARM.attributes
                0x0000000000000553       0x34 ./ThirdParty/FreeRTOS/portable/GCC/ARM_CM4F/port.o
 .ARM.attributes
                0x0000000000000587       0x34 ./ThirdParty/FreeRTOS/portable/MemMang/heap_4.o
 .ARM.attributes
                0x00000000000005bb       0x34 c:/st/stm32cubeide_1.8.0/stm32cubeide/plugins/com.st.stm32cube.ide.mcu.externaltools.gnu-tools-for-stm32.9-2020-q2-update.win32_2.0.0.202105311346/tools/bin/../lib/gcc/arm-none-eabi/9.3.1/../../../../arm-none-eabi/lib/thumb/v7e-m+fp/hard\libc_nano.a(lib_a-init.o)
 .ARM.attributes
                0x00000000000005ef       0x34 c:/st/stm32cubeide_1.8.0/stm32cubeide/plugins/com.st.stm32cube.ide.mcu.externaltools.gnu-tools-for-stm32.9-2020-q2-update.win32_2.0.0.202105311346/tools/bin/../lib/gcc/arm-none-eabi/9.3.1/../../../../arm-none-eabi/lib/thumb/v7e-m+fp/hard\libc_nano.a(lib_a-memcpy-stub.o)
 .ARM.attributes
                0x0000000000000623       0x34 c:/st/stm32cubeide_1.8.0/stm32cubeide/plugins/com.st.stm32cube.ide.mcu.externaltools.gnu-tools-for-stm32.9-2020-q2-update.win32_2.0.0.202105311346/tools/bin/../lib/gcc/arm-none-eabi/9.3.1/../../../../arm-none-eabi/lib/thumb/v7e-m+fp/hard\libc_nano.a(lib_a-memset.o)
 .ARM.attributes
                0x0000000000000657       0x1e c:/st/stm32cubeide_1.8.0/stm32cubeide/plugins/com.st.stm32cube.ide.mcu.externaltools.gnu-tools-for-stm32.9-2020-q2-update.win32_2.0.0.202105311346/tools/bin/../lib/gcc/arm-none-eabi/9.3.1/thumb/v7e-m+fp/hard\libgcc.a(_aeabi_uldivmod.o)
 .ARM.attributes
                0x0000000000000675       0x34 c:/st/stm32cubeide_1.8.0/stm32cubeide/plugins/com.st.stm32cube.ide.mcu.externaltools.gnu-tools-for-stm32.9-2020-q2-update.win32_2.0.0.202105311346/tools/bin/../lib/gcc/arm-none-eabi/9.3.1/thumb/v7e-m+fp/hard\libgcc.a(_udivmoddi4.o)
 .ARM.attributes
                0x00000000000006a9       0x1e c:/st/stm32cubeide_1.8.0/stm32cubeide/plugins/com.st.stm32cube.ide.mcu.externaltools.gnu-tools-for-stm32.9-2020-q2-update.win32_2.0.0.202105311346/tools/bin/../lib/gcc/arm-none-eabi/9.3.1/thumb/v7e-m+fp/hard\libgcc.a(_dvmd_tls.o)
 .ARM.attributes
                0x00000000000006c7       0x1e c:/st/stm32cubeide_1.8.0/stm32cubeide/plugins/com.st.stm32cube.ide.mcu.externaltools.gnu-tools-for-stm32.9-2020-q2-update.win32_2.0.0.202105311346/tools/bin/../lib/gcc/arm-none-eabi/9.3.1/thumb/v7e-m+fp/hard/crtn.o
OUTPUT(MS1_hmi_446.elf elf32-littlearm)
LOAD linker stubs
LOAD c:/st/stm32cubeide_1.8.0/stm32cubeide/plugins/com.st.stm32cube.ide.mcu.externaltools.gnu-tools-for-stm32.9-2020-q2-update.win32_2.0.0.202105311346/tools/bin/../lib/gcc/arm-none-eabi/9.3.1/../../../../arm-none-eabi/lib/thumb/v7e-m+fp/hard\libc.a
LOAD c:/st/stm32cubeide_1.8.0/stm32cubeide/plugins/com.st.stm32cube.ide.mcu.externaltools.gnu-tools-for-stm32.9-2020-q2-update.win32_2.0.0.202105311346/tools/bin/../lib/gcc/arm-none-eabi/9.3.1/../../../../arm-none-eabi/lib/thumb/v7e-m+fp/hard\libm.a
LOAD c:/st/stm32cubeide_1.8.0/stm32cubeide/plugins/com.st.stm32cube.ide.mcu.externaltools.gnu-tools-for-stm32.9-2020-q2-update.win32_2.0.0.202105311346/tools/bin/../lib/gcc/arm-none-eabi/9.3.1/thumb/v7e-m+fp/hard\libgcc.a

.debug_info     0x0000000000000000    0x19d81
 .debug_info    0x0000000000000000      0x452 ./Components/HMI/leds.o
 .debug_info    0x0000000000000452      0x5f2 ./Core/Src/dma.o
 .debug_info    0x0000000000000a44      0x52d ./Core/Src/gpio.o
 .debug_info    0x0000000000000f71     0x1134 ./Core/Src/main.o
 .debug_info    0x00000000000020a5      0xa92 ./Core/Src/spi.o
 .debug_info    0x0000000000002b37      0x3cc ./Core/Src/stm32f4xx_hal_msp.o
 .debug_info    0x0000000000002f03      0xcc2 ./Core/Src/stm32f4xx_hal_timebase_tim.o
 .debug_info    0x0000000000003bc5      0x7e9 ./Core/Src/stm32f4xx_it.o
 .debug_info    0x00000000000043ae      0x5dc ./Core/Src/system_stm32f4xx.o
 .debug_info    0x000000000000498a      0xa4e ./Core/Src/usart.o
 .debug_info    0x00000000000053d8       0x22 ./Core/Startup/startup_stm32f446retx.o
 .debug_info    0x00000000000053fa      0xa08 ./Drivers/STM32F4xx_HAL_Driver/Src/stm32f4xx_hal.o
 .debug_info    0x0000000000005e02      0xef5 ./Drivers/STM32F4xx_HAL_Driver/Src/stm32f4xx_hal_cortex.o
 .debug_info    0x0000000000006cf7      0x9f1 ./Drivers/STM32F4xx_HAL_Driver/Src/stm32f4xx_hal_dma.o
 .debug_info    0x00000000000076e8      0x892 ./Drivers/STM32F4xx_HAL_Driver/Src/stm32f4xx_hal_gpio.o
 .debug_info    0x0000000000007f7a      0x9db ./Drivers/STM32F4xx_HAL_Driver/Src/stm32f4xx_hal_rcc.o
 .debug_info    0x0000000000008955      0xa86 ./Drivers/STM32F4xx_HAL_Driver/Src/stm32f4xx_hal_rcc_ex.o
 .debug_info    0x00000000000093db     0x17c0 ./Drivers/STM32F4xx_HAL_Driver/Src/stm32f4xx_hal_spi.o
 .debug_info    0x000000000000ab9b     0x2c22 ./Drivers/STM32F4xx_HAL_Driver/Src/stm32f4xx_hal_tim.o
 .debug_info    0x000000000000d7bd     0x15a2 ./Drivers/STM32F4xx_HAL_Driver/Src/stm32f4xx_hal_tim_ex.o
 .debug_info    0x000000000000ed5f     0x31de ./Drivers/STM32F4xx_HAL_Driver/Src/stm32f4xx_hal_uart.o
 .debug_info    0x0000000000011f3d      0xb82 ./ThirdParty/FreeRTOS/list.o
 .debug_info    0x0000000000012abf     0x1fdf ./ThirdParty/FreeRTOS/queue.o
 .debug_info    0x0000000000014a9e     0x2a07 ./ThirdParty/FreeRTOS/tasks.o
 .debug_info    0x00000000000174a5     0x1567 ./ThirdParty/FreeRTOS/timers.o
 .debug_info    0x0000000000018a0c      0x5eb ./ThirdParty/FreeRTOS/portable/GCC/ARM_CM4F/port.o
 .debug_info    0x0000000000018ff7      0xd8a ./ThirdParty/FreeRTOS/portable/MemMang/heap_4.o

.debug_abbrev   0x0000000000000000     0x3882
 .debug_abbrev  0x0000000000000000      0x22d ./Components/HMI/leds.o
 .debug_abbrev  0x000000000000022d      0x11b ./Core/Src/dma.o
 .debug_abbrev  0x0000000000000348      0x14e ./Core/Src/gpio.o
 .debug_abbrev  0x0000000000000496      0x1ff ./Core/Src/main.o
 .debug_abbrev  0x0000000000000695      0x1bb ./Core/Src/spi.o
 .debug_abbrev  0x0000000000000850      0x11d ./Core/Src/stm32f4xx_hal_msp.o
 .debug_abbrev  0x000000000000096d      0x1bf ./Core/Src/stm32f4xx_hal_timebase_tim.o
 .debug_abbrev  0x0000000000000b2c      0x176 ./Core/Src/stm32f4xx_it.o
 .debug_abbrev  0x0000000000000ca2      0x145 ./Core/Src/system_stm32f4xx.o
 .debug_abbrev  0x0000000000000de7      0x1ce ./Core/Src/usart.o
 .debug_abbrev  0x0000000000000fb5       0x12 ./Core/Startup/startup_stm32f446retx.o
 .debug_abbrev  0x0000000000000fc7      0x1ed ./Drivers/STM32F4xx_HAL_Driver/Src/stm32f4xx_hal.o
 .debug_abbrev  0x00000000000011b4      0x33c ./Drivers/STM32F4xx_HAL_Driver/Src/stm32f4xx_hal_cortex.o
 .debug_abbrev  0x00000000000014f0      0x259 ./Drivers/STM32F4xx_HAL_Driver/Src/stm32f4xx_hal_dma.o
 .debug_abbrev  0x0000000000001749      0x1f1 ./Drivers/STM32F4xx_HAL_Driver/Src/stm32f4xx_hal_gpio.o
 .debug_abbrev  0x000000000000193a      0x275 ./Drivers/STM32F4xx_HAL_Driver/Src/stm32f4xx_hal_rcc.o
 .debug_abbrev  0x0000000000001baf      0x1e2 ./Drivers/STM32F4xx_HAL_Driver/Src/stm32f4xx_hal_rcc_ex.o
 .debug_abbrev  0x0000000000001d91      0x26e ./Drivers/STM32F4xx_HAL_Driver/Src/stm32f4xx_hal_spi.o
 .debug_abbrev  0x0000000000001fff      0x25e ./Drivers/STM32F4xx_HAL_Driver/Src/stm32f4xx_hal_tim.o
 .debug_abbrev  0x000000000000225d      0x266 ./Drivers/STM32F4xx_HAL_Driver/Src/stm32f4xx_hal_tim_ex.o
 .debug_abbrev  0x00000000000024c3      0x2eb ./Drivers/STM32F4xx_HAL_Driver/Src/stm32f4xx_hal_uart.o
 .debug_abbrev  0x00000000000027ae      0x1f7 ./ThirdParty/FreeRTOS/list.o
 .debug_abbrev  0x00000000000029a5      0x333 ./ThirdParty/FreeRTOS/queue.o
 .debug_abbrev  0x0000000000002cd8      0x3a9 ./ThirdParty/FreeRTOS/tasks.o
 .debug_abbrev  0x0000000000003081      0x2fd ./ThirdParty/FreeRTOS/timers.o
 .debug_abbrev  0x000000000000337e      0x231 ./ThirdParty/FreeRTOS/portable/GCC/ARM_CM4F/port.o
 .debug_abbrev  0x00000000000035af      0x2d3 ./ThirdParty/FreeRTOS/portable/MemMang/heap_4.o

.debug_aranges  0x0000000000000000     0x1440
 .debug_aranges
                0x0000000000000000       0x30 ./Components/HMI/leds.o
 .debug_aranges
                0x0000000000000030       0x20 ./Core/Src/dma.o
 .debug_aranges
                0x0000000000000050       0x20 ./Core/Src/gpio.o
 .debug_aranges
                0x0000000000000070       0x48 ./Core/Src/main.o
 .debug_aranges
                0x00000000000000b8       0x30 ./Core/Src/spi.o
 .debug_aranges
                0x00000000000000e8       0x20 ./Core/Src/stm32f4xx_hal_msp.o
 .debug_aranges
                0x0000000000000108       0x30 ./Core/Src/stm32f4xx_hal_timebase_tim.o
 .debug_aranges
                0x0000000000000138       0x58 ./Core/Src/stm32f4xx_it.o
 .debug_aranges
                0x0000000000000190       0x28 ./Core/Src/system_stm32f4xx.o
 .debug_aranges
                0x00000000000001b8       0x30 ./Core/Src/usart.o
 .debug_aranges
                0x00000000000001e8       0x28 ./Core/Startup/startup_stm32f446retx.o
 .debug_aranges
                0x0000000000000210       0xf0 ./Drivers/STM32F4xx_HAL_Driver/Src/stm32f4xx_hal.o
 .debug_aranges
                0x0000000000000300      0x118 ./Drivers/STM32F4xx_HAL_Driver/Src/stm32f4xx_hal_cortex.o
 .debug_aranges
                0x0000000000000418       0x90 ./Drivers/STM32F4xx_HAL_Driver/Src/stm32f4xx_hal_dma.o
 .debug_aranges
                0x00000000000004a8       0x58 ./Drivers/STM32F4xx_HAL_Driver/Src/stm32f4xx_hal_gpio.o
 .debug_aranges
                0x0000000000000500       0x88 ./Drivers/STM32F4xx_HAL_Driver/Src/stm32f4xx_hal_rcc.o
 .debug_aranges
                0x0000000000000588       0x78 ./Drivers/STM32F4xx_HAL_Driver/Src/stm32f4xx_hal_rcc_ex.o
 .debug_aranges
                0x0000000000000600      0x1d0 ./Drivers/STM32F4xx_HAL_Driver/Src/stm32f4xx_hal_spi.o
 .debug_aranges
                0x00000000000007d0      0x3d0 ./Drivers/STM32F4xx_HAL_Driver/Src/stm32f4xx_hal_tim.o
 .debug_aranges
                0x0000000000000ba0      0x168 ./Drivers/STM32F4xx_HAL_Driver/Src/stm32f4xx_hal_tim_ex.o
 .debug_aranges
                0x0000000000000d08      0x200 ./Drivers/STM32F4xx_HAL_Driver/Src/stm32f4xx_hal_uart.o
 .debug_aranges
                0x0000000000000f08       0x40 ./ThirdParty/FreeRTOS/list.o
 .debug_aranges
                0x0000000000000f48      0x130 ./ThirdParty/FreeRTOS/queue.o
 .debug_aranges
                0x0000000000001078      0x208 ./ThirdParty/FreeRTOS/tasks.o
 .debug_aranges
                0x0000000000001280       0xd8 ./ThirdParty/FreeRTOS/timers.o
 .debug_aranges
                0x0000000000001358       0x90 ./ThirdParty/FreeRTOS/portable/GCC/ARM_CM4F/port.o
 .debug_aranges
                0x00000000000013e8       0x58 ./ThirdParty/FreeRTOS/portable/MemMang/heap_4.o

.debug_ranges   0x0000000000000000     0x12c8
 .debug_ranges  0x0000000000000000       0x20 ./Components/HMI/leds.o
 .debug_ranges  0x0000000000000020       0x10 ./Core/Src/dma.o
 .debug_ranges  0x0000000000000030       0x10 ./Core/Src/gpio.o
 .debug_ranges  0x0000000000000040       0x38 ./Core/Src/main.o
 .debug_ranges  0x0000000000000078       0x20 ./Core/Src/spi.o
 .debug_ranges  0x0000000000000098       0x10 ./Core/Src/stm32f4xx_hal_msp.o
 .debug_ranges  0x00000000000000a8       0x20 ./Core/Src/stm32f4xx_hal_timebase_tim.o
 .debug_ranges  0x00000000000000c8       0x48 ./Core/Src/stm32f4xx_it.o
 .debug_ranges  0x0000000000000110       0x18 ./Core/Src/system_stm32f4xx.o
 .debug_ranges  0x0000000000000128       0x20 ./Core/Src/usart.o
 .debug_ranges  0x0000000000000148       0x20 ./Core/Startup/startup_stm32f446retx.o
 .debug_ranges  0x0000000000000168       0xe0 ./Drivers/STM32F4xx_HAL_Driver/Src/stm32f4xx_hal.o
 .debug_ranges  0x0000000000000248      0x108 ./Drivers/STM32F4xx_HAL_Driver/Src/stm32f4xx_hal_cortex.o
 .debug_ranges  0x0000000000000350       0x80 ./Drivers/STM32F4xx_HAL_Driver/Src/stm32f4xx_hal_dma.o
 .debug_ranges  0x00000000000003d0       0x48 ./Drivers/STM32F4xx_HAL_Driver/Src/stm32f4xx_hal_gpio.o
 .debug_ranges  0x0000000000000418       0x78 ./Drivers/STM32F4xx_HAL_Driver/Src/stm32f4xx_hal_rcc.o
 .debug_ranges  0x0000000000000490       0x68 ./Drivers/STM32F4xx_HAL_Driver/Src/stm32f4xx_hal_rcc_ex.o
 .debug_ranges  0x00000000000004f8      0x1c0 ./Drivers/STM32F4xx_HAL_Driver/Src/stm32f4xx_hal_spi.o
 .debug_ranges  0x00000000000006b8      0x3c0 ./Drivers/STM32F4xx_HAL_Driver/Src/stm32f4xx_hal_tim.o
 .debug_ranges  0x0000000000000a78      0x158 ./Drivers/STM32F4xx_HAL_Driver/Src/stm32f4xx_hal_tim_ex.o
 .debug_ranges  0x0000000000000bd0      0x220 ./Drivers/STM32F4xx_HAL_Driver/Src/stm32f4xx_hal_uart.o
 .debug_ranges  0x0000000000000df0       0x30 ./ThirdParty/FreeRTOS/list.o
 .debug_ranges  0x0000000000000e20      0x120 ./ThirdParty/FreeRTOS/queue.o
 .debug_ranges  0x0000000000000f40      0x1f8 ./ThirdParty/FreeRTOS/tasks.o
 .debug_ranges  0x0000000000001138       0xc8 ./ThirdParty/FreeRTOS/timers.o
 .debug_ranges  0x0000000000001200       0x80 ./ThirdParty/FreeRTOS/portable/GCC/ARM_CM4F/port.o
 .debug_ranges  0x0000000000001280       0x48 ./ThirdParty/FreeRTOS/portable/MemMang/heap_4.o

.debug_macro    0x0000000000000000     0x39c1
 .debug_macro   0x0000000000000000      0x288 ./Components/HMI/leds.o
 .debug_macro   0x0000000000000288      0x1f1 ./Core/Src/dma.o
 .debug_macro   0x0000000000000479      0x1f1 ./Core/Src/gpio.o
 .debug_macro   0x000000000000066a      0x297 ./Core/Src/main.o
 .debug_macro   0x0000000000000901      0x112 ./Core/Src/main.o
 .debug_macro   0x0000000000000a13      0x527 ./Core/Src/main.o
 .debug_macro   0x0000000000000f3a      0x1f1 ./Core/Src/spi.o
 .debug_macro   0x000000000000112b      0x1e7 ./Core/Src/stm32f4xx_hal_msp.o
 .debug_macro   0x0000000000001312      0x1d8 ./Core/Src/stm32f4xx_hal_timebase_tim.o
 .debug_macro   0x00000000000014ea      0x1f1 ./Core/Src/stm32f4xx_it.o
 .debug_macro   0x00000000000016db      0x1d8 ./Core/Src/system_stm32f4xx.o
 .debug_macro   0x00000000000018b3      0x1f1 ./Core/Src/usart.o
 .debug_macro   0x0000000000001aa4      0x238 ./Drivers/STM32F4xx_HAL_Driver/Src/stm32f4xx_hal.o
 .debug_macro   0x0000000000001cdc      0x1d8 ./Drivers/STM32F4xx_HAL_Driver/Src/stm32f4xx_hal_cortex.o
 .debug_macro   0x0000000000001eb4      0x1de ./Drivers/STM32F4xx_HAL_Driver/Src/stm32f4xx_hal_dma.o
 .debug_macro   0x0000000000002092      0x1de ./Drivers/STM32F4xx_HAL_Driver/Src/stm32f4xx_hal_gpio.o
 .debug_macro   0x0000000000002270      0x1fc ./Drivers/STM32F4xx_HAL_Driver/Src/stm32f4xx_hal_rcc.o
 .debug_macro   0x000000000000246c      0x1d8 ./Drivers/STM32F4xx_HAL_Driver/Src/stm32f4xx_hal_rcc_ex.o
 .debug_macro   0x0000000000002644      0x1e7 ./Drivers/STM32F4xx_HAL_Driver/Src/stm32f4xx_hal_spi.o
 .debug_macro   0x000000000000282b      0x1d9 ./Drivers/STM32F4xx_HAL_Driver/Src/stm32f4xx_hal_tim.o
 .debug_macro   0x0000000000002a04      0x1d8 ./Drivers/STM32F4xx_HAL_Driver/Src/stm32f4xx_hal_tim_ex.o
 .debug_macro   0x0000000000002bdc      0x1d9 ./Drivers/STM32F4xx_HAL_Driver/Src/stm32f4xx_hal_uart.o
 .debug_macro   0x0000000000002db5      0x193 ./ThirdParty/FreeRTOS/list.o
 .debug_macro   0x0000000000002f48      0x21c ./ThirdParty/FreeRTOS/queue.o
 .debug_macro   0x0000000000003164       0x16 ./ThirdParty/FreeRTOS/queue.o
 .debug_macro   0x000000000000317a      0x280 ./ThirdParty/FreeRTOS/tasks.o
 .debug_macro   0x00000000000033fa       0x10 ./ThirdParty/FreeRTOS/tasks.o
 .debug_macro   0x000000000000340a      0x1dc ./ThirdParty/FreeRTOS/timers.o
 .debug_macro   0x00000000000035e6       0x97 ./ThirdParty/FreeRTOS/timers.o
 .debug_macro   0x000000000000367d      0x196 ./ThirdParty/FreeRTOS/portable/GCC/ARM_CM4F/port.o
 .debug_macro   0x0000000000003813      0x1ae ./ThirdParty/FreeRTOS/portable/MemMang/heap_4.o

.debug_line     0x0000000000000000    0x19040
 .debug_line    0x0000000000000000      0xa08 ./Components/HMI/leds.o
 .debug_line    0x0000000000000a08      0x6d9 ./Core/Src/dma.o
 .debug_line    0x00000000000010e1      0x722 ./Core/Src/gpio.o
 .debug_line    0x0000000000001803      0x9a1 ./Core/Src/main.o
 .debug_line    0x00000000000021a4      0x74f ./Core/Src/spi.o
 .debug_line    0x00000000000028f3      0x6dd ./Core/Src/stm32f4xx_hal_msp.o
 .debug_line    0x0000000000002fd0      0x73a ./Core/Src/stm32f4xx_hal_timebase_tim.o
 .debug_line    0x000000000000370a      0x792 ./Core/Src/stm32f4xx_it.o
 .debug_line    0x0000000000003e9c      0x75f ./Core/Src/system_stm32f4xx.o
 .debug_line    0x00000000000045fb      0x76e ./Core/Src/usart.o
 .debug_line    0x0000000000004d69       0x88 ./Core/Startup/startup_stm32f446retx.o
 .debug_line    0x0000000000004df1      0x9c5 ./Drivers/STM32F4xx_HAL_Driver/Src/stm32f4xx_hal.o
 .debug_line    0x00000000000057b6      0xc74 ./Drivers/STM32F4xx_HAL_Driver/Src/stm32f4xx_hal_cortex.o
 .debug_line    0x000000000000642a      0xf2a ./Drivers/STM32F4xx_HAL_Driver/Src/stm32f4xx_hal_dma.o
 .debug_line    0x0000000000007354      0xb27 ./Drivers/STM32F4xx_HAL_Driver/Src/stm32f4xx_hal_gpio.o
 .debug_line    0x0000000000007e7b      0xd4d ./Drivers/STM32F4xx_HAL_Driver/Src/stm32f4xx_hal_rcc.o
 .debug_line    0x0000000000008bc8     0x13d3 ./Drivers/STM32F4xx_HAL_Driver/Src/stm32f4xx_hal_rcc_ex.o
 .debug_line    0x0000000000009f9b     0x1c4d ./Drivers/STM32F4xx_HAL_Driver/Src/stm32f4xx_hal_spi.o
 .debug_line    0x000000000000bbe8     0x36b9 ./Drivers/STM32F4xx_HAL_Driver/Src/stm32f4xx_hal_tim.o
 .debug_line    0x000000000000f2a1     0x19c2 ./Drivers/STM32F4xx_HAL_Driver/Src/stm32f4xx_hal_tim_ex.o
 .debug_line    0x0000000000010c63     0x2a4c ./Drivers/STM32F4xx_HAL_Driver/Src/stm32f4xx_hal_uart.o
 .debug_line    0x00000000000136af      0x74b ./ThirdParty/FreeRTOS/list.o
 .debug_line    0x0000000000013dfa     0x15f4 ./ThirdParty/FreeRTOS/queue.o
 .debug_line    0x00000000000153ee     0x1d01 ./ThirdParty/FreeRTOS/tasks.o
 .debug_line    0x00000000000170ef      0xca7 ./ThirdParty/FreeRTOS/timers.o
 .debug_line    0x0000000000017d96      0x914 ./ThirdParty/FreeRTOS/portable/GCC/ARM_CM4F/port.o
 .debug_line    0x00000000000186aa      0x996 ./ThirdParty/FreeRTOS/portable/MemMang/heap_4.o

.debug_str      0x0000000000000000    0xdad2a
 .debug_str     0x0000000000000000    0xcfddc ./Components/HMI/leds.o
                                      0xd00c2 (size before relaxing)
 .debug_str     0x00000000000cfddc      0x64e ./Core/Src/dma.o
                                      0xcb06b (size before relaxing)
 .debug_str     0x00000000000d042a       0x56 ./Core/Src/gpio.o
                                      0xcabdc (size before relaxing)
 .debug_str     0x00000000000d0480      0xa22 ./Core/Src/main.o
                                      0xd0353 (size before relaxing)
 .debug_str     0x00000000000d0ea2       0x4b ./Core/Src/spi.o
                                      0xcb039 (size before relaxing)
 .debug_str     0x00000000000d0eed       0x2c ./Core/Src/stm32f4xx_hal_msp.o
                                      0xcab3f (size before relaxing)
 .debug_str     0x00000000000d0f19       0xab ./Core/Src/stm32f4xx_hal_timebase_tim.o
                                      0xcb13d (size before relaxing)
 .debug_str     0x00000000000d0fc4       0xd7 ./Core/Src/stm32f4xx_it.o
                                      0xcafea (size before relaxing)
 .debug_str     0x00000000000d109b       0xaf ./Core/Src/system_stm32f4xx.o
                                      0xca66e (size before relaxing)
 .debug_str     0x00000000000d114a       0x57 ./Core/Src/usart.o
                                      0xcb050 (size before relaxing)
 .debug_str     0x00000000000d11a1       0x36 ./Core/Startup/startup_stm32f446retx.o
                                         0x7b (size before relaxing)
 .debug_str     0x00000000000d11d7      0x538 ./Drivers/STM32F4xx_HAL_Driver/Src/stm32f4xx_hal.o
                                      0xcb191 (size before relaxing)
 .debug_str     0x00000000000d170f      0x392 ./Drivers/STM32F4xx_HAL_Driver/Src/stm32f4xx_hal_cortex.o
                                      0xcaf5b (size before relaxing)
 .debug_str     0x00000000000d1aa1      0x315 ./Drivers/STM32F4xx_HAL_Driver/Src/stm32f4xx_hal_dma.o
                                      0xcaa73 (size before relaxing)
 .debug_str     0x00000000000d1db6      0x13f ./Drivers/STM32F4xx_HAL_Driver/Src/stm32f4xx_hal_gpio.o
                                      0xca815 (size before relaxing)
 .debug_str     0x00000000000d1ef5      0x24f ./Drivers/STM32F4xx_HAL_Driver/Src/stm32f4xx_hal_rcc.o
                                      0xcaa75 (size before relaxing)
 .debug_str     0x00000000000d2144      0x324 ./Drivers/STM32F4xx_HAL_Driver/Src/stm32f4xx_hal_rcc_ex.o
                                      0xcaad2 (size before relaxing)
 .debug_str     0x00000000000d2468      0x57f ./Drivers/STM32F4xx_HAL_Driver/Src/stm32f4xx_hal_spi.o
                                      0xcaeed (size before relaxing)
 .debug_str     0x00000000000d29e7      0xe3c ./Drivers/STM32F4xx_HAL_Driver/Src/stm32f4xx_hal_tim.o
                                      0xcb978 (size before relaxing)
 .debug_str     0x00000000000d3823      0x538 ./Drivers/STM32F4xx_HAL_Driver/Src/stm32f4xx_hal_tim_ex.o
                                      0xcb129 (size before relaxing)
 .debug_str     0x00000000000d3d5b      0x5dd ./Drivers/STM32F4xx_HAL_Driver/Src/stm32f4xx_hal_uart.o
                                      0xcafd1 (size before relaxing)
 .debug_str     0x00000000000d4338     0x3385 ./ThirdParty/FreeRTOS/list.o
                                       0xaec2 (size before relaxing)
 .debug_str     0x00000000000d76bd      0x91f ./ThirdParty/FreeRTOS/queue.o
                                       0xd18a (size before relaxing)
 .debug_str     0x00000000000d7fdc     0x1d08 ./ThirdParty/FreeRTOS/tasks.o
                                       0xdfda (size before relaxing)
 .debug_str     0x00000000000d9ce4      0x51d ./ThirdParty/FreeRTOS/timers.o
                                       0xd56a (size before relaxing)
 .debug_str     0x00000000000da201      0x802 ./ThirdParty/FreeRTOS/portable/GCC/ARM_CM4F/port.o
                                       0x95ae (size before relaxing)
 .debug_str     0x00000000000daa03      0x327 ./ThirdParty/FreeRTOS/portable/MemMang/heap_4.o
                                       0xc33c (size before relaxing)

.comment        0x0000000000000000       0x53
 .comment       0x0000000000000000       0x53 ./Components/HMI/leds.o
                                         0x54 (size before relaxing)
 .comment       0x0000000000000053       0x54 ./Core/Src/dma.o
 .comment       0x0000000000000053       0x54 ./Core/Src/gpio.o
 .comment       0x0000000000000053       0x54 ./Core/Src/main.o
 .comment       0x0000000000000053       0x54 ./Core/Src/spi.o
 .comment       0x0000000000000053       0x54 ./Core/Src/stm32f4xx_hal_msp.o
 .comment       0x0000000000000053       0x54 ./Core/Src/stm32f4xx_hal_timebase_tim.o
 .comment       0x0000000000000053       0x54 ./Core/Src/stm32f4xx_it.o
 .comment       0x0000000000000053       0x54 ./Core/Src/system_stm32f4xx.o
 .comment       0x0000000000000053       0x54 ./Core/Src/usart.o
 .comment       0x0000000000000053       0x54 ./Drivers/STM32F4xx_HAL_Driver/Src/stm32f4xx_hal.o
 .comment       0x0000000000000053       0x54 ./Drivers/STM32F4xx_HAL_Driver/Src/stm32f4xx_hal_cortex.o
 .comment       0x0000000000000053       0x54 ./Drivers/STM32F4xx_HAL_Driver/Src/stm32f4xx_hal_dma.o
 .comment       0x0000000000000053       0x54 ./Drivers/STM32F4xx_HAL_Driver/Src/stm32f4xx_hal_gpio.o
 .comment       0x0000000000000053       0x54 ./Drivers/STM32F4xx_HAL_Driver/Src/stm32f4xx_hal_rcc.o
 .comment       0x0000000000000053       0x54 ./Drivers/STM32F4xx_HAL_Driver/Src/stm32f4xx_hal_rcc_ex.o
 .comment       0x0000000000000053       0x54 ./Drivers/STM32F4xx_HAL_Driver/Src/stm32f4xx_hal_spi.o
 .comment       0x0000000000000053       0x54 ./Drivers/STM32F4xx_HAL_Driver/Src/stm32f4xx_hal_tim.o
 .comment       0x0000000000000053       0x54 ./Drivers/STM32F4xx_HAL_Driver/Src/stm32f4xx_hal_tim_ex.o
 .comment       0x0000000000000053       0x54 ./Drivers/STM32F4xx_HAL_Driver/Src/stm32f4xx_hal_uart.o
 .comment       0x0000000000000053       0x54 ./ThirdParty/FreeRTOS/list.o
 .comment       0x0000000000000053       0x54 ./ThirdParty/FreeRTOS/queue.o
 .comment       0x0000000000000053       0x54 ./ThirdParty/FreeRTOS/tasks.o
 .comment       0x0000000000000053       0x54 ./ThirdParty/FreeRTOS/timers.o
 .comment       0x0000000000000053       0x54 ./ThirdParty/FreeRTOS/portable/GCC/ARM_CM4F/port.o
 .comment       0x0000000000000053       0x54 ./ThirdParty/FreeRTOS/portable/MemMang/heap_4.o

.debug_frame    0x0000000000000000     0x53c0
 .debug_frame   0x0000000000000000       0x7c ./Components/HMI/leds.o
 .debug_frame   0x000000000000007c       0x34 ./Core/Src/dma.o
 .debug_frame   0x00000000000000b0       0x34 ./Core/Src/gpio.o
 .debug_frame   0x00000000000000e4       0xd4 ./Core/Src/main.o
 .debug_frame   0x00000000000001b8       0x74 ./Core/Src/spi.o
 .debug_frame   0x000000000000022c       0x38 ./Core/Src/stm32f4xx_hal_msp.o
 .debug_frame   0x0000000000000264       0x74 ./Core/Src/stm32f4xx_hal_timebase_tim.o
 .debug_frame   0x00000000000002d8       0xe0 ./Core/Src/stm32f4xx_it.o
 .debug_frame   0x00000000000003b8       0x58 ./Core/Src/system_stm32f4xx.o
 .debug_frame   0x0000000000000410       0x74 ./Core/Src/usart.o
 .debug_frame   0x0000000000000484      0x374 ./Drivers/STM32F4xx_HAL_Driver/Src/stm32f4xx_hal.o
 .debug_frame   0x00000000000007f8      0x498 ./Drivers/STM32F4xx_HAL_Driver/Src/stm32f4xx_hal_cortex.o
 .debug_frame   0x0000000000000c90      0x250 ./Drivers/STM32F4xx_HAL_Driver/Src/stm32f4xx_hal_dma.o
 .debug_frame   0x0000000000000ee0      0x14c ./Drivers/STM32F4xx_HAL_Driver/Src/stm32f4xx_hal_gpio.o
 .debug_frame   0x000000000000102c      0x1f0 ./Drivers/STM32F4xx_HAL_Driver/Src/stm32f4xx_hal_rcc.o
 .debug_frame   0x000000000000121c      0x1e8 ./Drivers/STM32F4xx_HAL_Driver/Src/stm32f4xx_hal_rcc_ex.o
 .debug_frame   0x0000000000001404      0x824 ./Drivers/STM32F4xx_HAL_Driver/Src/stm32f4xx_hal_spi.o
 .debug_frame   0x0000000000001c28     0x11c4 ./Drivers/STM32F4xx_HAL_Driver/Src/stm32f4xx_hal_tim.o
 .debug_frame   0x0000000000002dec      0x638 ./Drivers/STM32F4xx_HAL_Driver/Src/stm32f4xx_hal_tim_ex.o
 .debug_frame   0x0000000000003424      0x92c ./Drivers/STM32F4xx_HAL_Driver/Src/stm32f4xx_hal_uart.o
 .debug_frame   0x0000000000003d50       0xd8 ./ThirdParty/FreeRTOS/list.o
 .debug_frame   0x0000000000003e28      0x534 ./ThirdParty/FreeRTOS/queue.o
 .debug_frame   0x000000000000435c      0x8e4 ./ThirdParty/FreeRTOS/tasks.o
 .debug_frame   0x0000000000004c40      0x38c ./ThirdParty/FreeRTOS/timers.o
 .debug_frame   0x0000000000004fcc      0x1f4 ./ThirdParty/FreeRTOS/portable/GCC/ARM_CM4F/port.o
 .debug_frame   0x00000000000051c0      0x12c ./ThirdParty/FreeRTOS/portable/MemMang/heap_4.o
 .debug_frame   0x00000000000052ec       0x2c c:/st/stm32cubeide_1.8.0/stm32cubeide/plugins/com.st.stm32cube.ide.mcu.externaltools.gnu-tools-for-stm32.9-2020-q2-update.win32_2.0.0.202105311346/tools/bin/../lib/gcc/arm-none-eabi/9.3.1/../../../../arm-none-eabi/lib/thumb/v7e-m+fp/hard\libc_nano.a(lib_a-init.o)
 .debug_frame   0x0000000000005318       0x28 c:/st/stm32cubeide_1.8.0/stm32cubeide/plugins/com.st.stm32cube.ide.mcu.externaltools.gnu-tools-for-stm32.9-2020-q2-update.win32_2.0.0.202105311346/tools/bin/../lib/gcc/arm-none-eabi/9.3.1/../../../../arm-none-eabi/lib/thumb/v7e-m+fp/hard\libc_nano.a(lib_a-memcpy-stub.o)
 .debug_frame   0x0000000000005340       0x20 c:/st/stm32cubeide_1.8.0/stm32cubeide/plugins/com.st.stm32cube.ide.mcu.externaltools.gnu-tools-for-stm32.9-2020-q2-update.win32_2.0.0.202105311346/tools/bin/../lib/gcc/arm-none-eabi/9.3.1/../../../../arm-none-eabi/lib/thumb/v7e-m+fp/hard\libc_nano.a(lib_a-memset.o)
 .debug_frame   0x0000000000005360       0x2c c:/st/stm32cubeide_1.8.0/stm32cubeide/plugins/com.st.stm32cube.ide.mcu.externaltools.gnu-tools-for-stm32.9-2020-q2-update.win32_2.0.0.202105311346/tools/bin/../lib/gcc/arm-none-eabi/9.3.1/thumb/v7e-m+fp/hard\libgcc.a(_aeabi_uldivmod.o)
 .debug_frame   0x000000000000538c       0x34 c:/st/stm32cubeide_1.8.0/stm32cubeide/plugins/com.st.stm32cube.ide.mcu.externaltools.gnu-tools-for-stm32.9-2020-q2-update.win32_2.0.0.202105311346/tools/bin/../lib/gcc/arm-none-eabi/9.3.1/thumb/v7e-m+fp/hard\libgcc.a(_udivmoddi4.o)
