stm32f4xx_it.c:72:6:NMI_Handler	4	static
stm32f4xx_it.c:87:6:HardFault_Handler	4	static
stm32f4xx_it.c:102:6:MemManage_Handler	4	static
stm32f4xx_it.c:117:6:BusFault_Handler	4	static
stm32f4xx_it.c:132:6:UsageFault_Handler	4	static
stm32f4xx_it.c:147:6:DebugMon_Handler	4	static
stm32f4xx_it.c:167:6:EXTI4_IRQHandler	8	static
stm32f4xx_it.c:181:6:EXTI9_5_IRQHandler	8	static
stm32f4xx_it.c:197:6:TIM1_TRG_COM_TIM11_IRQHandler	8	static
stm32f4xx_it.c:211:6:USART2_IRQHandler	8	static
stm32f4xx_it.c:225:6:USART3_IRQHandler	8	static
